Archive member included to satisfy reference by file (symbol)

/home/fdl/Desktop/llvm_build_source/urai-rt-lib/gcc/bins/bin/../lib/gcc/arm-none-eabi/7.3.1/../../../../arm-none-eabi/lib/thumb/v8-m.main/fpv5-sp/hard/libc_nano.a(lib_a-aeabi_memclr.o)
                              Build/Objects/syringe_NonSecure--cceinstrumented.o (__aeabi_memclr)
/home/fdl/Desktop/llvm_build_source/urai-rt-lib/gcc/bins/bin/../lib/gcc/arm-none-eabi/7.3.1/../../../../arm-none-eabi/lib/thumb/v8-m.main/fpv5-sp/hard/libc_nano.a(lib_a-aeabi_memcpy.o)
                              Build/Objects/syringe_NonSecure--cceinstrumented.o (__aeabi_memcpy)
/home/fdl/Desktop/llvm_build_source/urai-rt-lib/gcc/bins/bin/../lib/gcc/arm-none-eabi/7.3.1/../../../../arm-none-eabi/lib/thumb/v8-m.main/fpv5-sp/hard/libc_nano.a(lib_a-aeabi_memset-soft.o)
                              /home/fdl/Desktop/llvm_build_source/urai-rt-lib/gcc/bins/bin/../lib/gcc/arm-none-eabi/7.3.1/../../../../arm-none-eabi/lib/thumb/v8-m.main/fpv5-sp/hard/libc_nano.a(lib_a-aeabi_memclr.o) (__aeabi_memset)
/home/fdl/Desktop/llvm_build_source/urai-rt-lib/gcc/bins/bin/../lib/gcc/arm-none-eabi/7.3.1/../../../../arm-none-eabi/lib/thumb/v8-m.main/fpv5-sp/hard/libc_nano.a(lib_a-atoi.o)
                              Build/Objects/syringe_NonSecure--cceinstrumented.o (atoi)
/home/fdl/Desktop/llvm_build_source/urai-rt-lib/gcc/bins/bin/../lib/gcc/arm-none-eabi/7.3.1/../../../../arm-none-eabi/lib/thumb/v8-m.main/fpv5-sp/hard/libc_nano.a(lib_a-errno.o)
                              Build/Objects/syringe_NonSecure--cceinstrumented.o (__errno)
/home/fdl/Desktop/llvm_build_source/urai-rt-lib/gcc/bins/bin/../lib/gcc/arm-none-eabi/7.3.1/../../../../arm-none-eabi/lib/thumb/v8-m.main/fpv5-sp/hard/libc_nano.a(lib_a-exit.o)
                              /home/fdl/Desktop/llvm_build_source/urai-rt-lib/gcc/bins/bin/../lib/gcc/arm-none-eabi/7.3.1/../../../../arm-none-eabi/lib/thumb/v8-m.main/fpv5-sp/hard/crt0.o (exit)
/home/fdl/Desktop/llvm_build_source/urai-rt-lib/gcc/bins/bin/../lib/gcc/arm-none-eabi/7.3.1/../../../../arm-none-eabi/lib/thumb/v8-m.main/fpv5-sp/hard/libc_nano.a(lib_a-getchar.o)
                              Build/Objects/syringe_NonSecure--cceinstrumented.o (getchar)
/home/fdl/Desktop/llvm_build_source/urai-rt-lib/gcc/bins/bin/../lib/gcc/arm-none-eabi/7.3.1/../../../../arm-none-eabi/lib/thumb/v8-m.main/fpv5-sp/hard/libc_nano.a(lib_a-impure.o)
                              /home/fdl/Desktop/llvm_build_source/urai-rt-lib/gcc/bins/bin/../lib/gcc/arm-none-eabi/7.3.1/../../../../arm-none-eabi/lib/thumb/v8-m.main/fpv5-sp/hard/libc_nano.a(lib_a-exit.o) (_global_impure_ptr)
/home/fdl/Desktop/llvm_build_source/urai-rt-lib/gcc/bins/bin/../lib/gcc/arm-none-eabi/7.3.1/../../../../arm-none-eabi/lib/thumb/v8-m.main/fpv5-sp/hard/libc_nano.a(lib_a-init.o)
                              /home/fdl/Desktop/llvm_build_source/urai-rt-lib/gcc/bins/bin/../lib/gcc/arm-none-eabi/7.3.1/../../../../arm-none-eabi/lib/thumb/v8-m.main/fpv5-sp/hard/crt0.o (__libc_init_array)
/home/fdl/Desktop/llvm_build_source/urai-rt-lib/gcc/bins/bin/../lib/gcc/arm-none-eabi/7.3.1/../../../../arm-none-eabi/lib/thumb/v8-m.main/fpv5-sp/hard/libc_nano.a(lib_a-memcpy-stub.o)
                              /home/fdl/Desktop/llvm_build_source/urai-rt-lib/gcc/bins/bin/../lib/gcc/arm-none-eabi/7.3.1/../../../../arm-none-eabi/lib/thumb/v8-m.main/fpv5-sp/hard/libc_nano.a(lib_a-aeabi_memcpy.o) (memcpy)
/home/fdl/Desktop/llvm_build_source/urai-rt-lib/gcc/bins/bin/../lib/gcc/arm-none-eabi/7.3.1/../../../../arm-none-eabi/lib/thumb/v8-m.main/fpv5-sp/hard/libc_nano.a(lib_a-memset.o)
                              /home/fdl/Desktop/llvm_build_source/urai-rt-lib/gcc/bins/bin/../lib/gcc/arm-none-eabi/7.3.1/../../../../arm-none-eabi/lib/thumb/v8-m.main/fpv5-sp/hard/crt0.o (memset)
/home/fdl/Desktop/llvm_build_source/urai-rt-lib/gcc/bins/bin/../lib/gcc/arm-none-eabi/7.3.1/../../../../arm-none-eabi/lib/thumb/v8-m.main/fpv5-sp/hard/libc_nano.a(lib_a-nano-vfprintf_float.o)
                              (_printf_float)
/home/fdl/Desktop/llvm_build_source/urai-rt-lib/gcc/bins/bin/../lib/gcc/arm-none-eabi/7.3.1/../../../../arm-none-eabi/lib/thumb/v8-m.main/fpv5-sp/hard/libc_nano.a(lib_a-nano-vfprintf_i.o)
                              /home/fdl/Desktop/llvm_build_source/urai-rt-lib/gcc/bins/bin/../lib/gcc/arm-none-eabi/7.3.1/../../../../arm-none-eabi/lib/thumb/v8-m.main/fpv5-sp/hard/libc_nano.a(lib_a-nano-vfprintf_float.o) (_printf_common)
/home/fdl/Desktop/llvm_build_source/urai-rt-lib/gcc/bins/bin/../lib/gcc/arm-none-eabi/7.3.1/../../../../arm-none-eabi/lib/thumb/v8-m.main/fpv5-sp/hard/libc_nano.a(lib_a-printf.o)
                              Build/Objects/syringe_NonSecure--cceinstrumented.o (printf)
/home/fdl/Desktop/llvm_build_source/urai-rt-lib/gcc/bins/bin/../lib/gcc/arm-none-eabi/7.3.1/../../../../arm-none-eabi/lib/thumb/v8-m.main/fpv5-sp/hard/libc_nano.a(lib_a-scanf.o)
[...]
Memory Configuration

Name             Origin             Length             Attributes
RAM              0x0000000020018000 0x0000000000018000 xrw
ROM              0x0000000008040000 0x0000000000040000 xr
*default*        0x0000000000000000 0xffffffffffffffff

Linker script and memory map

LOAD /home/fdl/Desktop/llvm_build_source/urai-rt-lib/gcc/bins/bin/../lib/gcc/arm-none-eabi/7.3.1/thumb/v8-m.main/fpv5-sp/hard/crti.o
LOAD /home/fdl/Desktop/llvm_build_source/urai-rt-lib/gcc/bins/bin/../lib/gcc/arm-none-eabi/7.3.1/thumb/v8-m.main/fpv5-sp/hard/crtbegin.o
LOAD /home/fdl/Desktop/llvm_build_source/urai-rt-lib/gcc/bins/bin/../lib/gcc/arm-none-eabi/7.3.1/../../../../arm-none-eabi/lib/thumb/v8-m.main/fpv5-sp/hard/crt0.o
LOAD Build/Objects/startup_stm32l562qeixq.o
LOAD Build/Objects/syringe_NonSecure--cceinstrumented.o
LOAD ../Secure/Debug/secure_nsclib.o
START GROUP
LOAD /home/fdl/Desktop/llvm_build_source/urai-rt-lib/gcc/bins/bin/../lib/gcc/arm-none-eabi/7.3.1/../../../../arm-none-eabi/lib/thumb/v8-m.main/fpv5-sp/hard/libc_nano.a
LOAD /home/fdl/Desktop/llvm_build_source/urai-rt-lib/gcc/bins/bin/../lib/gcc/arm-none-eabi/7.3.1/../../../../arm-none-eabi/lib/thumb/v8-m.main/fpv5-sp/hard/libm.a
END GROUP
START GROUP
LOAD /home/fdl/Desktop/llvm_build_source/urai-rt-lib/gcc/bins/bin/../lib/gcc/arm-none-eabi/7.3.1/thumb/v8-m.main/fpv5-sp/hard/libgcc.a
LOAD /home/fdl/Desktop/llvm_build_source/urai-rt-lib/gcc/bins/bin/../lib/gcc/arm-none-eabi/7.3.1/../../../../arm-none-eabi/lib/thumb/v8-m.main/fpv5-sp/hard/libc_nano.a
END GROUP
START GROUP
LOAD /home/fdl/Desktop/llvm_build_source/urai-rt-lib/gcc/bins/bin/../lib/gcc/arm-none-eabi/7.3.1/thumb/v8-m.main/fpv5-sp/hard/libgcc.a
LOAD /home/fdl/Desktop/llvm_build_source/urai-rt-lib/gcc/bins/bin/../lib/gcc/arm-none-eabi/7.3.1/../../../../arm-none-eabi/lib/thumb/v8-m.main/fpv5-sp/hard/libc_nano.a
LOAD /home/fdl/Desktop/llvm_build_source/urai-rt-lib/gcc/bins/bin/../lib/gcc/arm-none-eabi/7.3.1/../../../../arm-none-eabi/lib/thumb/v8-m.main/fpv5-sp/hard/libnosys.a
END GROUP
START GROUP
LOAD /home/fdl/Desktop/llvm_build_source/urai-rt-lib/gcc/bins/bin/../lib/gcc/arm-none-eabi/7.3.1/thumb/v8-m.main/fpv5-sp/hard/libgcc.a
LOAD /home/fdl/Desktop/llvm_build_source/urai-rt-lib/gcc/bins/bin/../lib/gcc/arm-none-eabi/7.3.1/../../../../arm-none-eabi/lib/thumb/v8-m.main/fpv5-sp/hard/libc_nano.a
LOAD /home/fdl/Desktop/llvm_build_source/urai-rt-lib/gcc/bins/bin/../lib/gcc/arm-none-eabi/7.3.1/../../../../arm-none-eabi/lib/thumb/v8-m.main/fpv5-sp/hard/libnosys.a
END GROUP
LOAD /home/fdl/Desktop/llvm_build_source/urai-rt-lib/gcc/bins/bin/../lib/gcc/arm-none-eabi/7.3.1/thumb/v8-m.main/fpv5-sp/hard/crtend.o
LOAD /home/fdl/Desktop/llvm_build_source/urai-rt-lib/gcc/bins/bin/../lib/gcc/arm-none-eabi/7.3.1/thumb/v8-m.main/fpv5-sp/hard/crtn.o
                0x0000000020030000                _estack = (ORIGIN (RAM) + LENGTH (RAM))
                0x0000000000000200                _Min_Heap_Size = 0x200
                0x0000000000000400                _Min_Stack_Size = 0x400

.isr_vector     0x0000000008040000      0x1f4
                0x0000000008040000                . = ALIGN (0x4)
 *(.isr_vector)
 .isr_vector    0x0000000008040000      0x1f4 Build/Objects/startup_stm32l562qeixq.o
                0x0000000008040000                g_pfnVectors
                0x00000000080401f4                . = ALIGN (0x4)

.text           0x00000000080401f8    0x17740
                0x00000000080401f8                . = ALIGN (0x4)
 *(.text)
 .text          0x00000000080401f8       0x40 /home/fdl/Desktop/llvm_build_source/urai-rt-lib/gcc/bins/bin/../lib/gcc/arm-none-eabi/7.3.1/thumb/v8-m.main/fpv5-sp/hard/crtbegin.o
 .text          0x0000000008040238    0x1323a Build/Objects/syringe_NonSecure--cceinstrumented.o
                0x0000000008040238                HAL_Init
                0x000000000804026e                HAL_InitTick
                0x00000000080402f8                HAL_DeInit
                0x0000000008040370                HAL_MspDeInit
                0x0000000008040372                HAL_IncTick
                0x000000000804038c                HAL_GetTick
                0x0000000008040398                HAL_GetTickPrio
                0x00000000080403a4                HAL_SetTickFreq
                0x0000000008040410                HAL_GetTickFreq
                0x000000000804041c                HAL_Delay
                0x0000000008040460                HAL_SuspendTick
                0x0000000008040472                HAL_ResumeTick
                0x0000000008040484                HAL_GetHalVersion
                0x000000000804048e                HAL_GetREVID
                0x000000000804049c                HAL_GetDEVID
                0x00000000080404ac                HAL_GetUIDw0
                0x00000000080404b8                HAL_GetUIDw1
                0x00000000080404c4                HAL_GetUIDw2
                0x00000000080404d0                HAL_DBGMCU_EnableDBGStopMode
                0x00000000080404e2                HAL_DBGMCU_DisableDBGStopMode
                0x00000000080404f4                HAL_DBGMCU_EnableDBGStandbyMode
                0x0000000008040506                HAL_DBGMCU_DisableDBGStandbyMode
                0x0000000008040518                HAL_SYSCFG_SRAM2Erase
                0x0000000008040536                HAL_SYSCFG_VREFBUF_VoltageScalingConfig
                0x0000000008040586                HAL_SYSCFG_VREFBUF_TrimmingConfig
                0x00000000080405a2                HAL_SYSCFG_VREFBUF_HighImpedanceConfig
                0x00000000080405be                HAL_SYSCFG_EnableVREFBUF
                0x0000000008040616                HAL_SYSCFG_DisableVREFBUF
                0x0000000008040628                HAL_SYSCFG_EnableIOAnalogBooster
                0x000000000804063a                HAL_SYSCFG_DisableIOAnalogBooster
                0x000000000804064a                HAL_SYSCFG_EnableIOAnalogSwitchVdd
                0x000000000804065c                HAL_SYSCFG_DisableIOAnalogSwitchVdd
                0x000000000804066c                HAL_SYSCFG_Lock
                0x0000000008040680                HAL_SYSCFG_GetLock
                0x00000000080406b2                HAL_NVIC_SetPriorityGrouping
                0x0000000008040700                HAL_NVIC_SetPriority
                0x00000000080407e2                HAL_NVIC_EnableIRQ
                0x000000000804082a                HAL_NVIC_DisableIRQ
                0x000000000804087a                HAL_NVIC_SystemReset
                0x00000000080408a8                HAL_SYSTICK_Config
                0x000000000804090e                HAL_NVIC_GetPriorityGrouping
                0x0000000008040918                HAL_NVIC_GetPriority
                0x00000000080409ec                HAL_NVIC_SetPendingIRQ
                0x0000000008040a34                HAL_NVIC_GetPendingIRQ
                0x0000000008040a8a                HAL_NVIC_ClearPendingIRQ
                0x0000000008040ad2                HAL_NVIC_GetActive
                0x0000000008040b28                HAL_SYSTICK_CLKSourceConfig
                0x0000000008040b5c                HAL_SYSTICK_IRQHandler
                0x0000000008040b66                HAL_SYSTICK_Callback
                0x0000000008040b68                HAL_DMA_Init
                0x0000000008040d74                HAL_DMA_DeInit
                0x0000000008040eae                HAL_DMA_Start
                0x0000000008040fba                HAL_DMA_Start_IT
                0x00000000080410b8                HAL_DMA_Abort
                0x000000000804116a                HAL_DMA_Abort_IT
                0x000000000804121c                HAL_DMA_PollForTransfer
                0x00000000080413ee                HAL_DMA_IRQHandler
                0x00000000080415e4                HAL_DMA_RegisterCallback
                0x0000000008041694                HAL_DMA_UnRegisterCallback
                0x0000000008041760                HAL_DMA_GetState
                0x000000000804176e                HAL_DMA_GetError
                0x000000000804177a                HAL_DMA_ConfigChannelAttributes
                0x00000000080417ec                HAL_DMA_GetConfigChannelAttributes
                0x0000000008041838                HAL_DMAEx_MultiBufferStart
                0x0000000008041970                HAL_DMAEx_MultiBufferStart_IT
                0x0000000008041ad0                HAL_DMAEx_ChangeMemory
                0x0000000008041afc                HAL_DMAEx_ConfigMuxSync
                0x0000000008041b8c                HAL_DMAEx_ConfigMuxRequestGenerator
                0x0000000008041c08                HAL_DMAEx_EnableMuxRequestGenerator
                0x0000000008041c42                HAL_DMAEx_DisableMuxRequestGenerator
                0x0000000008041c7c                HAL_DMAEx_MUX_IRQHandler
                0x0000000008041d12                HAL_EXTI_SetConfigLine
                0x0000000008041ebc                HAL_EXTI_GetConfigLine
                0x000000000804201e                HAL_EXTI_ClearConfigLine
                0x0000000008042130                HAL_EXTI_RegisterCallback
                0x0000000008042182                HAL_EXTI_GetHandle
                0x00000000080421ac                HAL_EXTI_IRQHandler
                0x0000000008042242                HAL_EXTI_GetPending
                0x00000000080422a6                HAL_EXTI_ClearPending
                0x00000000080422fc                HAL_EXTI_GenerateSWI
                0x0000000008042334                HAL_EXTI_ConfigLineAttributes
                0x00000000080423a8                HAL_EXTI_GetConfigLineAttributes
                0x0000000008042418                HAL_FLASH_Program
                0x00000000080424d2                FLASH_WaitForLastOperation
                0x00000000080425ba                HAL_FLASH_Program_IT
                0x0000000008042666                HAL_FLASH_IRQHandler
                0x00000000080427be                HAL_FLASH_OperationErrorCallback
                0x00000000080427c6                HAL_FLASH_EndOfOperationCallback
                0x00000000080427ce                HAL_FLASH_Unlock
                0x0000000008042824                HAL_FLASH_Lock
                0x0000000008042854                HAL_FLASH_OB_Unlock
                0x00000000080428b0                HAL_FLASH_OB_Lock
                0x00000000080428e4                HAL_FLASH_OB_Launch
                0x00000000080428f8                HAL_FLASH_GetError
                0x0000000008042904                HAL_FLASHEx_Erase
                0x0000000008042a96                FLASH_PageErase
                0x0000000008042b0c                HAL_FLASHEx_Erase_IT
                0x0000000008042be6                HAL_FLASHEx_OBProgram
                0x0000000008043020                HAL_FLASHEx_OBGetConfig
                0x00000000080431f6                HAL_FLASHEx_ConfigPrivMode
                0x0000000008043212                HAL_FLASHEx_GetPrivMode
                0x0000000008043222                HAL_FLASHEx_ConfigLVEPin
                0x00000000080432e8                HAL_FLASHEx_GetLVEPin
                0x00000000080432f8                HAL_GPIO_Init
                0x000000000804364e                HAL_GPIO_DeInit
                0x0000000008043836                HAL_GPIO_ReadPin
                0x0000000008043864                HAL_GPIO_WritePin
                0x0000000008043890                HAL_GPIO_TogglePin
                0x00000000080438b8                HAL_GPIO_LockPin
                0x000000000804390e                HAL_GPIO_EXTI_IRQHandler
                0x0000000008043974                HAL_GPIO_EXTI_Rising_Callback
                0x000000000804397e                HAL_GPIO_EXTI_Falling_Callback
                0x0000000008043988                HAL_I2C_Init
                0x0000000008043a8e                HAL_I2C_MspInit
                0x0000000008043a96                HAL_I2C_DeInit
                0x0000000008043af8                HAL_I2C_MspDeInit
                0x0000000008043b00                HAL_I2C_Master_Transmit
                0x0000000008044034                HAL_I2C_Master_Receive
                0x000000000804433c                HAL_I2C_Slave_Transmit
                0x000000000804455a                HAL_I2C_Slave_Receive
                0x000000000804475c                HAL_I2C_Master_Transmit_IT
                0x00000000080456d2                HAL_I2C_AddrCallback
                0x0000000008045a88                HAL_I2C_AbortCpltCallback
                0x0000000008045a90                HAL_I2C_ErrorCallback
                0x0000000008045a98                HAL_I2C_SlaveTxCpltCallback
                0x0000000008045aa0                HAL_I2C_SlaveRxCpltCallback
                0x0000000008045aa8                HAL_I2C_ListenCpltCallback
                0x0000000008045ce6                HAL_I2C_MemTxCpltCallback
                0x0000000008045cee                HAL_I2C_MasterTxCpltCallback
                0x0000000008045cf6                HAL_I2C_MemRxCpltCallback
                0x0000000008045cfe                HAL_I2C_MasterRxCpltCallback
                0x0000000008045d06                HAL_I2C_Master_Receive_IT
                0x0000000008045e0c                HAL_I2C_Slave_Transmit_IT
                0x0000000008045ec4                HAL_I2C_Slave_Receive_IT
                0x0000000008045f7c                HAL_I2C_Master_Transmit_DMA
                0x000000000804623a                HAL_I2C_Master_Receive_DMA
                0x00000000080464d2                HAL_I2C_Slave_Transmit_DMA
                0x00000000080466a2                HAL_I2C_Slave_Receive_DMA
                0x0000000008046878                HAL_I2C_Mem_Write
                0x0000000008046b96                HAL_I2C_Mem_Read
                0x0000000008046ec6                HAL_I2C_Mem_Write_IT
                0x0000000008047036                HAL_I2C_Mem_Read_IT
                0x00000000080471aa                HAL_I2C_Mem_Write_DMA
                0x00000000080473de                HAL_I2C_Mem_Read_DMA
                0x0000000008047616                HAL_I2C_IsDeviceReady
                0x0000000008047858                HAL_I2C_Master_Seq_Transmit_IT
                0x00000000080479c8                HAL_I2C_Master_Seq_Transmit_DMA
                0x0000000008047c12                HAL_I2C_Master_Seq_Receive_IT
                0x0000000008047d4e                HAL_I2C_Master_Seq_Receive_DMA
                0x0000000008047f98                HAL_I2C_Slave_Seq_Transmit_IT
                0x00000000080480fa                HAL_I2C_Slave_Seq_Transmit_DMA
                0x0000000008048382                HAL_I2C_Slave_Seq_Receive_IT
                0x00000000080484e2                HAL_I2C_Slave_Seq_Receive_DMA
                0x000000000804876a                HAL_I2C_EnableListen_IT
                0x00000000080487b4                HAL_I2C_DisableListen_IT
                0x0000000008048816                HAL_I2C_Master_Abort_IT
                0x00000000080488da                HAL_I2C_EV_IRQHandler
                0x000000000804890a                HAL_I2C_ER_IRQHandler
                0x00000000080489dc                HAL_I2C_GetState
                0x00000000080489ea                HAL_I2C_GetMode
                0x00000000080489f8                HAL_I2C_GetError
                0x0000000008048a04                HAL_I2CEx_ConfigAnalogFilter
                0x0000000008048a9c                HAL_I2CEx_ConfigDigitalFilter
                0x0000000008048b3e                HAL_I2CEx_EnableWakeUp
                0x0000000008048bc8                HAL_I2CEx_DisableWakeUp
                0x0000000008048c52                HAL_I2CEx_EnableFastModePlus
                0x0000000008048c86                HAL_I2CEx_DisableFastModePlus
                0x0000000008048cbc                HAL_ICACHE_ConfigAssociativityMode
                0x0000000008048cfc                HAL_ICACHE_DeInit
                0x0000000008048d52                HAL_ICACHE_Monitor_Stop
                0x0000000008048d6e                HAL_ICACHE_Monitor_Reset
                0x0000000008048d94                HAL_ICACHE_DisableRemapRegion
                0x0000000008048dda                HAL_ICACHE_WaitForInvalidateComplete
                0x0000000008048e40                HAL_ICACHE_Enable
                0x0000000008048e54                HAL_ICACHE_Disable
                0x0000000008048eba                HAL_ICACHE_Invalidate
                0x0000000008048f0a                HAL_ICACHE_Invalidate_IT
                0x0000000008048f60                HAL_ICACHE_Monitor_Start
                0x0000000008048f7a                HAL_ICACHE_Monitor_GetHitValue
                0x0000000008048f86                HAL_ICACHE_Monitor_GetMissValue
                0x0000000008048f92                HAL_ICACHE_IRQHandler
                0x0000000008049014                HAL_ICACHE_ErrorCallback
                0x0000000008049016                HAL_ICACHE_InvalidateCompleteCallback
                0x0000000008049018                HAL_ICACHE_EnableRemapRegion
                0x00000000080490d2                HAL_PWR_DeInit
                0x00000000080490ec                HAL_PWR_EnableBkUpAccess
                0x00000000080490fe                HAL_PWR_DisableBkUpAccess
                0x0000000008049110                HAL_PWR_ConfigPVD
                0x00000000080491e4                HAL_PWR_EnablePVD
                0x00000000080491f6                HAL_PWR_DisablePVD
                0x0000000008049208                HAL_PWR_EnableWakeUpPin
                0x0000000008049240                HAL_PWR_DisableWakeUpPin
                0x0000000008049260                HAL_PWR_EnterSLEEPMode
                0x00000000080492dc                HAL_PWR_EnterSTOPMode
                0x000000000804930a                HAL_PWR_EnterSTANDBYMode
                0x0000000008049330                HAL_PWR_EnableSleepOnExit
                0x0000000008049342                HAL_PWR_DisableSleepOnExit
                0x0000000008049354                HAL_PWR_EnableSEVOnPend
                0x0000000008049366                HAL_PWR_DisableSEVOnPend
                0x0000000008049378                HAL_PWR_PVDCallback
                0x000000000804937a                HAL_PWR_ConfigAttributes
                0x00000000080493c6                HAL_PWR_GetConfigAttributes
                0x0000000008049410                HAL_PWREx_GetVoltageRange
                0x0000000008049420                HAL_PWREx_ControlVoltageScaling
                0x0000000008049516                HAL_PWREx_SMPS_GetEffectiveMode
                0x000000000804955a                HAL_PWREx_EnableBatteryCharging
                0x000000000804957e                HAL_PWREx_DisableBatteryCharging
                0x0000000008049590                HAL_PWREx_EnableVddUSB
                0x00000000080495a2                HAL_PWREx_DisableVddUSB
                0x00000000080495b4                HAL_PWREx_EnableVddIO2
                0x00000000080495c6                HAL_PWREx_DisableVddIO2
                0x00000000080495d8                HAL_PWREx_EnableGPIOPullUp
                0x0000000008049740                HAL_PWREx_DisableGPIOPullUp
                0x000000000804981c                HAL_PWREx_EnableGPIOPullDown
                0x0000000008049984                HAL_PWREx_DisableGPIOPullDown
                0x0000000008049a62                HAL_PWREx_EnablePullUpPullDownConfig
                0x0000000008049a74                HAL_PWREx_DisablePullUpPullDownConfig
                0x0000000008049a86                HAL_PWREx_ConfigSRAM2ContentRetention
                0x0000000008049aa4                HAL_PWREx_EnableSRAM2ContentRetention
                0x0000000008049ab2                HAL_PWREx_DisableSRAM2ContentRetention
                0x0000000008049abe                HAL_PWREx_EnablePVM1
                0x0000000008049ad0                HAL_PWREx_DisablePVM1
                0x0000000008049ae2                HAL_PWREx_EnablePVM2
                0x0000000008049af4                HAL_PWREx_DisablePVM2
                0x0000000008049b06                HAL_PWREx_EnablePVM3
                0x0000000008049b18                HAL_PWREx_DisablePVM3
                0x0000000008049b2a                HAL_PWREx_EnablePVM4
                0x0000000008049b3c                HAL_PWREx_DisablePVM4
                0x0000000008049b4e                HAL_PWREx_ConfigPVM
                0x0000000008049e60                HAL_PWREx_EnableLowPowerRunMode
                0x0000000008049e72                HAL_PWREx_DisableLowPowerRunMode
                0x0000000008049f10                HAL_PWREx_EnterSTOP0Mode
                0x0000000008049f60                HAL_PWREx_EnterSTOP1Mode
                0x0000000008049fb2                HAL_PWREx_EnterSTOP2Mode
                0x000000000804a004                HAL_PWREx_EnterSHUTDOWNMode
                0x000000000804a02a                HAL_PWREx_PVD_PVM_IRQHandler
                0x000000000804a138                HAL_PWREx_PVM1Callback
                0x000000000804a13a                HAL_PWREx_PVM2Callback
                0x000000000804a13c                HAL_PWREx_PVM3Callback
                0x000000000804a13e                HAL_PWREx_PVM4Callback
                0x000000000804a140                HAL_PWREx_EnableUCPDStandbyMode
                0x000000000804a152                HAL_PWREx_DisableUCPDStandbyMode
                0x000000000804a164                HAL_PWREx_EnableUCPDDeadBattery
                0x000000000804a176                HAL_PWREx_DisableUCPDDeadBattery
                0x000000000804a188                HAL_PWREx_EnableUltraLowPowerMode
                0x000000000804a19a                HAL_PWREx_DisableUltraLowPowerMode
                0x000000000804a1ac                HAL_PWREx_SMPS_SetMode
                0x000000000804a2b0                HAL_PWREx_SMPS_EnableBypassMode
                0x000000000804a2c2                HAL_PWREx_SMPS_EnableFastStart
                0x000000000804a2d4                HAL_PWREx_SMPS_DisableFastStart
                0x000000000804a2e6                HAL_PWREx_SMPS_DisableBypassMode
                0x000000000804a2f8                HAL_PWREx_SMPS_EnableExternal
                0x000000000804a30a                HAL_PWREx_SMPS_DisableExternal
                0x000000000804a31c                HAL_PWREx_SMPS_GetMainRegulatorExtSMPSReadyStatus
                0x000000000804a34a                HAL_RCC_DeInit
                0x000000000804a5cc                HAL_RCC_OscConfig
                0x000000000804b1ac                HAL_RCC_GetHCLKFreq
                0x000000000804b1d0                HAL_RCC_GetSysClockFreq
                0x000000000804b352                HAL_RCC_ClockConfig
                0x000000000804b754                HAL_RCC_MCOConfig
                0x000000000804b7b8                HAL_RCC_GetPCLK1Freq
                0x000000000804b7dc                HAL_RCC_GetPCLK2Freq
                0x000000000804b800                HAL_RCC_GetOscConfig
                0x000000000804ba0a                HAL_RCC_GetClockConfig
                0x000000000804ba5e                HAL_RCC_EnableCSS
                0x000000000804ba70                HAL_RCC_NMI_IRQHandler
                0x000000000804ba9c                HAL_RCC_CSSCallback
                0x000000000804ba9e                HAL_RCC_ConfigAttributes
                0x000000000804baea                HAL_RCC_GetConfigAttributes
                0x000000000804bb34                HAL_RCCEx_PeriphCLKConfig
                0x000000000804c68e                HAL_RCCEx_GetPeriphCLKConfig
                0x000000000804c86c                HAL_RCCEx_GetPeriphCLKFreq
                0x000000000804dae0                HAL_RCCEx_EnablePLLSAI1
                0x000000000804dd4e                HAL_RCCEx_DisablePLLSAI1
                0x000000000804ddbc                HAL_RCCEx_EnablePLLSAI2
                0x000000000804dec8                HAL_RCCEx_DisablePLLSAI2
                0x000000000804df36                HAL_RCCEx_WakeUpStopCLKConfig
                0x000000000804df52                HAL_RCCEx_StandbyMSIRangeConfig
                0x000000000804df70                HAL_RCCEx_EnableLSECSS
                0x000000000804df82                HAL_RCCEx_DisableLSECSS
                0x000000000804df94                HAL_RCCEx_LSECSS_IRQHandler
                0x000000000804dfb2                HAL_RCCEx_LSECSS_Callback
                0x000000000804dfb4                HAL_RCCEx_EnableLSCO
                0x000000000804e09e                HAL_RCCEx_DisableLSCO
                0x000000000804e144                HAL_RCCEx_EnableMSIPLLMode
                0x000000000804e156                HAL_RCCEx_DisableMSIPLLMode
                0x000000000804e168                HAL_RCCEx_CRSConfig
                0x000000000804e1d8                HAL_RCCEx_CRSSoftwareSynchronizationGenerate
                0x000000000804e1ea                HAL_RCCEx_CRSGetSynchronizationInfo
                0x000000000804e22e                HAL_RCCEx_CRSWaitSynchronization
                0x000000000804e378                HAL_RCCEx_CRS_IRQHandler
                0x000000000804e48a                HAL_RCCEx_CRS_SyncOkCallback
                0x000000000804e48c                HAL_RCCEx_CRS_SyncWarnCallback
                0x000000000804e48e                HAL_RCCEx_CRS_ExpectedSyncCallback
                0x000000000804e490                HAL_RCCEx_CRS_ErrorCallback
                0x000000000804e498                HAL_UART_Init
                0x000000000804e544                UART_SetConfig
                0x000000000804eaf8                UART_AdvFeatureConfig
                0x000000000804ec40                UART_CheckIdleState
                0x000000000804ece6                UART_WaitOnFlagUntilTimeout
                0x000000000804edf4                HAL_HalfDuplex_Init
                0x000000000804eea0                HAL_LIN_Init
                0x000000000804ef86                HAL_MultiProcessor_Init
                0x000000000804f064                HAL_UART_DeInit
                0x000000000804f0da                HAL_UART_Transmit
                0x000000000804f22e                HAL_UART_Receive
                0x000000000804f40a                HAL_UART_Transmit_IT
                0x000000000804f728                HAL_UART_Receive_IT
                0x000000000804f7a2                UART_Start_Receive_IT
                0x000000000804fee0                HAL_UARTEx_RxEventCallback
                0x000000000804feec                HAL_UART_RxCpltCallback
                0x000000000804fef4                HAL_UART_ErrorCallback
                0x000000000804fefc                HAL_UART_Transmit_DMA
                0x0000000008050184                HAL_UART_TxHalfCpltCallback
                0x000000000805018c                HAL_UART_TxCpltCallback
                0x0000000008050194                HAL_UART_Receive_DMA
                0x000000000805020e                UART_Start_Receive_DMA
                0x00000000080503b0                HAL_UART_RxHalfCpltCallback
                0x00000000080503b8                HAL_UART_DMAPause
                0x000000000805046a                HAL_UART_DMAResume
                0x0000000008050500                HAL_UART_DMAStop
                0x00000000080505e8                HAL_UART_Abort
                0x000000000805073e                HAL_UART_AbortTransmit
                0x00000000080507f2                HAL_UART_AbortReceive
                0x00000000080508c0                HAL_UART_Abort_IT
                0x0000000008050b56                HAL_UART_AbortCpltCallback
                0x0000000008050b5e                HAL_UART_AbortTransmit_IT
                0x0000000008050c62                HAL_UART_AbortTransmitCpltCallback
                0x0000000008050c6a                HAL_UART_AbortReceive_IT
                0x0000000008050d94                HAL_UART_AbortReceiveCpltCallback
                0x0000000008050d9c                HAL_UART_IRQHandler
                0x000000000805125e                HAL_UART_ReceiverTimeout_Config
                0x0000000008051290                HAL_UART_EnableReceiverTimeout
                0x000000000805131c                HAL_UART_DisableReceiverTimeout
                0x00000000080513a8                HAL_MultiProcessor_EnableMuteMode
                0x0000000008051402                HAL_MultiProcessor_DisableMuteMode
                0x000000000805145c                HAL_MultiProcessor_EnterMuteMode
                0x0000000008051470                HAL_HalfDuplex_EnableTransmitter
                0x00000000080514da                HAL_HalfDuplex_EnableReceiver
                0x0000000008051544                HAL_LIN_SendBreak
                0x00000000080515a2                HAL_UART_GetState
                0x00000000080515c0                HAL_UART_GetError
                0x00000000080515ce                HAL_RS485Ex_Init
                0x00000000080516a0                HAL_UARTEx_WakeupCallback
                0x00000000080516a8                HAL_UARTEx_RxFifoFullCallback
                0x00000000080516b0                HAL_UARTEx_TxFifoEmptyCallback
                0x00000000080516b8                HAL_MultiProcessorEx_AddressLength_Set
                0x0000000008051718                HAL_UARTEx_StopModeWakeUpSourceConfig
                0x000000000805181a                HAL_UARTEx_EnableStopMode
                0x0000000008051868                HAL_UARTEx_DisableStopMode
                0x00000000080518b6                HAL_UARTEx_EnableFifoMode
                0x00000000080519dc                HAL_UARTEx_DisableFifoMode
                0x0000000008051a58                HAL_UARTEx_SetTxFifoThreshold
                0x0000000008051ae6                HAL_UARTEx_SetRxFifoThreshold
                0x0000000008051b74                HAL_UARTEx_ReceiveToIdle
                0x0000000008051dca                HAL_UARTEx_ReceiveToIdle_IT
                0x0000000008051e7e                HAL_UARTEx_ReceiveToIdle_DMA
                0x0000000008051f32                _sbrk
                0x0000000008051fba                config_memory
                0x000000000805200c                tagFunction
                0x0000000008052020                config_dwt
                0x0000000008052084                DWT_Init
                0x00000000080520bc                DWT_GetTick
                0x00000000080520c8                print
                0x0000000008052114                Error_Handler
                0x0000000008052116                judge_legality
                0x000000000805215e                setup
                0x00000000080521e4                loop
                0x0000000008052240                processSerial
                0x00000000080523d0                bolus
                0x0000000008052528                updateScreen
                0x0000000008052778                checkTriggers
                0x000000000805281a                readSerial
                0x0000000008052874                readKey
                0x0000000008052962                get_key
                0x00000000080529c8                doKeyAction
                0x0000000008052b7e                init
                0x0000000008052c5e                main
                0x0000000008052c78                main_logic
                0x0000000008052e10                pinMode
                0x0000000008052e4e                digitalRead
                0x0000000008052e96                digitalWrite
                0x0000000008052ed4                Serial_begin
                0x0000000008052f0c                Serial_available
                0x0000000008052f4c                Serial_read
                0x0000000008052f62                Serial_write
                0x0000000008052fa0                analogRead
                0x0000000008052fca                millis
                0x0000000008052fdc                delayMicroseconds
                0x0000000008052ffa                toUInt
                0x0000000008053012                SystemInit
                0x0000000008053014                SystemCoreClockUpdate
                0x0000000008053028                HAL_MspInit
                0x000000000805306a                HAL_UART_MspInit
                0x0000000008053122                HAL_UART_MspDeInit
                0x0000000008053166                MemManage_Handler
                0x000000000805316a                UsageFault_Handler
                0x000000000805316e                SVC_Handler
                0x0000000008053170                PendSV_Handler
                0x0000000008053172                SysTick_Handler
                0x000000000805317c                USART1_IRQHandler
                0x000000000805318e                initialise_monitor_handles
                0x0000000008053190                _getpid
                0x0000000008053194                _kill
                0x00000000080531ae                _exit
                0x00000000080531c4                _read
                0x00000000080531fc                _write
                0x0000000008053234                _close
                0x0000000008053240                _fstat
                0x0000000008053254                _isatty
                0x000000000805325e                _lseek
                0x000000000805326c                _open
                0x000000000805327a                _wait
                0x0000000008053292                _unlink
                0x00000000080532aa                _times
                0x00000000080532b6                _stat
                0x00000000080532ca                _link
                0x00000000080532e4                _fork
                0x00000000080532f6                _execve
                0x0000000008053312                led_on
                0x0000000008053346                led_off
                0x000000000805337a                lcd_begin
                0x00000000080533bc                lcd_clear
                0x00000000080533f2                lcd_print
                0x0000000008053434                lcd_setCursor
 .text          0x0000000008053472       0x9a /home/fdl/Desktop/llvm_build_source/urai-rt-lib/gcc/bins/bin/../lib/gcc/arm-none-eabi/7.3.1/../../../../arm-none-eabi/lib/thumb/v8-m.main/fpv5-sp/hard/libc_nano.a(lib_a-aeabi_memset-soft.o)
                0x0000000008053472                __aeabi_memset
                0x0000000008053472                __aeabi_memset8
                0x0000000008053472                __aeabi_memset4
 .text          0x000000000805350c       0x10 /home/fdl/Desktop/llvm_build_source/urai-rt-lib/gcc/bins/bin/../lib/gcc/arm-none-eabi/7.3.1/../../../../arm-none-eabi/lib/thumb/v8-m.main/fpv5-sp/hard/libc_nano.a(lib_a-strlen.o)
                0x000000000805350c                strlen
 .text          0x000000000805351c      0x378 /home/fdl/Desktop/llvm_build_source/urai-rt-lib/gcc/bins/bin/../lib/gcc/arm-none-eabi/7.3.1/thumb/v8-m.main/fpv5-sp/hard/libgcc.a(_arm_addsubdf3.o)
                0x000000000805351c                __aeabi_drsub
                0x0000000008053524                __aeabi_dsub
                0x0000000008053524                __subdf3
                0x0000000008053528                __adddf3
                0x0000000008053528                __aeabi_dadd
                0x00000000080537a0                __aeabi_ui2d
                0x00000000080537a0                __floatunsidf
                0x00000000080537c0                __floatsidf
                0x00000000080537c0                __aeabi_i2d
                0x00000000080537e4                __extendsfdf2
                0x00000000080537e4                __aeabi_f2d
                0x0000000008053828                __aeabi_ul2d
                0x0000000008053828                __floatundidf
                0x0000000008053838                __floatdidf
                0x0000000008053838                __aeabi_l2d
 .text          0x0000000008053894      0x424 /home/fdl/Desktop/llvm_build_source/urai-rt-lib/gcc/bins/bin/../lib/gcc/arm-none-eabi/7.3.1/thumb/v8-m.main/fpv5-sp/hard/libgcc.a(_arm_muldivdf3.o)
                0x0000000008053894                __aeabi_dmul
                0x0000000008053894                __muldf3
                0x0000000008053ae8                __aeabi_ddiv
                0x0000000008053ae8                __divdf3
 .text          0x0000000008053cb8      0x110 /home/fdl/Desktop/llvm_build_source/urai-rt-lib/gcc/bins/bin/../lib/gcc/arm-none-eabi/7.3.1/thumb/v8-m.main/fpv5-sp/hard/libgcc.a(_arm_cmpdf2.o)
                0x0000000008053cb8                __gtdf2
                0x0000000008053cb8                __gedf2
                0x0000000008053cc0                __ltdf2
                0x0000000008053cc0                __ledf2
                0x0000000008053cc8                __cmpdf2
                0x0000000008053cc8                __eqdf2
                0x0000000008053cc8                __nedf2
                0x0000000008053d44                __aeabi_cdrcmple
                0x0000000008053d54                __aeabi_cdcmple
                0x0000000008053d54                __aeabi_cdcmpeq
                0x0000000008053d64                __aeabi_dcmpeq
                0x0000000008053d78                __aeabi_dcmplt
                0x0000000008053d8c                __aeabi_dcmple
                0x0000000008053da0                __aeabi_dcmpge
                0x0000000008053db4                __aeabi_dcmpgt
 .text          0x0000000008053dc8       0x2c /home/fdl/Desktop/llvm_build_source/urai-rt-lib/gcc/bins/bin/../lib/gcc/arm-none-eabi/7.3.1/thumb/v8-m.main/fpv5-sp/hard/libgcc.a(_arm_unorddf2.o)
                0x0000000008053dc8                __aeabi_dcmpun
                0x0000000008053dc8                __unorddf2
 .text          0x0000000008053df4       0x50 /home/fdl/Desktop/llvm_build_source/urai-rt-lib/gcc/bins/bin/../lib/gcc/arm-none-eabi/7.3.1/thumb/v8-m.main/fpv5-sp/hard/libgcc.a(_arm_fixdfsi.o)
                0x0000000008053df4                __fixdfsi
                0x0000000008053df4                __aeabi_d2iz
 .text          0x0000000008053e44       0xa0 /home/fdl/Desktop/llvm_build_source/urai-rt-lib/gcc/bins/bin/../lib/gcc/arm-none-eabi/7.3.1/thumb/v8-m.main/fpv5-sp/hard/libgcc.a(_arm_truncdfsf2.o)
                0x0000000008053e44                __aeabi_d2f
                0x0000000008053e44                __truncdfsf2
 .text          0x0000000008053ee4       0x30 /home/fdl/Desktop/llvm_build_source/urai-rt-lib/gcc/bins/bin/../lib/gcc/arm-none-eabi/7.3.1/thumb/v8-m.main/fpv5-sp/hard/libgcc.a(_aeabi_uldivmod.o)
                0x0000000008053ee4                __aeabi_uldivmod
 .text          0x0000000008053f14      0x2e0 /home/fdl/Desktop/llvm_build_source/urai-rt-lib/gcc/bins/bin/../lib/gcc/arm-none-eabi/7.3.1/thumb/v8-m.main/fpv5-sp/hard/libgcc.a(_udivmoddi4.o)
                0x0000000008053f14                __udivmoddi4
 .text          0x00000000080541f4        0x4 /home/fdl/Desktop/llvm_build_source/urai-rt-lib/gcc/bins/bin/../lib/gcc/arm-none-eabi/7.3.1/thumb/v8-m.main/fpv5-sp/hard/libgcc.a(_dvmd_tls.o)
                0x00000000080541f4                __aeabi_ldiv0
                0x00000000080541f4                __aeabi_idiv0
 *(.text*)
 .text.Reset_Handler
                0x00000000080541f8       0x50 Build/Objects/startup_stm32l562qeixq.o
                0x00000000080541f8                Reset_Handler
 .text.Default_Handler
                0x0000000008054248        0x2 Build/Objects/startup_stm32l562qeixq.o
                0x0000000008054248                EXTI2_IRQHandler
                0x0000000008054248                TIM8_TRG_COM_IRQHandler
                0x0000000008054248                TIM8_CC_IRQHandler
                0x0000000008054248                EXTI5_IRQHandler
                0x0000000008054248                DebugMon_Handler
                0x0000000008054248                FLASH_S_IRQHandler
                0x0000000008054248                EXTI13_IRQHandler
                0x0000000008054248                TIM1_CC_IRQHandler
                0x0000000008054248                TSC_IRQHandler
                0x0000000008054248                HardFault_Handler
                0x0000000008054248                TAMP_IRQHandler
                0x0000000008054248                TIM6_IRQHandler
                0x0000000008054248                EXTI12_IRQHandler
                0x0000000008054248                DMA2_Channel8_IRQHandler
                0x0000000008054248                NMI_Handler
                0x0000000008054248                EXTI3_IRQHandler
                0x0000000008054248                EXTI8_IRQHandler
                0x0000000008054248                LPTIM2_IRQHandler
                0x0000000008054248                DFSDM1_FLT1_IRQHandler
                0x0000000008054248                USB_FS_IRQHandler
                0x0000000008054248                I2C3_ER_IRQHandler
                0x0000000008054248                DFSDM1_FLT2_IRQHandler
                0x0000000008054248                DMAMUX1_IRQHandler
                0x0000000008054248                LPTIM3_IRQHandler
                0x0000000008054248                EXTI0_IRQHandler
                0x0000000008054248                I2C2_EV_IRQHandler
                0x0000000008054248                FPU_IRQHandler
                0x0000000008054248                FDCAN1_IT1_IRQHandler
                0x0000000008054248                ADC1_2_IRQHandler
                0x0000000008054248                SPI1_IRQHandler
                0x0000000008054248                OCTOSPI1_IRQHandler
                0x0000000008054248                TIM8_UP_IRQHandler
                0x0000000008054248                RCC_S_IRQHandler
                0x0000000008054248                DMA2_Channel2_IRQHandler
                0x0000000008054248                DMA1_Channel4_IRQHandler
                0x0000000008054248                SAI2_IRQHandler
                0x0000000008054248                DFSDM1_FLT3_IRQHandler
                0x0000000008054248                PKA_IRQHandler
                0x0000000008054248                EXTI15_IRQHandler
                0x0000000008054248                TIM17_IRQHandler
                0x0000000008054248                USART3_IRQHandler
                0x0000000008054248                RTC_IRQHandler
                0x0000000008054248                EXTI9_IRQHandler
                0x0000000008054248                DMA1_Channel7_IRQHandler
                0x0000000008054248                UART5_IRQHandler
                0x0000000008054248                TIM4_IRQHandler
                0x0000000008054248                DMA2_Channel1_IRQHandler
                0x0000000008054248                I2C1_EV_IRQHandler
                0x0000000008054248                DMA1_Channel6_IRQHandler
                0x0000000008054248                TIM16_IRQHandler
                0x0000000008054248                UART4_IRQHandler
                0x0000000008054248                DMA2_Channel4_IRQHandler
                0x0000000008054248                SecureFault_Handler
                0x0000000008054248                TIM3_IRQHandler
                0x0000000008054248                RCC_IRQHandler
                0x0000000008054248                TIM1_TRG_COM_IRQHandler
                0x0000000008054248                DMA1_Channel1_IRQHandler
                0x0000000008054248                Default_Handler
                0x0000000008054248                DMA2_Channel7_IRQHandler
                0x0000000008054248                OTFDEC1_IRQHandler
                0x0000000008054248                DMA1_Channel8_IRQHandler
                0x0000000008054248                TIM7_IRQHandler
                0x0000000008054248                SDMMC1_IRQHandler
                0x0000000008054248                TIM5_IRQHandler
                0x0000000008054248                UCPD1_IRQHandler
                0x0000000008054248                TIM15_IRQHandler
                0x0000000008054248                I2C3_EV_IRQHandler
                0x0000000008054248                PVD_PVM_IRQHandler
                0x0000000008054248                SPI2_IRQHandler
                0x0000000008054248                EXTI14_IRQHandler
                0x0000000008054248                EXTI11_IRQHandler
                0x0000000008054248                DMA2_Channel5_IRQHandler
                0x0000000008054248                CRS_IRQHandler
                0x0000000008054248                DMA1_Channel5_IRQHandler
                0x0000000008054248                EXTI4_IRQHandler
                0x0000000008054248                RTC_S_IRQHandler
                0x0000000008054248                RNG_IRQHandler
                0x0000000008054248                DMAMUX1_S_IRQHandler
                0x0000000008054248                DMA1_Channel3_IRQHandler
                0x0000000008054248                COMP_IRQHandler
                0x0000000008054248                TIM1_UP_IRQHandler
                0x0000000008054248                WWDG_IRQHandler
                0x0000000008054248                I2C4_EV_IRQHandler
                0x0000000008054248                LPUART1_IRQHandler
                0x0000000008054248                DMA2_Channel6_IRQHandler
                0x0000000008054248                FDCAN1_IT0_IRQHandler
                0x0000000008054248                TIM2_IRQHandler
                0x0000000008054248                TAMP_S_IRQHandler
                0x0000000008054248                EXTI7_IRQHandler
                0x0000000008054248                TIM1_BRK_IRQHandler
                0x0000000008054248                DAC_IRQHandler
                0x0000000008054248                EXTI1_IRQHandler
                0x0000000008054248                AES_IRQHandler
                0x0000000008054248                GTZC_IRQHandler
                0x0000000008054248                USART2_IRQHandler
                0x0000000008054248                DFSDM1_FLT0_IRQHandler
                0x0000000008054248                I2C2_ER_IRQHandler
                0x0000000008054248                DMA1_Channel2_IRQHandler
                0x0000000008054248                TIM8_BRK_IRQHandler
                0x0000000008054248                FLASH_IRQHandler
                0x0000000008054248                BusFault_Handler
                0x0000000008054248                EXTI10_IRQHandler
                0x0000000008054248                SPI3_IRQHandler
                0x0000000008054248                I2C1_ER_IRQHandler
                0x0000000008054248                FMC_IRQHandler
                0x0000000008054248                EXTI6_IRQHandler
                0x0000000008054248                LPTIM1_IRQHandler
                0x0000000008054248                I2C4_ER_IRQHandler
                0x0000000008054248                ICACHE_IRQHandler
                0x0000000008054248                SAI1_IRQHandler
                0x0000000008054248                HASH_IRQHandler
                0x0000000008054248                DMA2_Channel3_IRQHandler
 .text.__aeabi_memclr
                0x000000000805424a        0x6 /home/fdl/Desktop/llvm_build_source/urai-rt-lib/gcc/bins/bin/../lib/gcc/arm-none-eabi/7.3.1/../../../../arm-none-eabi/lib/thumb/v8-m.main/fpv5-sp/hard/libc_nano.a(lib_a-aeabi_memclr.o)
                0x000000000805424a                __aeabi_memclr8
                0x000000000805424a                __aeabi_memclr
                0x000000000805424a                __aeabi_memclr4
 .text.__aeabi_memcpy
                0x0000000008054250        0x4 /home/fdl/Desktop/llvm_build_source/urai-rt-lib/gcc/bins/bin/../lib/gcc/arm-none-eabi/7.3.1/../../../../arm-none-eabi/lib/thumb/v8-m.main/fpv5-sp/hard/libc_nano.a(lib_a-aeabi_memcpy.o)
                0x0000000008054250                __aeabi_memcpy
                0x0000000008054250                __aeabi_memcpy4
                0x0000000008054250                __aeabi_memcpy8
 .text.atoi     0x0000000008054254        0x8 /home/fdl/Desktop/llvm_build_source/urai-rt-lib/gcc/bins/bin/../lib/gcc/arm-none-eabi/7.3.1/../../../../arm-none-eabi/lib/thumb/v8-m.main/fpv5-sp/hard/libc_nano.a(lib_a-atoi.o)
                0x0000000008054254                atoi
 .text.__errno  0x000000000805425c        0xc /home/fdl/Desktop/llvm_build_source/urai-rt-lib/gcc/bins/bin/../lib/gcc/arm-none-eabi/7.3.1/../../../../arm-none-eabi/lib/thumb/v8-m.main/fpv5-sp/hard/libc_nano.a(lib_a-errno.o)
                0x000000000805425c                __errno
 .text.getchar  0x0000000008054268       0x24 /home/fdl/Desktop/llvm_build_source/urai-rt-lib/gcc/bins/bin/../lib/gcc/arm-none-eabi/7.3.1/../../../../arm-none-eabi/lib/thumb/v8-m.main/fpv5-sp/hard/libc_nano.a(lib_a-getchar.o)
                0x0000000008054268                getchar
 .text.__libc_init_array
                0x000000000805428c       0x48 /home/fdl/Desktop/llvm_build_source/urai-rt-lib/gcc/bins/bin/../lib/gcc/arm-none-eabi/7.3.1/../../../../arm-none-eabi/lib/thumb/v8-m.main/fpv5-sp/hard/libc_nano.a(lib_a-init.o)
                0x000000000805428c                __libc_init_array
 .text.memcpy   0x00000000080542d4       0x16 /home/fdl/Desktop/llvm_build_source/urai-rt-lib/gcc/bins/bin/../lib/gcc/arm-none-eabi/7.3.1/../../../../arm-none-eabi/lib/thumb/v8-m.main/fpv5-sp/hard/libc_nano.a(lib_a-memcpy-stub.o)
                0x00000000080542d4                memcpy
 .text.memset   0x00000000080542ea       0x10 /home/fdl/Desktop/llvm_build_source/urai-rt-lib/gcc/bins/bin/../lib/gcc/arm-none-eabi/7.3.1/../../../../arm-none-eabi/lib/thumb/v8-m.main/fpv5-sp/hard/libc_nano.a(lib_a-memset.o)
                0x00000000080542ea                memset
 .text.__cvt    0x00000000080542fa       0xc2 /home/fdl/Desktop/llvm_build_source/urai-rt-lib/gcc/bins/bin/../lib/gcc/arm-none-eabi/7.3.1/../../../../arm-none-eabi/lib/thumb/v8-m.main/fpv5-sp/hard/libc_nano.a(lib_a-nano-vfprintf_float.o)
                0x00000000080542fa                __cvt
 .text.__exponent
                0x00000000080543bc       0x66 /home/fdl/Desktop/llvm_build_source/urai-rt-lib/gcc/bins/bin/../lib/gcc/arm-none-eabi/7.3.1/../../../../arm-none-eabi/lib/thumb/v8-m.main/fpv5-sp/hard/libc_nano.a(lib_a-nano-vfprintf_float.o)
                0x00000000080543bc                __exponent
 *fill*         0x0000000008054422        0x2 
 .text._printf_float
                0x0000000008054424      0x480 /home/fdl/Desktop/llvm_build_source/urai-rt-lib/gcc/bins/bin/../lib/gcc/arm-none-eabi/7.3.1/../../../../arm-none-eabi/lib/thumb/v8-m.main/fpv5-sp/hard/libc_nano.a(lib_a-nano-vfprintf_float.o)
                0x0000000008054424                _printf_float
 .text._printf_common
                0x00000000080548a4       0xf0 /home/fdl/Desktop/llvm_build_source/urai-rt-lib/gcc/bins/bin/../lib/gcc/arm-none-eabi/7.3.1/../../../../arm-none-eabi/lib/thumb/v8-m.main/fpv5-sp/hard/libc_nano.a(lib_a-nano-vfprintf_i.o)
                0x00000000080548a4                _printf_common
 .text._printf_i
                0x0000000008054994      0x224 /home/fdl/Desktop/llvm_build_source/urai-rt-lib/gcc/bins/bin/../lib/gcc/arm-none-eabi/7.3.1/../../../../arm-none-eabi/lib/thumb/v8-m.main/fpv5-sp/hard/libc_nano.a(lib_a-nano-vfprintf_i.o)
                0x0000000008054994                _printf_i
 .text.printf   0x0000000008054bb8       0x30 /home/fdl/Desktop/llvm_build_source/urai-rt-lib/gcc/bins/bin/../lib/gcc/arm-none-eabi/7.3.1/../../../../arm-none-eabi/lib/thumb/v8-m.main/fpv5-sp/hard/libc_nano.a(lib_a-printf.o)
                0x0000000008054bb8                printf
                0x0000000008054bb8                iprintf
 .text.scanf    0x0000000008054be8       0x30 /home/fdl/Desktop/llvm_build_source/urai-rt-lib/gcc/bins/bin/../lib/gcc/arm-none-eabi/7.3.1/../../../../arm-none-eabi/lib/thumb/v8-m.main/fpv5-sp/hard/libc_nano.a(lib_a-scanf.o)
                0x0000000008054be8                iscanf
                0x0000000008054be8                scanf
 .text.sprintf  0x0000000008054c18       0x40 /home/fdl/Desktop/llvm_build_source/urai-rt-lib/gcc/bins/bin/../lib/gcc/arm-none-eabi/7.3.1/../../../../arm-none-eabi/lib/thumb/v8-m.main/fpv5-sp/hard/libc_nano.a(lib_a-sprintf.o)
                0x0000000008054c18                sprintf
                0x0000000008054c18                siprintf
 .text._strtol_l.isra.0
                0x0000000008054c58       0xf8 /home/fdl/Desktop/llvm_build_source/urai-rt-lib/gcc/bins/bin/../lib/gcc/arm-none-eabi/7.3.1/../../../../arm-none-eabi/lib/thumb/v8-m.main/fpv5-sp/hard/libc_nano.a(lib_a-strtol.o)
 .text._strtol_r
                0x0000000008054d50       0x24 /home/fdl/Desktop/llvm_build_source/urai-rt-lib/gcc/bins/bin/../lib/gcc/arm-none-eabi/7.3.1/../../../../arm-none-eabi/lib/thumb/v8-m.main/fpv5-sp/hard/libc_nano.a(lib_a-strtol.o)
                0x0000000008054d50                _strtol_r
 .text.strtol   0x0000000008054d74       0x2c /home/fdl/Desktop/llvm_build_source/urai-rt-lib/gcc/bins/bin/../lib/gcc/arm-none-eabi/7.3.1/../../../../arm-none-eabi/lib/thumb/v8-m.main/fpv5-sp/hard/libc_nano.a(lib_a-strtol.o)
                0x0000000008054d74                strtol
 .text.quorem   0x0000000008054da0      0x120 /home/fdl/Desktop/llvm_build_source/urai-rt-lib/gcc/bins/bin/../lib/gcc/arm-none-eabi/7.3.1/../../../../arm-none-eabi/lib/thumb/v8-m.main/fpv5-sp/hard/libc_nano.a(lib_a-dtoa.o)
 .text._dtoa_r  0x0000000008054ec0      0xb68 /home/fdl/Desktop/llvm_build_source/urai-rt-lib/gcc/bins/bin/../lib/gcc/arm-none-eabi/7.3.1/../../../../arm-none-eabi/lib/thumb/v8-m.main/fpv5-sp/hard/libc_nano.a(lib_a-dtoa.o)
                0x0000000008054ec0                _dtoa_r
 .text.std      0x0000000008055a28       0x48 /home/fdl/Desktop/llvm_build_source/urai-rt-lib/gcc/bins/bin/../lib/gcc/arm-none-eabi/7.3.1/../../../../arm-none-eabi/lib/thumb/v8-m.main/fpv5-sp/hard/libc_nano.a(lib_a-findfp.o)
 .text._cleanup_r
                0x0000000008055a70        0xc /home/fdl/Desktop/llvm_build_source/urai-rt-lib/gcc/bins/bin/../lib/gcc/arm-none-eabi/7.3.1/../../../../arm-none-eabi/lib/thumb/v8-m.main/fpv5-sp/hard/libc_nano.a(lib_a-findfp.o)
                0x0000000008055a70                _cleanup_r
 .text.__sfmoreglue
                0x0000000008055a7c       0x2c /home/fdl/Desktop/llvm_build_source/urai-rt-lib/gcc/bins/bin/../lib/gcc/arm-none-eabi/7.3.1/../../../../arm-none-eabi/lib/thumb/v8-m.main/fpv5-sp/hard/libc_nano.a(lib_a-findfp.o)
                0x0000000008055a7c                __sfmoreglue
 .text.__sinit  0x0000000008055aa8       0x60 /home/fdl/Desktop/llvm_build_source/urai-rt-lib/gcc/bins/bin/../lib/gcc/arm-none-eabi/7.3.1/../../../../arm-none-eabi/lib/thumb/v8-m.main/fpv5-sp/hard/libc_nano.a(lib_a-findfp.o)
                0x0000000008055aa8                __sinit
 .text.__sfp    0x0000000008055b08       0x78 /home/fdl/Desktop/llvm_build_source/urai-rt-lib/gcc/bins/bin/../lib/gcc/arm-none-eabi/7.3.1/../../../../arm-none-eabi/lib/thumb/v8-m.main/fpv5-sp/hard/libc_nano.a(lib_a-findfp.o)
                0x0000000008055b08                __sfp
 .text._fwalk   0x0000000008055b80       0x38 /home/fdl/Desktop/llvm_build_source/urai-rt-lib/gcc/bins/bin/../lib/gcc/arm-none-eabi/7.3.1/../../../../arm-none-eabi/lib/thumb/v8-m.main/fpv5-sp/hard/libc_nano.a(lib_a-fwalk.o)
                0x0000000008055b80                _fwalk
 .text._fwalk_reent
                0x0000000008055bb8       0x3c /home/fdl/Desktop/llvm_build_source/urai-rt-lib/gcc/bins/bin/../lib/gcc/arm-none-eabi/7.3.1/../../../../arm-none-eabi/lib/thumb/v8-m.main/fpv5-sp/hard/libc_nano.a(lib_a-fwalk.o)
                0x0000000008055bb8                _fwalk_reent
 .text._getc_r  0x0000000008055bf4       0x58 /home/fdl/Desktop/llvm_build_source/urai-rt-lib/gcc/bins/bin/../lib/gcc/arm-none-eabi/7.3.1/../../../../arm-none-eabi/lib/thumb/v8-m.main/fpv5-sp/hard/libc_nano.a(lib_a-getc.o)
                0x0000000008055bf4                _getc_r
 .text.__locale_ctype_ptr_l
                0x0000000008055c4c        0x6 /home/fdl/Desktop/llvm_build_source/urai-rt-lib/gcc/bins/bin/../lib/gcc/arm-none-eabi/7.3.1/../../../../arm-none-eabi/lib/thumb/v8-m.main/fpv5-sp/hard/libc_nano.a(lib_a-locale.o)
                0x0000000008055c4c                __locale_ctype_ptr_l
 *fill*         0x0000000008055c52        0x2 
 .text.__locale_ctype_ptr
                0x0000000008055c54       0x1c /home/fdl/Desktop/llvm_build_source/urai-rt-lib/gcc/bins/bin/../lib/gcc/arm-none-eabi/7.3.1/../../../../arm-none-eabi/lib/thumb/v8-m.main/fpv5-sp/hard/libc_nano.a(lib_a-locale.o)
                0x0000000008055c54                __locale_ctype_ptr
 .text._localeconv_r
                0x0000000008055c70       0x1c /home/fdl/Desktop/llvm_build_source/urai-rt-lib/gcc/bins/bin/../lib/gcc/arm-none-eabi/7.3.1/../../../../arm-none-eabi/lib/thumb/v8-m.main/fpv5-sp/hard/libc_nano.a(lib_a-localeconv.o)
                0x0000000008055c70                _localeconv_r
 .text.malloc   0x0000000008055c8c       0x10 /home/fdl/Desktop/llvm_build_source/urai-rt-lib/gcc/bins/bin/../lib/gcc/arm-none-eabi/7.3.1/../../../../arm-none-eabi/lib/thumb/v8-m.main/fpv5-sp/hard/libc_nano.a(lib_a-malloc.o)
                0x0000000008055c8c                malloc
 .text.__ascii_mbtowc
                0x0000000008055c9c       0x24 /home/fdl/Desktop/llvm_build_source/urai-rt-lib/gcc/bins/bin/../lib/gcc/arm-none-eabi/7.3.1/../../../../arm-none-eabi/lib/thumb/v8-m.main/fpv5-sp/hard/libc_nano.a(lib_a-mbtowc_r.o)
                0x0000000008055c9c                __ascii_mbtowc
 .text.memchr   0x0000000008055cc0       0x1c /home/fdl/Desktop/llvm_build_source/urai-rt-lib/gcc/bins/bin/../lib/gcc/arm-none-eabi/7.3.1/../../../../arm-none-eabi/lib/thumb/v8-m.main/fpv5-sp/hard/libc_nano.a(lib_a-memchr-stub.o)
                0x0000000008055cc0                memchr
 .text._Balloc  0x0000000008055cdc       0x68 /home/fdl/Desktop/llvm_build_source/urai-rt-lib/gcc/bins/bin/../lib/gcc/arm-none-eabi/7.3.1/../../../../arm-none-eabi/lib/thumb/v8-m.main/fpv5-sp/hard/libc_nano.a(lib_a-mprec.o)
                0x0000000008055cdc                _Balloc
 .text._Bfree   0x0000000008055d44       0x2e /home/fdl/Desktop/llvm_build_source/urai-rt-lib/gcc/bins/bin/../lib/gcc/arm-none-eabi/7.3.1/../../../../arm-none-eabi/lib/thumb/v8-m.main/fpv5-sp/hard/libc_nano.a(lib_a-mprec.o)
                0x0000000008055d44                _Bfree
 .text.__multadd
                0x0000000008055d72       0x7a /home/fdl/Desktop/llvm_build_source/urai-rt-lib/gcc/bins/bin/../lib/gcc/arm-none-eabi/7.3.1/../../../../arm-none-eabi/lib/thumb/v8-m.main/fpv5-sp/hard/libc_nano.a(lib_a-mprec.o)
                0x0000000008055d72                __multadd
 .text.__hi0bits
                0x0000000008055dec       0x3e /home/fdl/Desktop/llvm_build_source/urai-rt-lib/gcc/bins/bin/../lib/gcc/arm-none-eabi/7.3.1/../../../../arm-none-eabi/lib/thumb/v8-m.main/fpv5-sp/hard/libc_nano.a(lib_a-mprec.o)
                0x0000000008055dec                __hi0bits
 .text.__lo0bits
                0x0000000008055e2a       0x5e /home/fdl/Desktop/llvm_build_source/urai-rt-lib/gcc/bins/bin/../lib/gcc/arm-none-eabi/7.3.1/../../../../arm-none-eabi/lib/thumb/v8-m.main/fpv5-sp/hard/libc_nano.a(lib_a-mprec.o)
                0x0000000008055e2a                __lo0bits
 .text.__i2b    0x0000000008055e88       0x12 /home/fdl/Desktop/llvm_build_source/urai-rt-lib/gcc/bins/bin/../lib/gcc/arm-none-eabi/7.3.1/../../../../arm-none-eabi/lib/thumb/v8-m.main/fpv5-sp/hard/libc_nano.a(lib_a-mprec.o)
                0x0000000008055e88                __i2b
 .text.__multiply
                0x0000000008055e9a      0x12a /home/fdl/Desktop/llvm_build_source/urai-rt-lib/gcc/bins/bin/../lib/gcc/arm-none-eabi/7.3.1/../../../../arm-none-eabi/lib/thumb/v8-m.main/fpv5-sp/hard/libc_nano.a(lib_a-mprec.o)
                0x0000000008055e9a                __multiply
 .text.__pow5mult
                0x0000000008055fc4       0x9c /home/fdl/Desktop/llvm_build_source/urai-rt-lib/gcc/bins/bin/../lib/gcc/arm-none-eabi/7.3.1/../../../../arm-none-eabi/lib/thumb/v8-m.main/fpv5-sp/hard/libc_nano.a(lib_a-mprec.o)
                0x0000000008055fc4                __pow5mult
 .text.__lshift
                0x0000000008056060       0xa8 /home/fdl/Desktop/llvm_build_source/urai-rt-lib/gcc/bins/bin/../lib/gcc/arm-none-eabi/7.3.1/../../../../arm-none-eabi/lib/thumb/v8-m.main/fpv5-sp/hard/libc_nano.a(lib_a-mprec.o)
                0x0000000008056060                __lshift
 .text.__mcmp   0x0000000008056108       0x34 /home/fdl/Desktop/llvm_build_source/urai-rt-lib/gcc/bins/bin/../lib/gcc/arm-none-eabi/7.3.1/../../../../arm-none-eabi/lib/thumb/v8-m.main/fpv5-sp/hard/libc_nano.a(lib_a-mprec.o)
                0x0000000008056108                __mcmp
 .text.__mdiff  0x000000000805613c       0xc0 /home/fdl/Desktop/llvm_build_source/urai-rt-lib/gcc/bins/bin/../lib/gcc/arm-none-eabi/7.3.1/../../../../arm-none-eabi/lib/thumb/v8-m.main/fpv5-sp/hard/libc_nano.a(lib_a-mprec.o)
                0x000000000805613c                __mdiff
 .text.__d2b    0x00000000080561fc       0x9e /home/fdl/Desktop/llvm_build_source/urai-rt-lib/gcc/bins/bin/../lib/gcc/arm-none-eabi/7.3.1/../../../../arm-none-eabi/lib/thumb/v8-m.main/fpv5-sp/hard/libc_nano.a(lib_a-mprec.o)
                0x00000000080561fc                __d2b
 .text._calloc_r
                0x000000000805629a       0x1c /home/fdl/Desktop/llvm_build_source/urai-rt-lib/gcc/bins/bin/../lib/gcc/arm-none-eabi/7.3.1/../../../../arm-none-eabi/lib/thumb/v8-m.main/fpv5-sp/hard/libc_nano.a(lib_a-nano-callocr.o)
                0x000000000805629a                _calloc_r
 *fill*         0x00000000080562b6        0x2 
 .text._free_r  0x00000000080562b8       0x9c /home/fdl/Desktop/llvm_build_source/urai-rt-lib/gcc/bins/bin/../lib/gcc/arm-none-eabi/7.3.1/../../../../arm-none-eabi/lib/thumb/v8-m.main/fpv5-sp/hard/libc_nano.a(lib_a-nano-freer.o)
                0x00000000080562b8                _free_r
 .text._malloc_r
                0x0000000008056354       0xb4 /home/fdl/Desktop/llvm_build_source/urai-rt-lib/gcc/bins/bin/../lib/gcc/arm-none-eabi/7.3.1/../../../../arm-none-eabi/lib/thumb/v8-m.main/fpv5-sp/hard/libc_nano.a(lib_a-nano-mallocr.o)
                0x0000000008056354                _malloc_r
 .text.__ssputs_r
                0x0000000008056408       0xb4 /home/fdl/Desktop/llvm_build_source/urai-rt-lib/gcc/bins/bin/../lib/gcc/arm-none-eabi/7.3.1/../../../../arm-none-eabi/lib/thumb/v8-m.main/fpv5-sp/hard/libc_nano.a(lib_a-nano-svfprintf.o)
                0x0000000008056408                __ssputs_r
 .text._svfprintf_r
                0x00000000080564bc      0x1f0 /home/fdl/Desktop/llvm_build_source/urai-rt-lib/gcc/bins/bin/../lib/gcc/arm-none-eabi/7.3.1/../../../../arm-none-eabi/lib/thumb/v8-m.main/fpv5-sp/hard/libc_nano.a(lib_a-nano-svfprintf.o)
                0x00000000080564bc                _svfprintf_r
                0x00000000080564bc                _svfiprintf_r
 .text.__sfputc_r
                0x00000000080566ac       0x2e /home/fdl/Desktop/llvm_build_source/urai-rt-lib/gcc/bins/bin/../lib/gcc/arm-none-eabi/7.3.1/../../../../arm-none-eabi/lib/thumb/v8-m.main/fpv5-sp/hard/libc_nano.a(lib_a-nano-vfprintf.o)
 .text.__sfputs_r
                0x00000000080566da       0x24 /home/fdl/Desktop/llvm_build_source/urai-rt-lib/gcc/bins/bin/../lib/gcc/arm-none-eabi/7.3.1/../../../../arm-none-eabi/lib/thumb/v8-m.main/fpv5-sp/hard/libc_nano.a(lib_a-nano-vfprintf.o)
                0x00000000080566da                __sfputs_r
 *fill*         0x00000000080566fe        0x2 
 .text._vfprintf_r
                0x0000000008056700      0x22c /home/fdl/Desktop/llvm_build_source/urai-rt-lib/gcc/bins/bin/../lib/gcc/arm-none-eabi/7.3.1/../../../../arm-none-eabi/lib/thumb/v8-m.main/fpv5-sp/hard/libc_nano.a(lib_a-nano-vfprintf.o)
                0x0000000008056700                _vfiprintf_r
                0x0000000008056700                _vfprintf_r
 .text.__svfscanf_r
                0x000000000805692c      0x2a0 /home/fdl/Desktop/llvm_build_source/urai-rt-lib/gcc/bins/bin/../lib/gcc/arm-none-eabi/7.3.1/../../../../arm-none-eabi/lib/thumb/v8-m.main/fpv5-sp/hard/libc_nano.a(lib_a-nano-vfscanf.o)
                0x000000000805692c                __svfiscanf_r
                0x000000000805692c                __svfscanf_r
 .text._vfscanf_r
                0x0000000008056bcc       0x50 /home/fdl/Desktop/llvm_build_source/urai-rt-lib/gcc/bins/bin/../lib/gcc/arm-none-eabi/7.3.1/../../../../arm-none-eabi/lib/thumb/v8-m.main/fpv5-sp/hard/libc_nano.a(lib_a-nano-vfscanf.o)
                0x0000000008056bcc                _vfiscanf_r
                0x0000000008056bcc                _vfscanf_r
 .text._scanf_chars
                0x0000000008056c1c       0xba /home/fdl/Desktop/llvm_build_source/urai-rt-lib/gcc/bins/bin/../lib/gcc/arm-none-eabi/7.3.1/../../../../arm-none-eabi/lib/thumb/v8-m.main/fpv5-sp/hard/libc_nano.a(lib_a-nano-vfscanf_i.o)
                0x0000000008056c1c                _scanf_chars
 *fill*         0x0000000008056cd6        0x2 
 .text._scanf_i
                0x0000000008056cd8      0x1e8 /home/fdl/Desktop/llvm_build_source/urai-rt-lib/gcc/bins/bin/../lib/gcc/arm-none-eabi/7.3.1/../../../../arm-none-eabi/lib/thumb/v8-m.main/fpv5-sp/hard/libc_nano.a(lib_a-nano-vfscanf_i.o)
                0x0000000008056cd8                _scanf_i
 .text.lflush   0x0000000008056ec0       0x12 /home/fdl/Desktop/llvm_build_source/urai-rt-lib/gcc/bins/bin/../lib/gcc/arm-none-eabi/7.3.1/../../../../arm-none-eabi/lib/thumb/v8-m.main/fpv5-sp/hard/libc_nano.a(lib_a-refill.o)
 *fill*         0x0000000008056ed2        0x2 
 .text.__srefill_r
                0x0000000008056ed4      0x118 /home/fdl/Desktop/llvm_build_source/urai-rt-lib/gcc/bins/bin/../lib/gcc/arm-none-eabi/7.3.1/../../../../arm-none-eabi/lib/thumb/v8-m.main/fpv5-sp/hard/libc_nano.a(lib_a-refill.o)
                0x0000000008056ed4                __srefill_r
 .text.__srget_r
                0x0000000008056fec       0x58 /home/fdl/Desktop/llvm_build_source/urai-rt-lib/gcc/bins/bin/../lib/gcc/arm-none-eabi/7.3.1/../../../../arm-none-eabi/lib/thumb/v8-m.main/fpv5-sp/hard/libc_nano.a(lib_a-rget.o)
                0x0000000008056fec                __srget_r
 .text._sbrk_r  0x0000000008057044       0x20 /home/fdl/Desktop/llvm_build_source/urai-rt-lib/gcc/bins/bin/../lib/gcc/arm-none-eabi/7.3.1/../../../../arm-none-eabi/lib/thumb/v8-m.main/fpv5-sp/hard/libc_nano.a(lib_a-sbrkr.o)
                0x0000000008057044                _sbrk_r
 .text.__sccl   0x0000000008057064       0x62 /home/fdl/Desktop/llvm_build_source/urai-rt-lib/gcc/bins/bin/../lib/gcc/arm-none-eabi/7.3.1/../../../../arm-none-eabi/lib/thumb/v8-m.main/fpv5-sp/hard/libc_nano.a(lib_a-sccl.o)
                0x0000000008057064                __sccl
 .text.__sread  0x00000000080570c6       0x22 /home/fdl/Desktop/llvm_build_source/urai-rt-lib/gcc/bins/bin/../lib/gcc/arm-none-eabi/7.3.1/../../../../arm-none-eabi/lib/thumb/v8-m.main/fpv5-sp/hard/libc_nano.a(lib_a-stdio.o)
                0x00000000080570c6                __sread
 .text.__swrite
                0x00000000080570e8       0x38 /home/fdl/Desktop/llvm_build_source/urai-rt-lib/gcc/bins/bin/../lib/gcc/arm-none-eabi/7.3.1/../../../../arm-none-eabi/lib/thumb/v8-m.main/fpv5-sp/hard/libc_nano.a(lib_a-stdio.o)
                0x00000000080570e8                __swrite
 .text.__sseek  0x0000000008057120       0x24 /home/fdl/Desktop/llvm_build_source/urai-rt-lib/gcc/bins/bin/../lib/gcc/arm-none-eabi/7.3.1/../../../../arm-none-eabi/lib/thumb/v8-m.main/fpv5-sp/hard/libc_nano.a(lib_a-stdio.o)
                0x0000000008057120                __sseek
 .text.__sclose
                0x0000000008057144        0x8 /home/fdl/Desktop/llvm_build_source/urai-rt-lib/gcc/bins/bin/../lib/gcc/arm-none-eabi/7.3.1/../../../../arm-none-eabi/lib/thumb/v8-m.main/fpv5-sp/hard/libc_nano.a(lib_a-stdio.o)
                0x0000000008057144                __sclose
 .text._strtoul_l.isra.0
                0x000000000805714c       0xf4 /home/fdl/Desktop/llvm_build_source/urai-rt-lib/gcc/bins/bin/../lib/gcc/arm-none-eabi/7.3.1/../../../../arm-none-eabi/lib/thumb/v8-m.main/fpv5-sp/hard/libc_nano.a(lib_a-strtoul.o)
 .text._strtoul_r
                0x0000000008057240       0x24 /home/fdl/Desktop/llvm_build_source/urai-rt-lib/gcc/bins/bin/../lib/gcc/arm-none-eabi/7.3.1/../../../../arm-none-eabi/lib/thumb/v8-m.main/fpv5-sp/hard/libc_nano.a(lib_a-strtoul.o)
                0x0000000008057240                _strtoul_r
 .text.__submore
                0x0000000008057264       0x6e /home/fdl/Desktop/llvm_build_source/urai-rt-lib/gcc/bins/bin/../lib/gcc/arm-none-eabi/7.3.1/../../../../arm-none-eabi/lib/thumb/v8-m.main/fpv5-sp/hard/libc_nano.a(lib_a-ungetc.o)
                0x0000000008057264                __submore
 *fill*         0x00000000080572d2        0x2 
 .text._ungetc_r
                0x00000000080572d4       0xe4 /home/fdl/Desktop/llvm_build_source/urai-rt-lib/gcc/bins/bin/../lib/gcc/arm-none-eabi/7.3.1/../../../../arm-none-eabi/lib/thumb/v8-m.main/fpv5-sp/hard/libc_nano.a(lib_a-ungetc.o)
                0x00000000080572d4                _ungetc_r
 .text.__swbuf_r
                0x00000000080573b8       0xa4 /home/fdl/Desktop/llvm_build_source/urai-rt-lib/gcc/bins/bin/../lib/gcc/arm-none-eabi/7.3.1/../../../../arm-none-eabi/lib/thumb/v8-m.main/fpv5-sp/hard/libc_nano.a(lib_a-wbuf.o)
                0x00000000080573b8                __swbuf_r
 .text.__ascii_wctomb
                0x000000000805745c       0x1a /home/fdl/Desktop/llvm_build_source/urai-rt-lib/gcc/bins/bin/../lib/gcc/arm-none-eabi/7.3.1/../../../../arm-none-eabi/lib/thumb/v8-m.main/fpv5-sp/hard/libc_nano.a(lib_a-wctomb_r.o)
                0x000000000805745c                __ascii_wctomb
 *fill*         0x0000000008057476        0x2 
 .text._write_r
                0x0000000008057478       0x24 /home/fdl/Desktop/llvm_build_source/urai-rt-lib/gcc/bins/bin/../lib/gcc/arm-none-eabi/7.3.1/../../../../arm-none-eabi/lib/thumb/v8-m.main/fpv5-sp/hard/libc_nano.a(lib_a-writer.o)
                0x0000000008057478                _write_r
 .text.__swsetup_r
                0x000000000805749c       0xdc /home/fdl/Desktop/llvm_build_source/urai-rt-lib/gcc/bins/bin/../lib/gcc/arm-none-eabi/7.3.1/../../../../arm-none-eabi/lib/thumb/v8-m.main/fpv5-sp/hard/libc_nano.a(lib_a-wsetup.o)
                0x000000000805749c                __swsetup_r
 .text._close_r
                0x0000000008057578       0x20 /home/fdl/Desktop/llvm_build_source/urai-rt-lib/gcc/bins/bin/../lib/gcc/arm-none-eabi/7.3.1/../../../../arm-none-eabi/lib/thumb/v8-m.main/fpv5-sp/hard/libc_nano.a(lib_a-closer.o)
                0x0000000008057578                _close_r
 .text.__sflush_r
                0x0000000008057598      0x108 /home/fdl/Desktop/llvm_build_source/urai-rt-lib/gcc/bins/bin/../lib/gcc/arm-none-eabi/7.3.1/../../../../arm-none-eabi/lib/thumb/v8-m.main/fpv5-sp/hard/libc_nano.a(lib_a-fflush.o)
                0x0000000008057598                __sflush_r
 .text._fflush_r
                0x00000000080576a0       0x54 /home/fdl/Desktop/llvm_build_source/urai-rt-lib/gcc/bins/bin/../lib/gcc/arm-none-eabi/7.3.1/../../../../arm-none-eabi/lib/thumb/v8-m.main/fpv5-sp/hard/libc_nano.a(lib_a-fflush.o)
                0x00000000080576a0                _fflush_r
 .text.fflush   0x00000000080576f4       0x24 /home/fdl/Desktop/llvm_build_source/urai-rt-lib/gcc/bins/bin/../lib/gcc/arm-none-eabi/7.3.1/../../../../arm-none-eabi/lib/thumb/v8-m.main/fpv5-sp/hard/libc_nano.a(lib_a-fflush.o)
                0x00000000080576f4                fflush
 .text._lseek_r
                0x0000000008057718       0x24 /home/fdl/Desktop/llvm_build_source/urai-rt-lib/gcc/bins/bin/../lib/gcc/arm-none-eabi/7.3.1/../../../../arm-none-eabi/lib/thumb/v8-m.main/fpv5-sp/hard/libc_nano.a(lib_a-lseekr.o)
                0x0000000008057718                _lseek_r
 .text.__swhatbuf_r
                0x000000000805773c       0x48 /home/fdl/Desktop/llvm_build_source/urai-rt-lib/gcc/bins/bin/../lib/gcc/arm-none-eabi/7.3.1/../../../../arm-none-eabi/lib/thumb/v8-m.main/fpv5-sp/hard/libc_nano.a(lib_a-makebuf.o)
                0x000000000805773c                __swhatbuf_r
 .text.__smakebuf_r
                0x0000000008057784       0x80 /home/fdl/Desktop/llvm_build_source/urai-rt-lib/gcc/bins/bin/../lib/gcc/arm-none-eabi/7.3.1/../../../../arm-none-eabi/lib/thumb/v8-m.main/fpv5-sp/hard/libc_nano.a(lib_a-makebuf.o)
                0x0000000008057784                __smakebuf_r
 .text.memmove  0x0000000008057804       0x32 /home/fdl/Desktop/llvm_build_source/urai-rt-lib/gcc/bins/bin/../lib/gcc/arm-none-eabi/7.3.1/../../../../arm-none-eabi/lib/thumb/v8-m.main/fpv5-sp/hard/libc_nano.a(lib_a-memmove.o)
                0x0000000008057804                memmove
 .text.__malloc_lock
                0x0000000008057836        0x2 /home/fdl/Desktop/llvm_build_source/urai-rt-lib/gcc/bins/bin/../lib/gcc/arm-none-eabi/7.3.1/../../../../arm-none-eabi/lib/thumb/v8-m.main/fpv5-sp/hard/libc_nano.a(lib_a-mlock.o)
                0x0000000008057836                __malloc_lock
 .text.__malloc_unlock
                0x0000000008057838        0x2 /home/fdl/Desktop/llvm_build_source/urai-rt-lib/gcc/bins/bin/../lib/gcc/arm-none-eabi/7.3.1/../../../../arm-none-eabi/lib/thumb/v8-m.main/fpv5-sp/hard/libc_nano.a(lib_a-mlock.o)
                0x0000000008057838                __malloc_unlock
 .text._realloc_r
                0x000000000805783a       0x4c /home/fdl/Desktop/llvm_build_source/urai-rt-lib/gcc/bins/bin/../lib/gcc/arm-none-eabi/7.3.1/../../../../arm-none-eabi/lib/thumb/v8-m.main/fpv5-sp/hard/libc_nano.a(lib_a-nano-reallocr.o)
                0x000000000805783a                _realloc_r
 *fill*         0x0000000008057886        0x2 
 .text._read_r  0x0000000008057888       0x24 /home/fdl/Desktop/llvm_build_source/urai-rt-lib/gcc/bins/bin/../lib/gcc/arm-none-eabi/7.3.1/../../../../arm-none-eabi/lib/thumb/v8-m.main/fpv5-sp/hard/libc_nano.a(lib_a-readr.o)
                0x0000000008057888                _read_r
 .text._fstat_r
                0x00000000080578ac       0x24 /home/fdl/Desktop/llvm_build_source/urai-rt-lib/gcc/bins/bin/../lib/gcc/arm-none-eabi/7.3.1/../../../../arm-none-eabi/lib/thumb/v8-m.main/fpv5-sp/hard/libc_nano.a(lib_a-fstatr.o)
                0x00000000080578ac                _fstat_r
 .text._isatty_r
                0x00000000080578d0       0x20 /home/fdl/Desktop/llvm_build_source/urai-rt-lib/gcc/bins/bin/../lib/gcc/arm-none-eabi/7.3.1/../../../../arm-none-eabi/lib/thumb/v8-m.main/fpv5-sp/hard/libc_nano.a(lib_a-isattyr.o)
                0x00000000080578d0                _isatty_r
 .text._malloc_usable_size_r
                0x00000000080578f0       0x10 /home/fdl/Desktop/llvm_build_source/urai-rt-lib/gcc/bins/bin/../lib/gcc/arm-none-eabi/7.3.1/../../../../arm-none-eabi/lib/thumb/v8-m.main/fpv5-sp/hard/libc_nano.a(lib_a-nano-msizer.o)
                0x00000000080578f0                _malloc_usable_size_r
 *(.glue_7)
 .glue_7        0x0000000008057900        0x0 linker stubs
 *(.glue_7t)
 .glue_7t       0x0000000008057900        0x0 linker stubs
 *(.eh_frame)
 .eh_frame      0x0000000008057900        0x0 /home/fdl/Desktop/llvm_build_source/urai-rt-lib/gcc/bins/bin/../lib/gcc/arm-none-eabi/7.3.1/thumb/v8-m.main/fpv5-sp/hard/crtbegin.o
 *(.init)
 .init          0x0000000008057900        0x4 /home/fdl/Desktop/llvm_build_source/urai-rt-lib/gcc/bins/bin/../lib/gcc/arm-none-eabi/7.3.1/thumb/v8-m.main/fpv5-sp/hard/crti.o
                0x0000000008057900                _init
 .init          0x0000000008057904        0x8 /home/fdl/Desktop/llvm_build_source/urai-rt-lib/gcc/bins/bin/../lib/gcc/arm-none-eabi/7.3.1/thumb/v8-m.main/fpv5-sp/hard/crtn.o
 *(.fini)
 .fini          0x000000000805790c        0x4 /home/fdl/Desktop/llvm_build_source/urai-rt-lib/gcc/bins/bin/../lib/gcc/arm-none-eabi/7.3.1/thumb/v8-m.main/fpv5-sp/hard/crti.o
                0x000000000805790c                _fini
 .fini          0x0000000008057910        0x8 /home/fdl/Desktop/llvm_build_source/urai-rt-lib/gcc/bins/bin/../lib/gcc/arm-none-eabi/7.3.1/thumb/v8-m.main/fpv5-sp/hard/crtn.o
 .fini.__stub   0x0000000008057918       0x20 linker stubs
                0x0000000008057938                . = ALIGN (0x4)
                0x0000000008057938                _etext = .

.vfp11_veneer   0x0000000008057938        0x0
 .vfp11_veneer  0x0000000008057938        0x0 linker stubs

.v4_bx          0x0000000008057938        0x0
 .v4_bx         0x0000000008057938        0x0 linker stubs

.iplt           0x0000000008057938        0x0
 .iplt          0x0000000008057938        0x0 /home/fdl/Desktop/llvm_build_source/urai-rt-lib/gcc/bins/bin/../lib/gcc/arm-none-eabi/7.3.1/thumb/v8-m.main/fpv5-sp/hard/crtbegin.o

.rodata         0x0000000008057938      0x684
                0x0000000008057938                . = ALIGN (0x4)
 *(.rodata)
 .rodata        0x0000000008057938       0x90 Build/Objects/syringe_NonSecure--cceinstrumented.o
                0x0000000008057954                UARTPrescTable
                0x000000000805796c                mLBolusStepsLength
                0x0000000008057970                AHBPrescTable
                0x0000000008057980                APBPrescTable
                0x0000000008057988                MSIRangeTable
 .rodata        0x00000000080579c8        0xc /home/fdl/Desktop/llvm_build_source/urai-rt-lib/gcc/bins/bin/../lib/gcc/arm-none-eabi/7.3.1/../../../../arm-none-eabi/lib/thumb/v8-m.main/fpv5-sp/hard/libc_nano.a(lib_a-nano-vfscanf_i.o)
 *(.rodata*)
 .rodata.str1.1
                0x00000000080579d4      0x30c Build/Objects/syringe_NonSecure--cceinstrumented.o
                                        0x32f (size before relaxing)
 .rodata._global_impure_ptr
                0x0000000008057ce0        0x4 /home/fdl/Desktop/llvm_build_source/urai-rt-lib/gcc/bins/bin/../lib/gcc/arm-none-eabi/7.3.1/../../../../arm-none-eabi/lib/thumb/v8-m.main/fpv5-sp/hard/libc_nano.a(lib_a-impure.o)
                0x0000000008057ce0                _global_impure_ptr
 .rodata._printf_float.str1.1
                0x0000000008057ce4       0x10 /home/fdl/Desktop/llvm_build_source/urai-rt-lib/gcc/bins/bin/../lib/gcc/arm-none-eabi/7.3.1/../../../../arm-none-eabi/lib/thumb/v8-m.main/fpv5-sp/hard/libc_nano.a(lib_a-nano-vfprintf_float.o)
                                         0x12 (size before relaxing)
 .rodata._printf_i.str1.1
                0x0000000008057cf4       0x22 /home/fdl/Desktop/llvm_build_source/urai-rt-lib/gcc/bins/bin/../lib/gcc/arm-none-eabi/7.3.1/../../../../arm-none-eabi/lib/thumb/v8-m.main/fpv5-sp/hard/libc_nano.a(lib_a-nano-vfprintf_i.o)
 .rodata._dtoa_r.str1.1
                0x0000000008057d16        0xd /home/fdl/Desktop/llvm_build_source/urai-rt-lib/gcc/bins/bin/../lib/gcc/arm-none-eabi/7.3.1/../../../../arm-none-eabi/lib/thumb/v8-m.main/fpv5-sp/hard/libc_nano.a(lib_a-dtoa.o)
                                          0xf (size before relaxing)
 *fill*         0x0000000008057d23        0x1 
 .rodata.__sf_fake_stderr
                0x0000000008057d24       0x20 /home/fdl/Desktop/llvm_build_source/urai-rt-lib/gcc/bins/bin/../lib/gcc/arm-none-eabi/7.3.1/../../../../arm-none-eabi/lib/thumb/v8-m.main/fpv5-sp/hard/libc_nano.a(lib_a-findfp.o)
                0x0000000008057d24                __sf_fake_stderr
 .rodata.__sf_fake_stdin
                0x0000000008057d44       0x20 /home/fdl/Desktop/llvm_build_source/urai-rt-lib/gcc/bins/bin/../lib/gcc/arm-none-eabi/7.3.1/../../../../arm-none-eabi/lib/thumb/v8-m.main/fpv5-sp/hard/libc_nano.a(lib_a-findfp.o)
                0x0000000008057d44                __sf_fake_stdin
 .rodata.__sf_fake_stdout
                0x0000000008057d64       0x20 /home/fdl/Desktop/llvm_build_source/urai-rt-lib/gcc/bins/bin/../lib/gcc/arm-none-eabi/7.3.1/../../../../arm-none-eabi/lib/thumb/v8-m.main/fpv5-sp/hard/libc_nano.a(lib_a-findfp.o)
                0x0000000008057d64                __sf_fake_stdout
 .rodata._setlocale_r.str1.1
                0x0000000008057d84        0x8 /home/fdl/Desktop/llvm_build_source/urai-rt-lib/gcc/bins/bin/../lib/gcc/arm-none-eabi/7.3.1/../../../../arm-none-eabi/lib/thumb/v8-m.main/fpv5-sp/hard/libc_nano.a(lib_a-locale.o)
                                          0x9 (size before relaxing)
 .rodata.str1.1
                0x0000000008057d8c        0x2 /home/fdl/Desktop/llvm_build_source/urai-rt-lib/gcc/bins/bin/../lib/gcc/arm-none-eabi/7.3.1/../../../../arm-none-eabi/lib/thumb/v8-m.main/fpv5-sp/hard/libc_nano.a(lib_a-locale.o)
 *fill*         0x0000000008057d8e        0x2 
 .rodata.__mprec_bigtens
                0x0000000008057d90       0x28 /home/fdl/Desktop/llvm_build_source/urai-rt-lib/gcc/bins/bin/../lib/gcc/arm-none-eabi/7.3.1/../../../../arm-none-eabi/lib/thumb/v8-m.main/fpv5-sp/hard/libc_nano.a(lib_a-mprec.o)
                0x0000000008057d90                __mprec_bigtens
 .rodata.__mprec_tens
                0x0000000008057db8       0xc8 /home/fdl/Desktop/llvm_build_source/urai-rt-lib/gcc/bins/bin/../lib/gcc/arm-none-eabi/7.3.1/../../../../arm-none-eabi/lib/thumb/v8-m.main/fpv5-sp/hard/libc_nano.a(lib_a-mprec.o)
                0x0000000008057db8                __mprec_tens
 .rodata.p05.7359
                0x0000000008057e80        0xc /home/fdl/Desktop/llvm_build_source/urai-rt-lib/gcc/bins/bin/../lib/gcc/arm-none-eabi/7.3.1/../../../../arm-none-eabi/lib/thumb/v8-m.main/fpv5-sp/hard/libc_nano.a(lib_a-mprec.o)
 .rodata._svfprintf_r.str1.1
                0x0000000008057e8c       0x11 /home/fdl/Desktop/llvm_build_source/urai-rt-lib/gcc/bins/bin/../lib/gcc/arm-none-eabi/7.3.1/../../../../arm-none-eabi/lib/thumb/v8-m.main/fpv5-sp/hard/libc_nano.a(lib_a-nano-svfprintf.o)
 .rodata._vfprintf_r.str1.1
                0x0000000008057e9d       0x11 /home/fdl/Desktop/llvm_build_source/urai-rt-lib/gcc/bins/bin/../lib/gcc/arm-none-eabi/7.3.1/../../../../arm-none-eabi/lib/thumb/v8-m.main/fpv5-sp/hard/libc_nano.a(lib_a-nano-vfprintf.o)
 .rodata.__svfscanf_r.str1.1
                0x0000000008057e9d        0x4 /home/fdl/Desktop/llvm_build_source/urai-rt-lib/gcc/bins/bin/../lib/gcc/arm-none-eabi/7.3.1/../../../../arm-none-eabi/lib/thumb/v8-m.main/fpv5-sp/hard/libc_nano.a(lib_a-nano-vfscanf.o)
 .rodata._scanf_i.str1.1
                0x0000000008057e9d       0x12 /home/fdl/Desktop/llvm_build_source/urai-rt-lib/gcc/bins/bin/../lib/gcc/arm-none-eabi/7.3.1/../../../../arm-none-eabi/lib/thumb/v8-m.main/fpv5-sp/hard/libc_nano.a(lib_a-nano-vfscanf_i.o)
 .rodata.str1.1
                0x0000000008057eaf        0x9 /home/fdl/Desktop/llvm_build_source/urai-rt-lib/gcc/bins/bin/../lib/gcc/arm-none-eabi/7.3.1/../../../../arm-none-eabi/lib/thumb/v8-m.main/fpv5-sp/hard/libc_nano.a(lib_a-nano-vfscanf_i.o)
 .rodata._ctype_
                0x0000000008057eb8      0x101 /home/fdl/Desktop/llvm_build_source/urai-rt-lib/gcc/bins/bin/../lib/gcc/arm-none-eabi/7.3.1/../../../../arm-none-eabi/lib/thumb/v8-m.main/fpv5-sp/hard/libc_nano.a(lib_a-ctype_.o)
                0x0000000008057eb8                _ctype_
                0x0000000008057fbc                . = ALIGN (0x4)
 *fill*         0x0000000008057fb9        0x3 

.ARM.extab      0x0000000008057fbc        0x0
                0x0000000008057fbc                . = ALIGN (0x4)
 *(.ARM.extab* .gnu.linkonce.armextab.*)
                0x0000000008057fbc                . = ALIGN (0x4)

.ARM            0x0000000008057fbc        0x8
                0x0000000008057fbc                . = ALIGN (0x4)
                0x0000000008057fbc                __exidx_start = .
 *(.ARM.exidx*)
 .ARM.exidx     0x0000000008057fbc        0x8 Build/Objects/syringe_NonSecure--cceinstrumented.o
                                       0x1020 (size before relaxing)
 .ARM.exidx     0x0000000008057fc4        0x0 /home/fdl/Desktop/llvm_build_source/urai-rt-lib/gcc/bins/bin/../lib/gcc/arm-none-eabi/7.3.1/thumb/v8-m.main/fpv5-sp/hard/libgcc.a(_udivmoddi4.o)
                                          0x8 (size before relaxing)
                0x0000000008057fc4                __exidx_end = .
                0x0000000008057fc4                . = ALIGN (0x4)

.rel.dyn        0x0000000008057fc4        0x0
 .rel.iplt      0x0000000008057fc4        0x0 /home/fdl/Desktop/llvm_build_source/urai-rt-lib/gcc/bins/bin/../lib/gcc/arm-none-eabi/7.3.1/thumb/v8-m.main/fpv5-sp/hard/crtbegin.o

.preinit_array  0x0000000008057fc4        0x0
                0x0000000008057fc4                . = ALIGN (0x4)
                0x0000000008057fc4                PROVIDE (__preinit_array_start = .)
 *(.preinit_array*)
                0x0000000008057fc4                PROVIDE (__preinit_array_end = .)
                0x0000000008057fc4                . = ALIGN (0x4)

.init_array     0x0000000008057fc4        0x4
                0x0000000008057fc4                . = ALIGN (0x4)
                0x0000000008057fc4                PROVIDE (__init_array_start = .)
 *(SORT_BY_NAME(.init_array.*))
 *(.init_array*)
 .init_array    0x0000000008057fc4        0x4 /home/fdl/Desktop/llvm_build_source/urai-rt-lib/gcc/bins/bin/../lib/gcc/arm-none-eabi/7.3.1/thumb/v8-m.main/fpv5-sp/hard/crtbegin.o
                0x0000000008057fc8                PROVIDE (__init_array_end = .)
                0x0000000008057fc8                . = ALIGN (0x4)

.fini_array     0x0000000008057fc8        0x4
                0x0000000008057fc8                . = ALIGN (0x4)
                [!provide]                        PROVIDE (__fini_array_start = .)
 *(SORT_BY_NAME(.fini_array.*))
 *(.fini_array*)
 .fini_array    0x0000000008057fc8        0x4 /home/fdl/Desktop/llvm_build_source/urai-rt-lib/gcc/bins/bin/../lib/gcc/arm-none-eabi/7.3.1/thumb/v8-m.main/fpv5-sp/hard/crtbegin.o
                [!provide]                        PROVIDE (__fini_array_end = .)
                0x0000000008057fcc                . = ALIGN (0x4)
                0x0000000008057fcc                _sidata = LOADADDR (.data)

.data           0x0000000020018000      0x268 load address 0x0000000008057fcc
                0x0000000020018000                . = ALIGN (0x4)
                0x0000000020018000                _sdata = .
 *(.data)
 .data          0x0000000020018000       0x98 Build/Objects/syringe_NonSecure--cceinstrumented.o
                0x0000000020018000                uwTickPrio
                0x0000000020018004                uwTickFreq
                0x0000000020018008                pFlash
                0x0000000020018024                ustepsPerMM
                0x0000000020018028                ustepsPerML
                0x000000002001802c                motorDirPin
                0x0000000020018030                motorStepPin
                0x0000000020018034                adc_key_val
                0x0000000020018048                NUM_KEYS
                0x000000002001804c                key
                0x0000000020018050                mLBolusSteps
                0x0000000020018074                mLBolus
                0x0000000020018078                mLBigBolus
                0x000000002001807c                mLBolusStepIdx
                0x0000000020018080                mLBolusStep
                0x0000000020018084                keyRepeatDelay
                0x0000000020018088                keyDebounce
                0x000000002001808c                prevKey
                0x0000000020018090                SystemCoreClock
                0x0000000020018094                environ
 *(.data*)
 .data._impure_ptr
                0x0000000020018098        0x4 /home/fdl/Desktop/llvm_build_source/urai-rt-lib/gcc/bins/bin/../lib/gcc/arm-none-eabi/7.3.1/../../../../arm-none-eabi/lib/thumb/v8-m.main/fpv5-sp/hard/libc_nano.a(lib_a-impure.o)
                0x0000000020018098                _impure_ptr
 .data.impure_data
                0x000000002001809c       0x60 /home/fdl/Desktop/llvm_build_source/urai-rt-lib/gcc/bins/bin/../lib/gcc/arm-none-eabi/7.3.1/../../../../arm-none-eabi/lib/thumb/v8-m.main/fpv5-sp/hard/libc_nano.a(lib_a-impure.o)
 .data.__global_locale
                0x00000000200180fc      0x16c /home/fdl/Desktop/llvm_build_source/urai-rt-lib/gcc/bins/bin/../lib/gcc/arm-none-eabi/7.3.1/../../../../arm-none-eabi/lib/thumb/v8-m.main/fpv5-sp/hard/libc_nano.a(lib_a-locale.o)
                0x00000000200180fc                __global_locale
                0x0000000020018268                . = ALIGN (0x4)
                0x0000000020018268                _edata = .

.igot.plt       0x0000000020018268        0x0 load address 0x0000000008058234
 .igot.plt      0x0000000020018268        0x0 /home/fdl/Desktop/llvm_build_source/urai-rt-lib/gcc/bins/bin/../lib/gcc/arm-none-eabi/7.3.1/thumb/v8-m.main/fpv5-sp/hard/crtbegin.o
                0x0000000020018268                . = ALIGN (0x4)

.bss            0x0000000020018268     0x30b0 load address 0x0000000008058234
                0x0000000020018268                _sbss = .
                0x0000000020018268                __bss_start__ = _sbss
 *(.bss)
 .bss           0x0000000020018268       0x1c /home/fdl/Desktop/llvm_build_source/urai-rt-lib/gcc/bins/bin/../lib/gcc/arm-none-eabi/7.3.1/thumb/v8-m.main/fpv5-sp/hard/crtbegin.o
 .bss           0x0000000020018284       0xb8 Build/Objects/syringe_NonSecure--cceinstrumented.o
                0x0000000020018288                UartReady
                0x0000000020018289                OutBuf
                0x00000000200182bc                triggerPin
                0x00000000200182c0                bigTriggerPin
                0x00000000200182c4                mLUsed
                0x00000000200182c8                stepperPos
                0x00000000200182cc                lastKeyRepeatAt
                0x00000000200182d0                uiState
                0x00000000200182d4                prevBigTrigger
                0x00000000200182d8                prevTrigger
                0x00000000200182dc                serialStr
                0x000000002001832c                serialStrReady
                0x0000000020018330                serialStrLen
                0x0000000020018334                __env
                0x0000000020018338                __unnamed_1
 *(.bss*)
 .bss.__malloc_free_list
                0x000000002001833c        0x4 /home/fdl/Desktop/llvm_build_source/urai-rt-lib/gcc/bins/bin/../lib/gcc/arm-none-eabi/7.3.1/../../../../arm-none-eabi/lib/thumb/v8-m.main/fpv5-sp/hard/libc_nano.a(lib_a-nano-mallocr.o)
                0x000000002001833c                __malloc_free_list
 .bss.__malloc_sbrk_start
                0x0000000020018340        0x4 /home/fdl/Desktop/llvm_build_source/urai-rt-lib/gcc/bins/bin/../lib/gcc/arm-none-eabi/7.3.1/../../../../arm-none-eabi/lib/thumb/v8-m.main/fpv5-sp/hard/libc_nano.a(lib_a-nano-mallocr.o)
                0x0000000020018340                __malloc_sbrk_start
 *(COMMON)
 COMMON         0x0000000020018344     0x2fd0 Build/Objects/syringe_NonSecure--cceinstrumented.o
                0x0000000020018344                lcd
                0x0000000020018348                dfi_trigger_count
                0x000000002001834c                cfi_trigger_count
                0x0000000020018350                bitmap
                0x000000002001aa60                sensitiveAddr
                0x000000002001aa64                uwTick
                0x000000002001aa68                global_esp
                0x000000002001aa6c                memory
                0x000000002001b26c                global_ebp
                0x000000002001b270                charBuf
                0x000000002001b280                huart1
                0x000000002001b310                adc_key_in
 COMMON         0x000000002001b314        0x4 /home/fdl/Desktop/llvm_build_source/urai-rt-lib/gcc/bins/bin/../lib/gcc/arm-none-eabi/7.3.1/../../../../arm-none-eabi/lib/thumb/v8-m.main/fpv5-sp/hard/libc_nano.a(lib_a-reent.o)
                0x000000002001b314                errno
                0x000000002001b318                . = ALIGN (0x4)
                0x000000002001b318                _ebss = .
                0x000000002001b318                __bss_end__ = _ebss

._user_heap_stack
                0x000000002001b318      0x600 load address 0x0000000008058234
                0x000000002001b318                . = ALIGN (0x8)
                [!provide]                        PROVIDE (end = .)
                0x000000002001b318                PROVIDE (_end = .)
                0x000000002001b518                . = (. + _Min_Heap_Size)
 *fill*         0x000000002001b318      0x200 
                0x000000002001b918                . = (. + _Min_Stack_Size)
 *fill*         0x000000002001b518      0x400 
                0x000000002001b918                . = ALIGN (0x8)

/DISCARD/
 libc.a(*)
 libm.a(*)
 libgcc.a(*)

.ARM.attributes
                0x0000000000000000       0x3a
 *(.ARM.attributes)
 .ARM.attributes
                0x0000000000000000       0x26 /home/fdl/Desktop/llvm_build_source/urai-rt-lib/gcc/bins/bin/../lib/gcc/arm-none-eabi/7.3.1/thumb/v8-m.main/fpv5-sp/hard/crti.o
 .ARM.attributes
                0x0000000000000026       0x38 /home/fdl/Desktop/llvm_build_source/urai-rt-lib/gcc/bins/bin/../lib/gcc/arm-none-eabi/7.3.1/thumb/v8-m.main/fpv5-sp/hard/crtbegin.o
 .ARM.attributes
                0x000000000000005e       0x24 Build/Objects/startup_stm32l562qeixq.o
 .ARM.attributes
                0x0000000000000082       0x38 Build/Objects/syringe_NonSecure--cceinstrumented.o
 .ARM.attributes
                0x00000000000000ba       0x38 /home/fdl/Desktop/llvm_build_source/urai-rt-lib/gcc/bins/bin/../lib/gcc/arm-none-eabi/7.3.1/../../../../arm-none-eabi/lib/thumb/v8-m.main/fpv5-sp/hard/libc_nano.a(lib_a-aeabi_memclr.o)
 .ARM.attributes
                0x00000000000000f2       0x38 /home/fdl/Desktop/llvm_build_source/urai-rt-lib/gcc/bins/bin/../lib/gcc/arm-none-eabi/7.3.1/../../../../arm-none-eabi/lib/thumb/v8-m.main/fpv5-sp/hard/libc_nano.a(lib_a-aeabi_memcpy.o)
 .ARM.attributes
                0x000000000000012a       0x24 /home/fdl/Desktop/llvm_build_source/urai-rt-lib/gcc/bins/bin/../lib/gcc/arm-none-eabi/7.3.1/../../../../arm-none-eabi/lib/thumb/v8-m.main/fpv5-sp/hard/libc_nano.a(lib_a-aeabi_memset-soft.o)
 .ARM.attributes