Archive member included to satisfy reference by file (symbol)

d:/programs/st/stm32cubeide_1.8.0/stm32cubeide/plugins/com.st.stm32cube.ide.mcu.externaltools.gnu-tools-for-stm32.9-2020-q2-update.win32_2.0.0.202105311346/tools/bin/../lib/gcc/arm-none-eabi/9.3.1/../../../../arm-none-eabi/lib/thumb/v8-m.main+fp/hard\libc_nano.a(lib_a-calloc.o)
                              ./Middlewares/Third_Party/mbedTLS/asn1parse.o (calloc)
d:/programs/st/stm32cubeide_1.8.0/stm32cubeide/plugins/com.st.stm32cube.ide.mcu.externaltools.gnu-tools-for-stm32.9-2020-q2-update.win32_2.0.0.202105311346/tools/bin/../lib/gcc/arm-none-eabi/9.3.1/../../../../arm-none-eabi/lib/thumb/v8-m.main+fp/hard\libc_nano.a(lib_a-errno.o)
                              ./Core/Src/syscalls.o (__errno)
d:/programs/st/stm32cubeide_1.8.0/stm32cubeide/plugins/com.st.stm32cube.ide.mcu.externaltools.gnu-tools-for-stm32.9-2020-q2-update.win32_2.0.0.202105311346/tools/bin/../lib/gcc/arm-none-eabi/9.3.1/../../../../arm-none-eabi/lib/thumb/v8-m.main+fp/hard\libc_nano.a(lib_a-exit.o)
                              d:/programs/st/stm32cubeide_1.8.0/stm32cubeide/plugins/com.st.stm32cube.ide.mcu.externaltools.gnu-tools-for-stm32.9-2020-q2-update.win32_2.0.0.202105311346/tools/bin/../lib/gcc/arm-none-eabi/9.3.1/../../../../arm-none-eabi/lib/thumb/v8-m.main+fp/hard/crt0.o (exit)
d:/programs/st/stm32cubeide_1.8.0/stm32cubeide/plugins/com.st.stm32cube.ide.mcu.externaltools.gnu-tools-for-stm32.9-2020-q2-update.win32_2.0.0.202105311346/tools/bin/../lib/gcc/arm-none-eabi/9.3.1/../../../../arm-none-eabi/lib/thumb/v8-m.main+fp/hard\libc_nano.a(lib_a-impure.o)
                              d:/programs/st/stm32cubeide_1.8.0/stm32cubeide/plugins/com.st.stm32cube.ide.mcu.externaltools.gnu-tools-for-stm32.9-2020-q2-update.win32_2.0.0.202105311346/tools/bin/../lib/gcc/arm-none-eabi/9.3.1/../../../../arm-none-eabi/lib/thumb/v8-m.main+fp/hard\libc_nano.a(lib_a-exit.o) (_global_impure_ptr)
d:/programs/st/stm32cubeide_1.8.0/stm32cubeide/plugins/com.st.stm32cube.ide.mcu.externaltools.gnu-tools-for-stm32.9-2020-q2-update.win32_2.0.0.202105311346/tools/bin/../lib/gcc/arm-none-eabi/9.3.1/../../../../arm-none-eabi/lib/thumb/v8-m.main+fp/hard\libc_nano.a(lib_a-init.o)
                              d:/programs/st/stm32cubeide_1.8.0/stm32cubeide/plugins/com.st.stm32cube.ide.mcu.externaltools.gnu-tools-for-stm32.9-2020-q2-update.win32_2.0.0.202105311346/tools/bin/../lib/gcc/arm-none-eabi/9.3.1/../../../../arm-none-eabi/lib/thumb/v8-m.main+fp/hard/crt0.o (__libc_init_array)
d:/programs/st/stm32cubeide_1.8.0/stm32cubeide/plugins/com.st.stm32cube.ide.mcu.externaltools.gnu-tools-for-stm32.9-2020-q2-update.win32_2.0.0.202105311346/tools/bin/../lib/gcc/arm-none-eabi/9.3.1/../../../../arm-none-eabi/lib/thumb/v8-m.main+fp/hard\libc_nano.a(lib_a-malloc.o)
                              ./Middlewares/Third_Party/mbedTLS/asn1parse.o (free)
d:/programs/st/stm32cubeide_1.8.0/stm32cubeide/plugins/com.st.stm32cube.ide.mcu.externaltools.gnu-tools-for-stm32.9-2020-q2-update.win32_2.0.0.202105311346/tools/bin/../lib/gcc/arm-none-eabi/9.3.1/../../../../arm-none-eabi/lib/thumb/v8-m.main+fp/hard\libc_nano.a(lib_a-memcmp.o)
                              ./Middlewares/Third_Party/mbedTLS/asn1parse.o (memcmp)
d:/programs/st/stm32cubeide_1.8.0/stm32cubeide/plugins/com.st.stm32cube.ide.mcu.externaltools.gnu-tools-for-stm32.9-2020-q2-update.win32_2.0.0.202105311346/tools/bin/../lib/gcc/arm-none-eabi/9.3.1/../../../../arm-none-eabi/lib/thumb/v8-m.main+fp/hard\libc_nano.a(lib_a-memcpy-stub.o)
                              ./Middlewares/Third_Party/mbedTLS/asn1write.o (memcpy)
d:/programs/st/stm32cubeide_1.8.0/stm32cubeide/plugins/com.st.stm32cube.ide.mcu.externaltools.gnu-tools-for-stm32.9-2020-q2-update.win32_2.0.0.202105311346/tools/bin/../lib/gcc/arm-none-eabi/9.3.1/../../../../arm-none-eabi/lib/thumb/v8-m.main+fp/hard\libc_nano.a(lib_a-memmove.o)
                              ./Middlewares/Third_Party/mbedTLS/bignum.o (memmove)
d:/programs/st/stm32cubeide_1.8.0/stm32cubeide/plugins/com.st.stm32cube.ide.mcu.externaltools.gnu-tools-for-stm32.9-2020-q2-update.win32_2.0.0.202105311346/tools/bin/../lib/gcc/arm-none-eabi/9.3.1/../../../../arm-none-eabi/lib/thumb/v8-m.main+fp/hard\libc_nano.a(lib_a-memset.o)
                              d:/programs/st/stm32cubeide_1.8.0/stm32cubeide/plugins/com.st.stm32cube.ide.mcu.externaltools.gnu-tools-for-stm32.9-2020-q2-update.win32_2.0.0.202105311346/tools/bin/../lib/gcc/arm-none-eabi/9.3.1/../../../../arm-none-eabi/lib/thumb/v8-m.main+fp/hard/crt0.o (memset)
d:/programs/st/stm32cubeide_1.8.0/stm32cubeide/plugins/com.st.stm32cube.ide.mcu.externaltools.gnu-tools-for-stm32.9-2020-q2-update.win32_2.0.0.202105311346/tools/bin/../lib/gcc/arm-none-eabi/9.3.1/../../../../arm-none-eabi/lib/thumb/v8-m.main+fp/hard\libc_nano.a(lib_a-nano-callocr.o)
[...]
Memory Configuration

Name             Origin             Length             Attributes
RAM              0x0000000020018000 0x0000000000018000 xrw
ROM              0x0000000008040000 0x0000000000040000 xr
*default*        0x0000000000000000 0xffffffffffffffff

Linker script and memory map

LOAD d:/programs/st/stm32cubeide_1.8.0/stm32cubeide/plugins/com.st.stm32cube.ide.mcu.externaltools.gnu-tools-for-stm32.9-2020-q2-update.win32_2.0.0.202105311346/tools/bin/../lib/gcc/arm-none-eabi/9.3.1/thumb/v8-m.main+fp/hard/crti.o
LOAD d:/programs/st/stm32cubeide_1.8.0/stm32cubeide/plugins/com.st.stm32cube.ide.mcu.externaltools.gnu-tools-for-stm32.9-2020-q2-update.win32_2.0.0.202105311346/tools/bin/../lib/gcc/arm-none-eabi/9.3.1/thumb/v8-m.main+fp/hard/crtbegin.o
LOAD d:/programs/st/stm32cubeide_1.8.0/stm32cubeide/plugins/com.st.stm32cube.ide.mcu.externaltools.gnu-tools-for-stm32.9-2020-q2-update.win32_2.0.0.202105311346/tools/bin/../lib/gcc/arm-none-eabi/9.3.1/../../../../arm-none-eabi/lib/thumb/v8-m.main+fp/hard/crt0.o
LOAD ./Core/Src/config.o
LOAD ./Core/Src/main.o
LOAD ./Core/Src/stm32l5xx_hal_msp.o
LOAD ./Core/Src/stm32l5xx_it.o
LOAD ./Core/Src/syscalls.o
LOAD ./Core/Src/sysmem.o
LOAD ./Core/Src/system_stm32l5xx_ns.o
LOAD ./Core/Startup/startup_stm32l562qeixq.o
LOAD ./Drivers/BSP/STM32L562E-DK/stm32l562e_discovery.o
LOAD ./Drivers/STM32L5xx_HAL_Driver/stm32l5xx_hal.o
LOAD ./Drivers/STM32L5xx_HAL_Driver/stm32l5xx_hal_cortex.o
LOAD ./Drivers/STM32L5xx_HAL_Driver/stm32l5xx_hal_dma.o
LOAD ./Drivers/STM32L5xx_HAL_Driver/stm32l5xx_hal_dma_ex.o
LOAD ./Drivers/STM32L5xx_HAL_Driver/stm32l5xx_hal_exti.o
LOAD ./Drivers/STM32L5xx_HAL_Driver/stm32l5xx_hal_flash.o
LOAD ./Drivers/STM32L5xx_HAL_Driver/stm32l5xx_hal_flash_ex.o
LOAD ./Drivers/STM32L5xx_HAL_Driver/stm32l5xx_hal_flash_ramfunc.o
LOAD ./Drivers/STM32L5xx_HAL_Driver/stm32l5xx_hal_gpio.o
LOAD ./Drivers/STM32L5xx_HAL_Driver/stm32l5xx_hal_i2c.o
LOAD ./Drivers/STM32L5xx_HAL_Driver/stm32l5xx_hal_i2c_ex.o
LOAD ./Drivers/STM32L5xx_HAL_Driver/stm32l5xx_hal_icache.o
LOAD ./Drivers/STM32L5xx_HAL_Driver/stm32l5xx_hal_pwr.o
LOAD ./Drivers/STM32L5xx_HAL_Driver/stm32l5xx_hal_pwr_ex.o
LOAD ./Drivers/STM32L5xx_HAL_Driver/stm32l5xx_hal_rcc.o
LOAD ./Drivers/STM32L5xx_HAL_Driver/stm32l5xx_hal_rcc_ex.o
LOAD ./Drivers/STM32L5xx_HAL_Driver/stm32l5xx_hal_tim.o
LOAD ./Drivers/STM32L5xx_HAL_Driver/stm32l5xx_hal_tim_ex.o
LOAD ./Drivers/STM32L5xx_HAL_Driver/stm32l5xx_hal_uart.o
LOAD ./Drivers/STM32L5xx_HAL_Driver/stm32l5xx_hal_uart_ex.o
LOAD ./MBEDTLS/App/mbedtls.o
LOAD ./Middlewares/Third_Party/mbedTLS/aes.o
LOAD ./Middlewares/Third_Party/mbedTLS/aesni.o
LOAD ./Middlewares/Third_Party/mbedTLS/arc4.o
LOAD ./Middlewares/Third_Party/mbedTLS/aria.o
LOAD ./Middlewares/Third_Party/mbedTLS/asn1parse.o
LOAD ./Middlewares/Third_Party/mbedTLS/asn1write.o
LOAD ./Middlewares/Third_Party/mbedTLS/base64.o
LOAD ./Middlewares/Third_Party/mbedTLS/bignum.o
LOAD ./Middlewares/Third_Party/mbedTLS/blowfish.o
LOAD ./Middlewares/Third_Party/mbedTLS/camellia.o
LOAD ./Middlewares/Third_Party/mbedTLS/ccm.o
LOAD ./Middlewares/Third_Party/mbedTLS/certs.o
LOAD ./Middlewares/Third_Party/mbedTLS/chacha20.o
LOAD ./Middlewares/Third_Party/mbedTLS/chachapoly.o
LOAD ./Middlewares/Third_Party/mbedTLS/cipher.o
LOAD ./Middlewares/Third_Party/mbedTLS/cipher_wrap.o
LOAD ./Middlewares/Third_Party/mbedTLS/cmac.o
LOAD ./Middlewares/Third_Party/mbedTLS/ctr_drbg.o
LOAD ./Middlewares/Third_Party/mbedTLS/debug.o
LOAD ./Middlewares/Third_Party/mbedTLS/des.o
LOAD ./Middlewares/Third_Party/mbedTLS/dhm.o
LOAD ./Middlewares/Third_Party/mbedTLS/ecdh.o
LOAD ./Middlewares/Third_Party/mbedTLS/ecdsa.o
LOAD ./Middlewares/Third_Party/mbedTLS/ecjpake.o
LOAD ./Middlewares/Third_Party/mbedTLS/ecp.o
LOAD ./Middlewares/Third_Party/mbedTLS/ecp_curves.o
LOAD ./Middlewares/Third_Party/mbedTLS/entropy.o
LOAD ./Middlewares/Third_Party/mbedTLS/entropy_poll.o
LOAD ./Middlewares/Third_Party/mbedTLS/error.o
LOAD ./Middlewares/Third_Party/mbedTLS/gcm.o
LOAD ./Middlewares/Third_Party/mbedTLS/havege.o
LOAD ./Middlewares/Third_Party/mbedTLS/hkdf.o
LOAD ./Middlewares/Third_Party/mbedTLS/hmac_drbg.o
LOAD ./Middlewares/Third_Party/mbedTLS/md.o
LOAD ./Middlewares/Third_Party/mbedTLS/md2.o
LOAD ./Middlewares/Third_Party/mbedTLS/md4.o
LOAD ./Middlewares/Third_Party/mbedTLS/md5.o
LOAD ./Middlewares/Third_Party/mbedTLS/md_wrap.o
LOAD ./Middlewares/Third_Party/mbedTLS/memory_buffer_alloc.o
LOAD ./Middlewares/Third_Party/mbedTLS/nist_kw.o
LOAD ./Middlewares/Third_Party/mbedTLS/oid.o
LOAD ./Middlewares/Third_Party/mbedTLS/padlock.o
LOAD ./Middlewares/Third_Party/mbedTLS/pem.o
LOAD ./Middlewares/Third_Party/mbedTLS/pk.o
LOAD ./Middlewares/Third_Party/mbedTLS/pk_wrap.o
LOAD ./Middlewares/Third_Party/mbedTLS/pkcs11.o
LOAD ./Middlewares/Third_Party/mbedTLS/pkcs12.o
LOAD ./Middlewares/Third_Party/mbedTLS/pkcs5.o
LOAD ./Middlewares/Third_Party/mbedTLS/pkparse.o
LOAD ./Middlewares/Third_Party/mbedTLS/pkwrite.o
LOAD ./Middlewares/Third_Party/mbedTLS/platform.o
LOAD ./Middlewares/Third_Party/mbedTLS/platform_util.o
LOAD ./Middlewares/Third_Party/mbedTLS/poly1305.o
LOAD ./Middlewares/Third_Party/mbedTLS/ripemd160.o
LOAD ./Middlewares/Third_Party/mbedTLS/rsa.o
LOAD ./Middlewares/Third_Party/mbedTLS/rsa_internal.o
LOAD ./Middlewares/Third_Party/mbedTLS/sha1.o
LOAD ./Middlewares/Third_Party/mbedTLS/sha256.o
LOAD ./Middlewares/Third_Party/mbedTLS/sha512.o
LOAD ./Middlewares/Third_Party/mbedTLS/ssl_cache.o
LOAD ./Middlewares/Third_Party/mbedTLS/ssl_ciphersuites.o
LOAD ./Middlewares/Third_Party/mbedTLS/ssl_cli.o
LOAD ./Middlewares/Third_Party/mbedTLS/ssl_cookie.o
LOAD ./Middlewares/Third_Party/mbedTLS/ssl_srv.o
LOAD ./Middlewares/Third_Party/mbedTLS/ssl_ticket.o
LOAD ./Middlewares/Third_Party/mbedTLS/ssl_tls.o
LOAD ./Middlewares/Third_Party/mbedTLS/threading.o
LOAD ./Middlewares/Third_Party/mbedTLS/timing.o
LOAD ./Middlewares/Third_Party/mbedTLS/version.o
LOAD ./Middlewares/Third_Party/mbedTLS/version_features.o
LOAD ./Middlewares/Third_Party/mbedTLS/x509.o
LOAD ./Middlewares/Third_Party/mbedTLS/x509_create.o
LOAD ./Middlewares/Third_Party/mbedTLS/x509_crl.o
LOAD ./Middlewares/Third_Party/mbedTLS/x509_crt.o
LOAD ./Middlewares/Third_Party/mbedTLS/x509_csr.o
LOAD ./Middlewares/Third_Party/mbedTLS/x509write_crt.o
LOAD ./Middlewares/Third_Party/mbedTLS/x509write_csr.o
LOAD ./Middlewares/Third_Party/mbedTLS/xtea.o
LOAD D:/PanWorkSpace/CCE/test_app_1/test_apps/radio/Secure/Debug/secure_nsclib.o
START GROUP
LOAD d:/programs/st/stm32cubeide_1.8.0/stm32cubeide/plugins/com.st.stm32cube.ide.mcu.externaltools.gnu-tools-for-stm32.9-2020-q2-update.win32_2.0.0.202105311346/tools/bin/../lib/gcc/arm-none-eabi/9.3.1/../../../../arm-none-eabi/lib/thumb/v8-m.main+fp/hard\libc_nano.a
LOAD d:/programs/st/stm32cubeide_1.8.0/stm32cubeide/plugins/com.st.stm32cube.ide.mcu.externaltools.gnu-tools-for-stm32.9-2020-q2-update.win32_2.0.0.202105311346/tools/bin/../lib/gcc/arm-none-eabi/9.3.1/../../../../arm-none-eabi/lib/thumb/v8-m.main+fp/hard\libm.a
END GROUP
START GROUP
LOAD d:/programs/st/stm32cubeide_1.8.0/stm32cubeide/plugins/com.st.stm32cube.ide.mcu.externaltools.gnu-tools-for-stm32.9-2020-q2-update.win32_2.0.0.202105311346/tools/bin/../lib/gcc/arm-none-eabi/9.3.1/thumb/v8-m.main+fp/hard\libgcc.a
LOAD d:/programs/st/stm32cubeide_1.8.0/stm32cubeide/plugins/com.st.stm32cube.ide.mcu.externaltools.gnu-tools-for-stm32.9-2020-q2-update.win32_2.0.0.202105311346/tools/bin/../lib/gcc/arm-none-eabi/9.3.1/../../../../arm-none-eabi/lib/thumb/v8-m.main+fp/hard\libc_nano.a
END GROUP
START GROUP
LOAD d:/programs/st/stm32cubeide_1.8.0/stm32cubeide/plugins/com.st.stm32cube.ide.mcu.externaltools.gnu-tools-for-stm32.9-2020-q2-update.win32_2.0.0.202105311346/tools/bin/../lib/gcc/arm-none-eabi/9.3.1/thumb/v8-m.main+fp/hard\libgcc.a
LOAD d:/programs/st/stm32cubeide_1.8.0/stm32cubeide/plugins/com.st.stm32cube.ide.mcu.externaltools.gnu-tools-for-stm32.9-2020-q2-update.win32_2.0.0.202105311346/tools/bin/../lib/gcc/arm-none-eabi/9.3.1/../../../../arm-none-eabi/lib/thumb/v8-m.main+fp/hard\libc_nano.a
LOAD d:/programs/st/stm32cubeide_1.8.0/stm32cubeide/plugins/com.st.stm32cube.ide.mcu.externaltools.gnu-tools-for-stm32.9-2020-q2-update.win32_2.0.0.202105311346/tools/bin/../lib/gcc/arm-none-eabi/9.3.1/../../../../arm-none-eabi/lib/thumb/v8-m.main+fp/hard\libnosys.a
END GROUP
START GROUP
LOAD d:/programs/st/stm32cubeide_1.8.0/stm32cubeide/plugins/com.st.stm32cube.ide.mcu.externaltools.gnu-tools-for-stm32.9-2020-q2-update.win32_2.0.0.202105311346/tools/bin/../lib/gcc/arm-none-eabi/9.3.1/thumb/v8-m.main+fp/hard\libgcc.a
LOAD d:/programs/st/stm32cubeide_1.8.0/stm32cubeide/plugins/com.st.stm32cube.ide.mcu.externaltools.gnu-tools-for-stm32.9-2020-q2-update.win32_2.0.0.202105311346/tools/bin/../lib/gcc/arm-none-eabi/9.3.1/../../../../arm-none-eabi/lib/thumb/v8-m.main+fp/hard\libc_nano.a
LOAD d:/programs/st/stm32cubeide_1.8.0/stm32cubeide/plugins/com.st.stm32cube.ide.mcu.externaltools.gnu-tools-for-stm32.9-2020-q2-update.win32_2.0.0.202105311346/tools/bin/../lib/gcc/arm-none-eabi/9.3.1/../../../../arm-none-eabi/lib/thumb/v8-m.main+fp/hard\libnosys.a
END GROUP
LOAD d:/programs/st/stm32cubeide_1.8.0/stm32cubeide/plugins/com.st.stm32cube.ide.mcu.externaltools.gnu-tools-for-stm32.9-2020-q2-update.win32_2.0.0.202105311346/tools/bin/../lib/gcc/arm-none-eabi/9.3.1/thumb/v8-m.main+fp/hard/crtend.o
LOAD d:/programs/st/stm32cubeide_1.8.0/stm32cubeide/plugins/com.st.stm32cube.ide.mcu.externaltools.gnu-tools-for-stm32.9-2020-q2-update.win32_2.0.0.202105311346/tools/bin/../lib/gcc/arm-none-eabi/9.3.1/thumb/v8-m.main+fp/hard/crtn.o
                0x0000000020030000                _estack = (ORIGIN (RAM) + LENGTH (RAM))
                0x0000000000000200                _Min_Heap_Size = 0x200
                0x0000000000000400                _Min_Stack_Size = 0x400

.isr_vector     0x0000000008040000      0x1f4
                0x0000000008040000                . = ALIGN (0x4)
 *(.isr_vector)
 .isr_vector    0x0000000008040000      0x1f4 ./Core/Startup/startup_stm32l562qeixq.o
                0x0000000008040000                g_pfnVectors
                0x00000000080401f4                . = ALIGN (0x4)

.text           0x00000000080401f8     0x30d0
                0x00000000080401f8                . = ALIGN (0x4)
 *(.text)
 .text          0x00000000080401f8       0x40 d:/programs/st/stm32cubeide_1.8.0/stm32cubeide/plugins/com.st.stm32cube.ide.mcu.externaltools.gnu-tools-for-stm32.9-2020-q2-update.win32_2.0.0.202105311346/tools/bin/../lib/gcc/arm-none-eabi/9.3.1/thumb/v8-m.main+fp/hard/crtbegin.o
 .text          0x0000000008040238       0x14 d:/programs/st/stm32cubeide_1.8.0/stm32cubeide/plugins/com.st.stm32cube.ide.mcu.externaltools.gnu-tools-for-stm32.9-2020-q2-update.win32_2.0.0.202105311346/tools/bin/../lib/gcc/arm-none-eabi/9.3.1/../../../../arm-none-eabi/lib/thumb/v8-m.main+fp/hard\libc_nano.a(lib_a-strcmp.o)
                0x0000000008040238                strcmp
 .text          0x000000000804024c       0x30 d:/programs/st/stm32cubeide_1.8.0/stm32cubeide/plugins/com.st.stm32cube.ide.mcu.externaltools.gnu-tools-for-stm32.9-2020-q2-update.win32_2.0.0.202105311346/tools/bin/../lib/gcc/arm-none-eabi/9.3.1/thumb/v8-m.main+fp/hard\libgcc.a(_aeabi_uldivmod.o)
                0x000000000804024c                __aeabi_uldivmod
 .text          0x000000000804027c      0x2e8 d:/programs/st/stm32cubeide_1.8.0/stm32cubeide/plugins/com.st.stm32cube.ide.mcu.externaltools.gnu-tools-for-stm32.9-2020-q2-update.win32_2.0.0.202105311346/tools/bin/../lib/gcc/arm-none-eabi/9.3.1/thumb/v8-m.main+fp/hard\libgcc.a(_udivmoddi4.o)
                0x000000000804027c                __udivmoddi4
 .text          0x0000000008040564        0x4 d:/programs/st/stm32cubeide_1.8.0/stm32cubeide/plugins/com.st.stm32cube.ide.mcu.externaltools.gnu-tools-for-stm32.9-2020-q2-update.win32_2.0.0.202105311346/tools/bin/../lib/gcc/arm-none-eabi/9.3.1/thumb/v8-m.main+fp/hard\libgcc.a(_dvmd_tls.o)
                0x0000000008040564                __aeabi_idiv0
                0x0000000008040564                __aeabi_ldiv0
 *(.text*)
 .text.print    0x0000000008040568       0x48 ./Core/Src/main.o
 .text.rf_write_buf
                0x00000000080405b0       0x18 ./Core/Src/main.o
                0x00000000080405b0                rf_write_buf
 .text.unlock   0x00000000080405c8       0x2c ./Core/Src/main.o
                0x00000000080405c8                unlock
 .text.read_code
                0x00000000080405f4       0x64 ./Core/Src/main.o
                0x00000000080405f4                read_code
 .text.set_code
                0x0000000008040658       0x2c ./Core/Src/main.o
                0x0000000008040658                set_code
 .text.init     0x0000000008040684       0x14 ./Core/Src/main.o
                0x0000000008040684                init
 .text.main     0x0000000008040698       0x12 ./Core/Src/main.o
                0x0000000008040698                main
 *fill*         0x00000000080406aa        0x2 
 .text.main_logic
                0x00000000080406ac      0x114 ./Core/Src/main.o
                0x00000000080406ac                main_logic
 .text.MX_USART1_UART_Init
                0x00000000080407c0       0x98 ./Core/Src/main.o
 .text.MX_GPIO_Init
                0x0000000008040858       0x48 ./Core/Src/main.o
 .text.Error_Handler
                0x00000000080408a0        0xe ./Core/Src/main.o
                0x00000000080408a0                Error_Handler
 *fill*         0x00000000080408ae        0x2 
 .text.HAL_MspInit
                0x00000000080408b0       0x48 ./Core/Src/stm32l5xx_hal_msp.o
                0x00000000080408b0                HAL_MspInit
 .text.HAL_UART_MspInit
                0x00000000080408f8       0xcc ./Core/Src/stm32l5xx_hal_msp.o
                0x00000000080408f8                HAL_UART_MspInit
 .text.MemManage_Handler
                0x00000000080409c4        0x6 ./Core/Src/stm32l5xx_it.o
                0x00000000080409c4                MemManage_Handler
 .text.UsageFault_Handler
                0x00000000080409ca        0x6 ./Core/Src/stm32l5xx_it.o
                0x00000000080409ca                UsageFault_Handler
 .text.SVC_Handler
                0x00000000080409d0        0xe ./Core/Src/stm32l5xx_it.o
                0x00000000080409d0                SVC_Handler
 .text.PendSV_Handler
                0x00000000080409de        0xe ./Core/Src/stm32l5xx_it.o
                0x00000000080409de                PendSV_Handler
 .text.SysTick_Handler
                0x00000000080409ec        0xc ./Core/Src/stm32l5xx_it.o
                0x00000000080409ec                SysTick_Handler
 .text.USART1_IRQHandler
                0x00000000080409f8       0x14 ./Core/Src/stm32l5xx_it.o
                0x00000000080409f8                USART1_IRQHandler
 .text.SystemInit
                0x0000000008040a0c        0xe ./Core/Src/system_stm32l5xx_ns.o
                0x0000000008040a0c                SystemInit
 *fill*         0x0000000008040a1a        0x2 
 .text.SystemCoreClockUpdate
                0x0000000008040a1c       0x18 ./Core/Src/system_stm32l5xx_ns.o
                0x0000000008040a1c                SystemCoreClockUpdate
 .text.Reset_Handler
                0x0000000008040a34       0x50 ./Core/Startup/startup_stm32l562qeixq.o
                0x0000000008040a34                Reset_Handler
 .text.Default_Handler
                0x0000000008040a84        0x2 ./Core/Startup/startup_stm32l562qeixq.o
                0x0000000008040a84                EXTI2_IRQHandler
                0x0000000008040a84                TIM8_TRG_COM_IRQHandler
                0x0000000008040a84                TIM8_CC_IRQHandler
                0x0000000008040a84                EXTI5_IRQHandler
                0x0000000008040a84                DebugMon_Handler
                0x0000000008040a84                FLASH_S_IRQHandler
                0x0000000008040a84                EXTI13_IRQHandler
                0x0000000008040a84                TIM1_CC_IRQHandler
                0x0000000008040a84                TSC_IRQHandler
                0x0000000008040a84                HardFault_Handler
                0x0000000008040a84                TAMP_IRQHandler
                0x0000000008040a84                TIM6_IRQHandler
                0x0000000008040a84                EXTI12_IRQHandler
                0x0000000008040a84                DMA2_Channel8_IRQHandler
                0x0000000008040a84                NMI_Handler
                0x0000000008040a84                EXTI3_IRQHandler
                0x0000000008040a84                EXTI8_IRQHandler
                0x0000000008040a84                LPTIM2_IRQHandler
                0x0000000008040a84                DFSDM1_FLT1_IRQHandler
                0x0000000008040a84                USB_FS_IRQHandler
                0x0000000008040a84                I2C3_ER_IRQHandler
                0x0000000008040a84                DFSDM1_FLT2_IRQHandler
                0x0000000008040a84                DMAMUX1_IRQHandler
                0x0000000008040a84                LPTIM3_IRQHandler
                0x0000000008040a84                EXTI0_IRQHandler
                0x0000000008040a84                I2C2_EV_IRQHandler
                0x0000000008040a84                FPU_IRQHandler
                0x0000000008040a84                FDCAN1_IT1_IRQHandler
                0x0000000008040a84                ADC1_2_IRQHandler
                0x0000000008040a84                SPI1_IRQHandler
                0x0000000008040a84                OCTOSPI1_IRQHandler
                0x0000000008040a84                TIM8_UP_IRQHandler
                0x0000000008040a84                RCC_S_IRQHandler
                0x0000000008040a84                DMA2_Channel2_IRQHandler
                0x0000000008040a84                DMA1_Channel4_IRQHandler
                0x0000000008040a84                SAI2_IRQHandler
                0x0000000008040a84                DFSDM1_FLT3_IRQHandler
                0x0000000008040a84                PKA_IRQHandler
                0x0000000008040a84                EXTI15_IRQHandler
                0x0000000008040a84                TIM17_IRQHandler
                0x0000000008040a84                USART3_IRQHandler
                0x0000000008040a84                RTC_IRQHandler
                0x0000000008040a84                EXTI9_IRQHandler
                0x0000000008040a84                DMA1_Channel7_IRQHandler
                0x0000000008040a84                UART5_IRQHandler
                0x0000000008040a84                TIM4_IRQHandler
                0x0000000008040a84                DMA2_Channel1_IRQHandler
                0x0000000008040a84                I2C1_EV_IRQHandler
                0x0000000008040a84                DMA1_Channel6_IRQHandler
                0x0000000008040a84                TIM16_IRQHandler
                0x0000000008040a84                UART4_IRQHandler
                0x0000000008040a84                DMA2_Channel4_IRQHandler
                0x0000000008040a84                SecureFault_Handler
                0x0000000008040a84                TIM3_IRQHandler
                0x0000000008040a84                RCC_IRQHandler
                0x0000000008040a84                TIM1_TRG_COM_IRQHandler
                0x0000000008040a84                DMA1_Channel1_IRQHandler
                0x0000000008040a84                Default_Handler
                0x0000000008040a84                DMA2_Channel7_IRQHandler
                0x0000000008040a84                OTFDEC1_IRQHandler
                0x0000000008040a84                DMA1_Channel8_IRQHandler
                0x0000000008040a84                TIM7_IRQHandler
                0x0000000008040a84                SDMMC1_IRQHandler
                0x0000000008040a84                TIM5_IRQHandler
                0x0000000008040a84                UCPD1_IRQHandler
                0x0000000008040a84                TIM15_IRQHandler
                0x0000000008040a84                I2C3_EV_IRQHandler
                0x0000000008040a84                PVD_PVM_IRQHandler
                0x0000000008040a84                SPI2_IRQHandler
                0x0000000008040a84                EXTI14_IRQHandler
                0x0000000008040a84                EXTI11_IRQHandler
                0x0000000008040a84                DMA2_Channel5_IRQHandler
                0x0000000008040a84                CRS_IRQHandler
                0x0000000008040a84                DMA1_Channel5_IRQHandler
                0x0000000008040a84                EXTI4_IRQHandler
                0x0000000008040a84                RTC_S_IRQHandler
                0x0000000008040a84                RNG_IRQHandler
                0x0000000008040a84                DMAMUX1_S_IRQHandler
                0x0000000008040a84                DMA1_Channel3_IRQHandler
                0x0000000008040a84                COMP_IRQHandler
                0x0000000008040a84                TIM1_UP_IRQHandler
                0x0000000008040a84                WWDG_IRQHandler
                0x0000000008040a84                I2C4_EV_IRQHandler
                0x0000000008040a84                LPUART1_IRQHandler
                0x0000000008040a84                DMA2_Channel6_IRQHandler
                0x0000000008040a84                FDCAN1_IT0_IRQHandler
                0x0000000008040a84                TIM2_IRQHandler
                0x0000000008040a84                TAMP_S_IRQHandler
                0x0000000008040a84                EXTI7_IRQHandler
                0x0000000008040a84                TIM1_BRK_IRQHandler
                0x0000000008040a84                DAC_IRQHandler
                0x0000000008040a84                EXTI1_IRQHandler
                0x0000000008040a84                AES_IRQHandler
                0x0000000008040a84                GTZC_IRQHandler
                0x0000000008040a84                USART2_IRQHandler
                0x0000000008040a84                DFSDM1_FLT0_IRQHandler
                0x0000000008040a84                I2C2_ER_IRQHandler
                0x0000000008040a84                DMA1_Channel2_IRQHandler
                0x0000000008040a84                TIM8_BRK_IRQHandler
                0x0000000008040a84                FLASH_IRQHandler
                0x0000000008040a84                BusFault_Handler
                0x0000000008040a84                EXTI10_IRQHandler
                0x0000000008040a84                SPI3_IRQHandler
                0x0000000008040a84                I2C1_ER_IRQHandler
                0x0000000008040a84                FMC_IRQHandler
                0x0000000008040a84                EXTI6_IRQHandler
                0x0000000008040a84                LPTIM1_IRQHandler
                0x0000000008040a84                I2C4_ER_IRQHandler
                0x0000000008040a84                ICACHE_IRQHandler
                0x0000000008040a84                SAI1_IRQHandler
                0x0000000008040a84                HASH_IRQHandler
                0x0000000008040a84                DMA2_Channel3_IRQHandler
 .text.HAL_Init
                0x0000000008040a86       0x34 ./Drivers/STM32L5xx_HAL_Driver/stm32l5xx_hal.o
                0x0000000008040a86                HAL_Init
 *fill*         0x0000000008040aba        0x2 
 .text.HAL_InitTick
                0x0000000008040abc       0x78 ./Drivers/STM32L5xx_HAL_Driver/stm32l5xx_hal.o
                0x0000000008040abc                HAL_InitTick
 .text.HAL_IncTick
                0x0000000008040b34       0x28 ./Drivers/STM32L5xx_HAL_Driver/stm32l5xx_hal.o
                0x0000000008040b34                HAL_IncTick
 .text.HAL_GetTick
                0x0000000008040b5c       0x18 ./Drivers/STM32L5xx_HAL_Driver/stm32l5xx_hal.o
                0x0000000008040b5c                HAL_GetTick
 .text.HAL_Delay
                0x0000000008040b74       0x48 ./Drivers/STM32L5xx_HAL_Driver/stm32l5xx_hal.o
                0x0000000008040b74                HAL_Delay
 .text.__NVIC_SetPriorityGrouping
                0x0000000008040bbc       0x48 ./Drivers/STM32L5xx_HAL_Driver/stm32l5xx_hal_cortex.o
 .text.__NVIC_GetPriorityGrouping
                0x0000000008040c04       0x1c ./Drivers/STM32L5xx_HAL_Driver/stm32l5xx_hal_cortex.o
 .text.__NVIC_EnableIRQ
                0x0000000008040c20       0x3c ./Drivers/STM32L5xx_HAL_Driver/stm32l5xx_hal_cortex.o
 .text.__NVIC_SetPriority
                0x0000000008040c5c       0x54 ./Drivers/STM32L5xx_HAL_Driver/stm32l5xx_hal_cortex.o
 .text.NVIC_EncodePriority
                0x0000000008040cb0       0x66 ./Drivers/STM32L5xx_HAL_Driver/stm32l5xx_hal_cortex.o
 *fill*         0x0000000008040d16        0x2 
 .text.SysTick_Config
                0x0000000008040d18       0x44 ./Drivers/STM32L5xx_HAL_Driver/stm32l5xx_hal_cortex.o
 .text.HAL_NVIC_SetPriorityGrouping
                0x0000000008040d5c       0x16 ./Drivers/STM32L5xx_HAL_Driver/stm32l5xx_hal_cortex.o
                0x0000000008040d5c                HAL_NVIC_SetPriorityGrouping
 .text.HAL_NVIC_SetPriority
                0x0000000008040d72       0x34 ./Drivers/STM32L5xx_HAL_Driver/stm32l5xx_hal_cortex.o
                0x0000000008040d72                HAL_NVIC_SetPriority
 .text.HAL_NVIC_EnableIRQ
                0x0000000008040da6       0x1c ./Drivers/STM32L5xx_HAL_Driver/stm32l5xx_hal_cortex.o
                0x0000000008040da6                HAL_NVIC_EnableIRQ
 .text.HAL_SYSTICK_Config
                0x0000000008040dc2       0x18 ./Drivers/STM32L5xx_HAL_Driver/stm32l5xx_hal_cortex.o
                0x0000000008040dc2                HAL_SYSTICK_Config
 .text.HAL_DMA_Abort
                0x0000000008040dda       0xb8 ./Drivers/STM32L5xx_HAL_Driver/stm32l5xx_hal_dma.o
                0x0000000008040dda                HAL_DMA_Abort
 .text.HAL_DMA_Abort_IT
                0x0000000008040e92       0xbe ./Drivers/STM32L5xx_HAL_Driver/stm32l5xx_hal_dma.o
                0x0000000008040e92                HAL_DMA_Abort_IT
 .text.HAL_GPIO_Init
                0x0000000008040f50      0x300 ./Drivers/STM32L5xx_HAL_Driver/stm32l5xx_hal_gpio.o
                0x0000000008040f50                HAL_GPIO_Init
 .text.HAL_RCC_GetSysClockFreq
                0x0000000008041250      0x13c ./Drivers/STM32L5xx_HAL_Driver/stm32l5xx_hal_rcc.o
                0x0000000008041250                HAL_RCC_GetSysClockFreq
 .text.HAL_RCC_GetHCLKFreq
                0x000000000804138c       0x28 ./Drivers/STM32L5xx_HAL_Driver/stm32l5xx_hal_rcc.o
                0x000000000804138c                HAL_RCC_GetHCLKFreq
 .text.HAL_RCC_GetPCLK1Freq
                0x00000000080413b4       0x28 ./Drivers/STM32L5xx_HAL_Driver/stm32l5xx_hal_rcc.o
                0x00000000080413b4                HAL_RCC_GetPCLK1Freq
 .text.HAL_RCC_GetPCLK2Freq
                0x00000000080413dc       0x28 ./Drivers/STM32L5xx_HAL_Driver/stm32l5xx_hal_rcc.o
                0x00000000080413dc                HAL_RCC_GetPCLK2Freq
 .text.HAL_RCCEx_PeriphCLKConfig
                0x0000000008041404      0x6e8 ./Drivers/STM32L5xx_HAL_Driver/stm32l5xx_hal_rcc_ex.o
                0x0000000008041404                HAL_RCCEx_PeriphCLKConfig
 .text.RCCEx_PLLSAI1_Config
                0x0000000008041aec      0x1ac ./Drivers/STM32L5xx_HAL_Driver/stm32l5xx_hal_rcc_ex.o
 .text.RCCEx_PLLSAI2_Config
                0x0000000008041c98      0x138 ./Drivers/STM32L5xx_HAL_Driver/stm32l5xx_hal_rcc_ex.o
 .text.HAL_UART_Init
                0x0000000008041dd0       0xa0 ./Drivers/STM32L5xx_HAL_Driver/stm32l5xx_hal_uart.o
                0x0000000008041dd0                HAL_UART_Init
 .text.HAL_UART_Transmit_IT
                0x0000000008041e70      0x108 ./Drivers/STM32L5xx_HAL_Driver/stm32l5xx_hal_uart.o
                0x0000000008041e70                HAL_UART_Transmit_IT
 .text.HAL_UART_IRQHandler
                0x0000000008041f78      0x468 ./Drivers/STM32L5xx_HAL_Driver/stm32l5xx_hal_uart.o
                0x0000000008041f78                HAL_UART_IRQHandler
 .text.HAL_UART_TxCpltCallback
                0x00000000080423e0       0x14 ./Drivers/STM32L5xx_HAL_Driver/stm32l5xx_hal_uart.o
                0x00000000080423e0                HAL_UART_TxCpltCallback
 .text.HAL_UART_ErrorCallback
                0x00000000080423f4       0x14 ./Drivers/STM32L5xx_HAL_Driver/stm32l5xx_hal_uart.o
                0x00000000080423f4                HAL_UART_ErrorCallback
 .text.HAL_UARTEx_RxEventCallback
                0x0000000008042408       0x18 ./Drivers/STM32L5xx_HAL_Driver/stm32l5xx_hal_uart.o
                0x0000000008042408                HAL_UARTEx_RxEventCallback
 .text.HAL_UART_GetState
                0x0000000008042420       0x2a ./Drivers/STM32L5xx_HAL_Driver/stm32l5xx_hal_uart.o
                0x0000000008042420                HAL_UART_GetState
 *fill*         0x000000000804244a        0x2 
 .text.UART_SetConfig
                0x000000000804244c      0x5a8 ./Drivers/STM32L5xx_HAL_Driver/stm32l5xx_hal_uart.o
                0x000000000804244c                UART_SetConfig
 .text.UART_AdvFeatureConfig
                0x00000000080429f4      0x144 ./Drivers/STM32L5xx_HAL_Driver/stm32l5xx_hal_uart.o
                0x00000000080429f4                UART_AdvFeatureConfig
 .text.UART_CheckIdleState
                0x0000000008042b38       0x96 ./Drivers/STM32L5xx_HAL_Driver/stm32l5xx_hal_uart.o
                0x0000000008042b38                UART_CheckIdleState
 .text.UART_WaitOnFlagUntilTimeout
                0x0000000008042bce      0x100 ./Drivers/STM32L5xx_HAL_Driver/stm32l5xx_hal_uart.o
                0x0000000008042bce                UART_WaitOnFlagUntilTimeout
 .text.UART_EndRxTransfer
                0x0000000008042cce       0x64 ./Drivers/STM32L5xx_HAL_Driver/stm32l5xx_hal_uart.o
 .text.UART_DMAAbortOnError
                0x0000000008042d32       0x2c ./Drivers/STM32L5xx_HAL_Driver/stm32l5xx_hal_uart.o
 .text.UART_TxISR_8BIT
                0x0000000008042d5e       0x74 ./Drivers/STM32L5xx_HAL_Driver/stm32l5xx_hal_uart.o
 .text.UART_TxISR_16BIT
                0x0000000008042dd2       0x7e ./Drivers/STM32L5xx_HAL_Driver/stm32l5xx_hal_uart.o
 .text.UART_TxISR_8BIT_FIFOEN
                0x0000000008042e50       0x9a ./Drivers/STM32L5xx_HAL_Driver/stm32l5xx_hal_uart.o
 .text.UART_TxISR_16BIT_FIFOEN
                0x0000000008042eea       0xa4 ./Drivers/STM32L5xx_HAL_Driver/stm32l5xx_hal_uart.o
 .text.UART_EndTransmit_IT
                0x0000000008042f8e       0x34 ./Drivers/STM32L5xx_HAL_Driver/stm32l5xx_hal_uart.o
 .text.HAL_UARTEx_WakeupCallback
                0x0000000008042fc2       0x14 ./Drivers/STM32L5xx_HAL_Driver/stm32l5xx_hal_uart_ex.o
                0x0000000008042fc2                HAL_UARTEx_WakeupCallback
 .text.HAL_UARTEx_RxFifoFullCallback
                0x0000000008042fd6       0x14 ./Drivers/STM32L5xx_HAL_Driver/stm32l5xx_hal_uart_ex.o
                0x0000000008042fd6                HAL_UARTEx_RxFifoFullCallback
 .text.HAL_UARTEx_TxFifoEmptyCallback
                0x0000000008042fea       0x14 ./Drivers/STM32L5xx_HAL_Driver/stm32l5xx_hal_uart_ex.o
                0x0000000008042fea                HAL_UARTEx_TxFifoEmptyCallback
 .text.HAL_UARTEx_DisableFifoMode
                0x0000000008042ffe       0x72 ./Drivers/STM32L5xx_HAL_Driver/stm32l5xx_hal_uart_ex.o
                0x0000000008042ffe                HAL_UARTEx_DisableFifoMode
 .text.HAL_UARTEx_SetTxFifoThreshold
                0x0000000008043070       0x7c ./Drivers/STM32L5xx_HAL_Driver/stm32l5xx_hal_uart_ex.o
                0x0000000008043070                HAL_UARTEx_SetTxFifoThreshold
 .text.HAL_UARTEx_SetRxFifoThreshold
                0x00000000080430ec       0x7c ./Drivers/STM32L5xx_HAL_Driver/stm32l5xx_hal_uart_ex.o
                0x00000000080430ec                HAL_UARTEx_SetRxFifoThreshold
 .text.UARTEx_SetNbDataToProcess
                0x0000000008043168       0xd0 ./Drivers/STM32L5xx_HAL_Driver/stm32l5xx_hal_uart_ex.o
 .text.__libc_init_array
                0x0000000008043238       0x48 d:/programs/st/stm32cubeide_1.8.0/stm32cubeide/plugins/com.st.stm32cube.ide.mcu.externaltools.gnu-tools-for-stm32.9-2020-q2-update.win32_2.0.0.202105311346/tools/bin/../lib/gcc/arm-none-eabi/9.3.1/../../../../arm-none-eabi/lib/thumb/v8-m.main+fp/hard\libc_nano.a(lib_a-init.o)
                0x0000000008043238                __libc_init_array
 .text.memset   0x0000000008043280       0x10 d:/programs/st/stm32cubeide_1.8.0/stm32cubeide/plugins/com.st.stm32cube.ide.mcu.externaltools.gnu-tools-for-stm32.9-2020-q2-update.win32_2.0.0.202105311346/tools/bin/../lib/gcc/arm-none-eabi/9.3.1/../../../../arm-none-eabi/lib/thumb/v8-m.main+fp/hard\libc_nano.a(lib_a-memset.o)
                0x0000000008043280                memset
 .text.strcpy   0x0000000008043290       0x10 d:/programs/st/stm32cubeide_1.8.0/stm32cubeide/plugins/com.st.stm32cube.ide.mcu.externaltools.gnu-tools-for-stm32.9-2020-q2-update.win32_2.0.0.202105311346/tools/bin/../lib/gcc/arm-none-eabi/9.3.1/../../../../arm-none-eabi/lib/thumb/v8-m.main+fp/hard\libc_nano.a(lib_a-strcpy.o)
                0x0000000008043290                strcpy
 *(.glue_7)
 .glue_7        0x00000000080432a0        0x0 linker stubs
 *(.glue_7t)
 .glue_7t       0x00000000080432a0        0x0 linker stubs
 *(.eh_frame)
 .eh_frame      0x00000000080432a0        0x0 d:/programs/st/stm32cubeide_1.8.0/stm32cubeide/plugins/com.st.stm32cube.ide.mcu.externaltools.gnu-tools-for-stm32.9-2020-q2-update.win32_2.0.0.202105311346/tools/bin/../lib/gcc/arm-none-eabi/9.3.1/thumb/v8-m.main+fp/hard/crtbegin.o
 *(.init)
 .init          0x00000000080432a0        0x4 d:/programs/st/stm32cubeide_1.8.0/stm32cubeide/plugins/com.st.stm32cube.ide.mcu.externaltools.gnu-tools-for-stm32.9-2020-q2-update.win32_2.0.0.202105311346/tools/bin/../lib/gcc/arm-none-eabi/9.3.1/thumb/v8-m.main+fp/hard/crti.o
                0x00000000080432a0                _init
 .init          0x00000000080432a4        0x8 d:/programs/st/stm32cubeide_1.8.0/stm32cubeide/plugins/com.st.stm32cube.ide.mcu.externaltools.gnu-tools-for-stm32.9-2020-q2-update.win32_2.0.0.202105311346/tools/bin/../lib/gcc/arm-none-eabi/9.3.1/thumb/v8-m.main+fp/hard/crtn.o
 *(.fini)
 .fini          0x00000000080432ac        0x4 d:/programs/st/stm32cubeide_1.8.0/stm32cubeide/plugins/com.st.stm32cube.ide.mcu.externaltools.gnu-tools-for-stm32.9-2020-q2-update.win32_2.0.0.202105311346/tools/bin/../lib/gcc/arm-none-eabi/9.3.1/thumb/v8-m.main+fp/hard/crti.o
                0x00000000080432ac                _fini
 .fini          0x00000000080432b0        0x8 d:/programs/st/stm32cubeide_1.8.0/stm32cubeide/plugins/com.st.stm32cube.ide.mcu.externaltools.gnu-tools-for-stm32.9-2020-q2-update.win32_2.0.0.202105311346/tools/bin/../lib/gcc/arm-none-eabi/9.3.1/thumb/v8-m.main+fp/hard/crtn.o
 .fini.__stub   0x00000000080432b8       0x10 linker stubs
                0x00000000080432c8                . = ALIGN (0x4)
                0x00000000080432c8                _etext = .

.vfp11_veneer   0x00000000080432c8        0x0
 .vfp11_veneer  0x00000000080432c8        0x0 linker stubs

.v4_bx          0x00000000080432c8        0x0
 .v4_bx         0x00000000080432c8        0x0 linker stubs

.iplt           0x00000000080432c8        0x0
 .iplt          0x00000000080432c8        0x0 d:/programs/st/stm32cubeide_1.8.0/stm32cubeide/plugins/com.st.stm32cube.ide.mcu.externaltools.gnu-tools-for-stm32.9-2020-q2-update.win32_2.0.0.202105311346/tools/bin/../lib/gcc/arm-none-eabi/9.3.1/thumb/v8-m.main+fp/hard/crtbegin.o

.rodata         0x00000000080432c8      0x110
                0x00000000080432c8                . = ALIGN (0x4)
 *(.rodata)
 .rodata        0x00000000080432c8       0x8e ./Core/Src/main.o
 *fill*         0x0000000008043356        0x2 
 .rodata        0x0000000008043358       0x10 ./Drivers/STM32L5xx_HAL_Driver/stm32l5xx_hal_uart_ex.o
 *(.rodata*)
 .rodata.AHBPrescTable
                0x0000000008043368       0x10 ./Core/Src/system_stm32l5xx_ns.o
                0x0000000008043368                AHBPrescTable
 .rodata.APBPrescTable
                0x0000000008043378        0x8 ./Core/Src/system_stm32l5xx_ns.o
                0x0000000008043378                APBPrescTable
 .rodata.MSIRangeTable
                0x0000000008043380       0x40 ./Core/Src/system_stm32l5xx_ns.o
                0x0000000008043380                MSIRangeTable
 .rodata.UARTPrescTable
                0x00000000080433c0       0x18 ./Drivers/STM32L5xx_HAL_Driver/stm32l5xx_hal_uart.o
                0x00000000080433c0                UARTPrescTable
                0x00000000080433d8                . = ALIGN (0x4)

.ARM.extab      0x00000000080433d8        0x0
                0x00000000080433d8                . = ALIGN (0x4)
 *(.ARM.extab* .gnu.linkonce.armextab.*)
                0x00000000080433d8                . = ALIGN (0x4)

.ARM            0x00000000080433d8        0x8
                0x00000000080433d8                . = ALIGN (0x4)
                0x00000000080433d8                __exidx_start = .
 *(.ARM.exidx*)
 .ARM.exidx     0x00000000080433d8        0x8 d:/programs/st/stm32cubeide_1.8.0/stm32cubeide/plugins/com.st.stm32cube.ide.mcu.externaltools.gnu-tools-for-stm32.9-2020-q2-update.win32_2.0.0.202105311346/tools/bin/../lib/gcc/arm-none-eabi/9.3.1/thumb/v8-m.main+fp/hard\libgcc.a(_udivmoddi4.o)
                0x00000000080433e0                __exidx_end = .
                0x00000000080433e0                . = ALIGN (0x4)

.rel.dyn        0x00000000080433e0        0x0
 .rel.iplt      0x00000000080433e0        0x0 d:/programs/st/stm32cubeide_1.8.0/stm32cubeide/plugins/com.st.stm32cube.ide.mcu.externaltools.gnu-tools-for-stm32.9-2020-q2-update.win32_2.0.0.202105311346/tools/bin/../lib/gcc/arm-none-eabi/9.3.1/thumb/v8-m.main+fp/hard/crtbegin.o

.preinit_array  0x00000000080433e0        0x0
                0x00000000080433e0                . = ALIGN (0x4)
                0x00000000080433e0                PROVIDE (__preinit_array_start = .)
 *(.preinit_array*)
                0x00000000080433e0                PROVIDE (__preinit_array_end = .)
                0x00000000080433e0                . = ALIGN (0x4)

.init_array     0x00000000080433e0        0x4
                0x00000000080433e0                . = ALIGN (0x4)
                0x00000000080433e0                PROVIDE (__init_array_start = .)
 *(SORT_BY_NAME(.init_array.*))
 *(.init_array*)
 .init_array    0x00000000080433e0        0x4 d:/programs/st/stm32cubeide_1.8.0/stm32cubeide/plugins/com.st.stm32cube.ide.mcu.externaltools.gnu-tools-for-stm32.9-2020-q2-update.win32_2.0.0.202105311346/tools/bin/../lib/gcc/arm-none-eabi/9.3.1/thumb/v8-m.main+fp/hard/crtbegin.o
                0x00000000080433e4                PROVIDE (__init_array_end = .)
                0x00000000080433e4                . = ALIGN (0x4)

.fini_array     0x00000000080433e4        0x4
                0x00000000080433e4                . = ALIGN (0x4)
                [!provide]                        PROVIDE (__fini_array_start = .)
 *(SORT_BY_NAME(.fini_array.*))
 *(.fini_array*)
 .fini_array    0x00000000080433e4        0x4 d:/programs/st/stm32cubeide_1.8.0/stm32cubeide/plugins/com.st.stm32cube.ide.mcu.externaltools.gnu-tools-for-stm32.9-2020-q2-update.win32_2.0.0.202105311346/tools/bin/../lib/gcc/arm-none-eabi/9.3.1/thumb/v8-m.main+fp/hard/crtbegin.o
                [!provide]                        PROVIDE (__fini_array_end = .)
                0x00000000080433e8                . = ALIGN (0x4)
                0x00000000080433e8                _sidata = LOADADDR (.data)

.data           0x0000000020018000       0x14 load address 0x00000000080433e8
                0x0000000020018000                . = ALIGN (0x4)
                0x0000000020018000                _sdata = .
 *(.data)
 *(.data*)
 .data.the_pw   0x0000000020018000        0x7 ./Core/Src/main.o
                0x0000000020018000                the_pw
 *fill*         0x0000000020018007        0x1 
 .data.SystemCoreClock
                0x0000000020018008        0x4 ./Core/Src/system_stm32l5xx_ns.o
                0x0000000020018008                SystemCoreClock
 .data.uwTickPrio
                0x000000002001800c        0x4 ./Drivers/STM32L5xx_HAL_Driver/stm32l5xx_hal.o
                0x000000002001800c                uwTickPrio
 .data.uwTickFreq
                0x0000000020018010        0x1 ./Drivers/STM32L5xx_HAL_Driver/stm32l5xx_hal.o
                0x0000000020018010                uwTickFreq
                0x0000000020018014                . = ALIGN (0x4)
 *fill*         0x0000000020018011        0x3 
                0x0000000020018014                _edata = .

.igot.plt       0x0000000020018014        0x0 load address 0x00000000080433fc
 .igot.plt      0x0000000020018014        0x0 d:/programs/st/stm32cubeide_1.8.0/stm32cubeide/plugins/com.st.stm32cube.ide.mcu.externaltools.gnu-tools-for-stm32.9-2020-q2-update.win32_2.0.0.202105311346/tools/bin/../lib/gcc/arm-none-eabi/9.3.1/thumb/v8-m.main+fp/hard/crtbegin.o
                0x0000000020018014                . = ALIGN (0x4)

.bss            0x0000000020018014      0x120 load address 0x00000000080433fc
                0x0000000020018014                _sbss = .
                0x0000000020018014                __bss_start__ = _sbss
 *(.bss)
 .bss           0x0000000020018014       0x1c d:/programs/st/stm32cubeide_1.8.0/stm32cubeide/plugins/com.st.stm32cube.ide.mcu.externaltools.gnu-tools-for-stm32.9-2020-q2-update.win32_2.0.0.202105311346/tools/bin/../lib/gcc/arm-none-eabi/9.3.1/thumb/v8-m.main+fp/hard/crtbegin.o
 *(.bss*)
 .bss.UartReady
                0x0000000020018030        0x1 ./Core/Src/main.o
                0x0000000020018030                UartReady
 *(COMMON)
 *fill*         0x0000000020018031        0x3 
 COMMON         0x0000000020018034       0xfc ./Core/Src/main.o
                0x0000000020018034                OutBuf
                0x0000000020018068                lock_pin
                0x000000002001806c                msg
                0x0000000020018080                setPin
                0x0000000020018090                huart1
                0x0000000020018120                enterPin
 COMMON         0x0000000020018130        0x4 ./Drivers/STM32L5xx_HAL_Driver/stm32l5xx_hal.o
                0x0000000020018130                uwTick
                0x0000000020018134                . = ALIGN (0x4)
                0x0000000020018134                _ebss = .
                0x0000000020018134                __bss_end__ = _ebss

._user_heap_stack
                0x0000000020018134      0x604 load address 0x00000000080433fc
                0x0000000020018138                . = ALIGN (0x8)
 *fill*         0x0000000020018134        0x4 
                [!provide]                        PROVIDE (end = .)
                0x0000000020018138                PROVIDE (_end = .)
                0x0000000020018338                . = (. + _Min_Heap_Size)
 *fill*         0x0000000020018138      0x200 
                0x0000000020018738                . = (. + _Min_Stack_Size)
 *fill*         0x0000000020018338      0x400 
                0x0000000020018738                . = ALIGN (0x8)

/DISCARD/
 libc.a(*)
 libm.a(*)
 libgcc.a(*)

.ARM.attributes
                0x0000000000000000       0x36
 *(.ARM.attributes)
 .ARM.attributes
                0x0000000000000000       0x22 d:/programs/st/stm32cubeide_1.8.0/stm32cubeide/plugins/com.st.stm32cube.ide.mcu.externaltools.gnu-tools-for-stm32.9-2020-q2-update.win32_2.0.0.202105311346/tools/bin/../lib/gcc/arm-none-eabi/9.3.1/thumb/v8-m.main+fp/hard/crti.o
 .ARM.attributes
                0x0000000000000022       0x38 d:/programs/st/stm32cubeide_1.8.0/stm32cubeide/plugins/com.st.stm32cube.ide.mcu.externaltools.gnu-tools-for-stm32.9-2020-q2-update.win32_2.0.0.202105311346/tools/bin/../lib/gcc/arm-none-eabi/9.3.1/thumb/v8-m.main+fp/hard/crtbegin.o
 .ARM.attributes
                0x000000000000005a       0x3a ./Core/Src/main.o
 .ARM.attributes
                0x0000000000000094       0x3a ./Core/Src/stm32l5xx_hal_msp.o
 .ARM.attributes
                0x00000000000000ce       0x3a ./Core/Src/stm32l5xx_it.o
 .ARM.attributes
                0x0000000000000108       0x3a ./Core/Src/system_stm32l5xx_ns.o
 .ARM.attributes
                0x0000000000000142       0x24 ./Core/Startup/startup_stm32l562qeixq.o
 .ARM.attributes
                0x0000000000000166       0x3a ./Drivers/STM32L5xx_HAL_Driver/stm32l5xx_hal.o
 .ARM.attributes
                0x00000000000001a0       0x3a ./Drivers/STM32L5xx_HAL_Driver/stm32l5xx_hal_cortex.o
 .ARM.attributes
                0x00000000000001da       0x3a ./Drivers/STM32L5xx_HAL_Driver/stm32l5xx_hal_dma.o
 .ARM.attributes
                0x0000000000000214       0x3a ./Drivers/STM32L5xx_HAL_Driver/stm32l5xx_hal_gpio.o
 .ARM.attributes
                0x000000000000024e       0x3a ./Drivers/STM32L5xx_HAL_Driver/stm32l5xx_hal_rcc.o
 .ARM.attributes
                0x0000000000000288       0x3a ./Drivers/STM32L5xx_HAL_Driver/stm32l5xx_hal_rcc_ex.o
 .ARM.attributes
                0x00000000000002c2       0x3a ./Drivers/STM32L5xx_HAL_Driver/stm32l5xx_hal_uart.o
 .ARM.attributes
                0x00000000000002fc       0x3a ./Drivers/STM32L5xx_HAL_Driver/stm32l5xx_hal_uart_ex.o
 .ARM.attributes
                0x0000000000000336       0x38 d:/programs/st/stm32cubeide_1.8.0/stm32cubeide/plugins/com.st.stm32cube.ide.mcu.externaltools.gnu-tools-for-stm32.9-2020-q2-update.win32_2.0.0.202105311346/tools/bin/../lib/gcc/arm-none-eabi/9.3.1/../../../../arm-none-eabi/lib/thumb/v8-m.main+fp/hard\libc_nano.a(lib_a-init.o)
 .ARM.attributes
                0x000000000000036e       0x38 d:/programs/st/stm32cubeide_1.8.0/stm32cubeide/plugins/com.st.stm32cube.ide.mcu.externaltools.gnu-tools-for-stm32.9-2020-q2-update.win32_2.0.0.202105311346/tools/bin/../lib/gcc/arm-none-eabi/9.3.1/../../../../arm-none-eabi/lib/thumb/v8-m.main+fp/hard\libc_nano.a(lib_a-memset.o)
 .ARM.attributes
                0x00000000000003a6       0x20 d:/programs/st/stm32cubeide_1.8.0/stm32cubeide/plugins/com.st.stm32cube.ide.mcu.externaltools.gnu-tools-for-stm32.9-2020-q2-update.win32_2.0.0.202105311346/tools/bin/../lib/gcc/arm-none-eabi/9.3.1/../../../../arm-none-eabi/lib/thumb/v8-m.main+fp/hard\libc_nano.a(lib_a-strcmp.o)
 .ARM.attributes
                0x00000000000003c6       0x38 d:/programs/st/stm32cubeide_1.8.0/stm32cubeide/plugins/com.st.stm32cube.ide.mcu.externaltools.gnu-tools-for-stm32.9-2020-q2-update.win32_2.0.0.202105311346/tools/bin/../lib/gcc/arm-none-eabi/9.3.1/../../../../arm-none-eabi/lib/thumb/v8-m.main+fp/hard\libc_nano.a(lib_a-strcpy.o)
 .ARM.attributes
                0x00000000000003fe       0x22 d:/programs/st/stm32cubeide_1.8.0/stm32cubeide/plugins/com.st.stm32cube.ide.mcu.externaltools.gnu-tools-for-stm32.9-2020-q2-update.win32_2.0.0.202105311346/tools/bin/../lib/gcc/arm-none-eabi/9.3.1/thumb/v8-m.main+fp/hard\libgcc.a(_aeabi_uldivmod.o)
 .ARM.attributes
                0x0000000000000420       0x38 d:/programs/st/stm32cubeide_1.8.0/stm32cubeide/plugins/com.st.stm32cube.ide.mcu.externaltools.gnu-tools-for-stm32.9-2020-q2-update.win32_2.0.0.202105311346/tools/bin/../lib/gcc/arm-none-eabi/9.3.1/thumb/v8-m.main+fp/hard\libgcc.a(_udivmoddi4.o)
 .ARM.attributes
                0x0000000000000458       0x22 d:/programs/st/stm32cubeide_1.8.0/stm32cubeide/plugins/com.st.stm32cube.ide.mcu.externaltools.gnu-tools-for-stm32.9-2020-q2-update.win32_2.0.0.202105311346/tools/bin/../lib/gcc/arm-none-eabi/9.3.1/thumb/v8-m.main+fp/hard\libgcc.a(_dvmd_tls.o)
 .ARM.attributes
                0x000000000000047a       0x22 d:/programs/st/stm32cubeide_1.8.0/stm32cubeide/plugins/com.st.stm32cube.ide.mcu.externaltools.gnu-tools-for-stm32.9-2020-q2-update.win32_2.0.0.202105311346/tools/bin/../lib/gcc/arm-none-eabi/9.3.1/thumb/v8-m.main+fp/hard/crtn.o
OUTPUT(pinlock_NonSecure.elf elf32-littlearm)
LOAD linker stubs
LOAD d:/programs/st/stm32cubeide_1.8.0/stm32cubeide/plugins/com.st.stm32cube.ide.mcu.externaltools.gnu-tools-for-stm32.9-2020-q2-update.win32_2.0.0.202105311346/tools/bin/../lib/gcc/arm-none-eabi/9.3.1/../../../../arm-none-eabi/lib/thumb/v8-m.main+fp/hard\libc.a
LOAD d:/programs/st/stm32cubeide_1.8.0/stm32cubeide/plugins/com.st.stm32cube.ide.mcu.externaltools.gnu-tools-for-stm32.9-2020-q2-update.win32_2.0.0.202105311346/tools/bin/../lib/gcc/arm-none-eabi/9.3.1/../../../../arm-none-eabi/lib/thumb/v8-m.main+fp/hard\libm.a
LOAD d:/programs/st/stm32cubeide_1.8.0/stm32cubeide/plugins/com.st.stm32cube.ide.mcu.externaltools.gnu-tools-for-stm32.9-2020-q2-update.win32_2.0.0.202105311346/tools/bin/../lib/gcc/arm-none-eabi/9.3.1/thumb/v8-m.main+fp/hard\libgcc.a

.debug_info     0x0000000000000000     0xbc7d
 .debug_info    0x0000000000000000     0x17f6 ./Core/Src/main.o
 .debug_info    0x00000000000017f6     0x13a9 ./Core/Src/stm32l5xx_hal_msp.o
 .debug_info    0x0000000000002b9f      0x9c8 ./Core/Src/stm32l5xx_it.o
 .debug_info    0x0000000000003567      0x2e9 ./Core/Src/system_stm32l5xx_ns.o
 .debug_info    0x0000000000003850       0x22 ./Core/Startup/startup_stm32l562qeixq.o
 .debug_info    0x0000000000003872      0xe77 ./Drivers/STM32L5xx_HAL_Driver/stm32l5xx_hal.o
 .debug_info    0x00000000000046e9      0xfdc ./Drivers/STM32L5xx_HAL_Driver/stm32l5xx_hal_cortex.o
 .debug_info    0x00000000000056c5      0xb85 ./Drivers/STM32L5xx_HAL_Driver/stm32l5xx_hal_dma.o
 .debug_info    0x000000000000624a      0x836 ./Drivers/STM32L5xx_HAL_Driver/stm32l5xx_hal_gpio.o
 .debug_info    0x0000000000006a80     0x1145 ./Drivers/STM32L5xx_HAL_Driver/stm32l5xx_hal_rcc.o
 .debug_info    0x0000000000007bc5     0x135c ./Drivers/STM32L5xx_HAL_Driver/stm32l5xx_hal_rcc_ex.o
 .debug_info    0x0000000000008f21     0x1e67 ./Drivers/STM32L5xx_HAL_Driver/stm32l5xx_hal_uart.o
 .debug_info    0x000000000000ad88      0xef5 ./Drivers/STM32L5xx_HAL_Driver/stm32l5xx_hal_uart_ex.o

.debug_abbrev   0x0000000000000000     0x1af8
 .debug_abbrev  0x0000000000000000      0x346 ./Core/Src/main.o
 .debug_abbrev  0x0000000000000346      0x1d5 ./Core/Src/stm32l5xx_hal_msp.o
 .debug_abbrev  0x000000000000051b      0x163 ./Core/Src/stm32l5xx_it.o
 .debug_abbrev  0x000000000000067e      0x101 ./Core/Src/system_stm32l5xx_ns.o
 .debug_abbrev  0x000000000000077f       0x12 ./Core/Startup/startup_stm32l562qeixq.o
 .debug_abbrev  0x0000000000000791      0x29d ./Drivers/STM32L5xx_HAL_Driver/stm32l5xx_hal.o
 .debug_abbrev  0x0000000000000a2e      0x333 ./Drivers/STM32L5xx_HAL_Driver/stm32l5xx_hal_cortex.o
 .debug_abbrev  0x0000000000000d61      0x212 ./Drivers/STM32L5xx_HAL_Driver/stm32l5xx_hal_dma.o
 .debug_abbrev  0x0000000000000f73      0x1df ./Drivers/STM32L5xx_HAL_Driver/stm32l5xx_hal_gpio.o
 .debug_abbrev  0x0000000000001152      0x2a6 ./Drivers/STM32L5xx_HAL_Driver/stm32l5xx_hal_rcc.o
 .debug_abbrev  0x00000000000013f8      0x288 ./Drivers/STM32L5xx_HAL_Driver/stm32l5xx_hal_rcc_ex.o
 .debug_abbrev  0x0000000000001680      0x26e ./Drivers/STM32L5xx_HAL_Driver/stm32l5xx_hal_uart.o
 .debug_abbrev  0x00000000000018ee      0x20a ./Drivers/STM32L5xx_HAL_Driver/stm32l5xx_hal_uart_ex.o

.debug_aranges  0x0000000000000000      0x908
 .debug_aranges
                0x0000000000000000       0x70 ./Core/Src/main.o
 .debug_aranges
                0x0000000000000070       0x30 ./Core/Src/stm32l5xx_hal_msp.o
 .debug_aranges
                0x00000000000000a0       0x48 ./Core/Src/stm32l5xx_it.o
 .debug_aranges
                0x00000000000000e8       0x28 ./Core/Src/system_stm32l5xx_ns.o
 .debug_aranges
                0x0000000000000110       0x28 ./Core/Startup/startup_stm32l562qeixq.o
 .debug_aranges
                0x0000000000000138      0x130 ./Drivers/STM32L5xx_HAL_Driver/stm32l5xx_hal.o
 .debug_aranges
                0x0000000000000268      0x100 ./Drivers/STM32L5xx_HAL_Driver/stm32l5xx_hal_cortex.o
 .debug_aranges
                0x0000000000000368       0xa0 ./Drivers/STM32L5xx_HAL_Driver/stm32l5xx_hal_dma.o
 .debug_aranges
                0x0000000000000408       0x60 ./Drivers/STM32L5xx_HAL_Driver/stm32l5xx_hal_gpio.o
 .debug_aranges
                0x0000000000000468       0xa0 ./Drivers/STM32L5xx_HAL_Driver/stm32l5xx_hal_rcc.o
 .debug_aranges
                0x0000000000000508      0x118 ./Drivers/STM32L5xx_HAL_Driver/stm32l5xx_hal_rcc_ex.o
 .debug_aranges
                0x0000000000000620      0x248 ./Drivers/STM32L5xx_HAL_Driver/stm32l5xx_hal_uart.o
 .debug_aranges
                0x0000000000000868       0xa0 ./Drivers/STM32L5xx_HAL_Driver/stm32l5xx_hal_uart_ex.o

.debug_ranges   0x0000000000000000      0x870
 .debug_ranges  0x0000000000000000       0x60 ./Core/Src/main.o
 .debug_ranges  0x0000000000000060       0x20 ./Core/Src/stm32l5xx_hal_msp.o
 .debug_ranges  0x0000000000000080       0x38 ./Core/Src/stm32l5xx_it.o
 .debug_ranges  0x00000000000000b8       0x18 ./Core/Src/system_stm32l5xx_ns.o
 .debug_ranges  0x00000000000000d0       0x20 ./Core/Startup/startup_stm32l562qeixq.o
 .debug_ranges  0x00000000000000f0      0x120 ./Drivers/STM32L5xx_HAL_Driver/stm32l5xx_hal.o
 .debug_ranges  0x0000000000000210       0xf0 ./Drivers/STM32L5xx_HAL_Driver/stm32l5xx_hal_cortex.o
 .debug_ranges  0x0000000000000300       0x90 ./Drivers/STM32L5xx_HAL_Driver/stm32l5xx_hal_dma.o
 .debug_ranges  0x0000000000000390       0x50 ./Drivers/STM32L5xx_HAL_Driver/stm32l5xx_hal_gpio.o
 .debug_ranges  0x00000000000003e0       0x90 ./Drivers/STM32L5xx_HAL_Driver/stm32l5xx_hal_rcc.o
 .debug_ranges  0x0000000000000470      0x108 ./Drivers/STM32L5xx_HAL_Driver/stm32l5xx_hal_rcc_ex.o
 .debug_ranges  0x0000000000000578      0x268 ./Drivers/STM32L5xx_HAL_Driver/stm32l5xx_hal_uart.o
 .debug_ranges  0x00000000000007e0       0x90 ./Drivers/STM32L5xx_HAL_Driver/stm32l5xx_hal_uart_ex.o

.debug_macro    0x0000000000000000     0x2421
 .debug_macro   0x0000000000000000      0x384 ./Core/Src/main.o
 .debug_macro   0x0000000000000384       0x52 ./Core/Src/main.o
 .debug_macro   0x00000000000003d6       0x18 ./Core/Src/main.o
 .debug_macro   0x00000000000003ee       0x3c ./Core/Src/main.o
 .debug_macro   0x000000000000042a       0x34 ./Core/Src/main.o
 .debug_macro   0x000000000000045e       0x16 ./Core/Src/main.o
 .debug_macro   0x0000000000000474       0x35 ./Core/Src/main.o
 .debug_macro   0x00000000000004a9      0x333 ./Core/Src/main.o
 .debug_macro   0x00000000000007dc       0x10 ./Core/Src/main.o
 .debug_macro   0x00000000000007ec       0x16 ./Core/Src/main.o
 .debug_macro   0x0000000000000802       0x43 ./Core/Src/main.o
 .debug_macro   0x0000000000000845       0x34 ./Core/Src/main.o
 .debug_macro   0x0000000000000879       0x10 ./Core/Src/main.o
 .debug_macro   0x0000000000000889       0x58 ./Core/Src/main.o
 .debug_macro   0x00000000000008e1       0x71 ./Core/Src/main.o
 .debug_macro   0x0000000000000952       0x1c ./Core/Src/main.o
 .debug_macro   0x000000000000096e      0x12a ./Core/Src/main.o
 .debug_macro   0x0000000000000a98       0x10 ./Core/Src/main.o
 .debug_macro   0x0000000000000aa8       0x1c ./Core/Src/main.o
 .debug_macro   0x0000000000000ac4       0x52 ./Core/Src/main.o
 .debug_macro   0x0000000000000b16       0x22 ./Core/Src/main.o
 .debug_macro   0x0000000000000b38       0x10 ./Core/Src/main.o
 .debug_macro   0x0000000000000b48       0x40 ./Core/Src/main.o
 .debug_macro   0x0000000000000b88       0xd5 ./Core/Src/main.o
 .debug_macro   0x0000000000000c5d       0x1c ./Core/Src/main.o
 .debug_macro   0x0000000000000c79       0x3d ./Core/Src/main.o
 .debug_macro   0x0000000000000cb6       0x16 ./Core/Src/main.o
 .debug_macro   0x0000000000000ccc      0x145 ./Core/Src/main.o
 .debug_macro   0x0000000000000e11       0x16 ./Core/Src/main.o
 .debug_macro   0x0000000000000e27       0x20 ./Core/Src/main.o
 .debug_macro   0x0000000000000e47      0x1f5 ./Core/Src/stm32l5xx_hal_msp.o
 .debug_macro   0x000000000000103c      0x1ff ./Core/Src/stm32l5xx_it.o
 .debug_macro   0x000000000000123b      0x1dc ./Core/Src/system_stm32l5xx_ns.o
 .debug_macro   0x0000000000001417      0x20c ./Drivers/STM32L5xx_HAL_Driver/stm32l5xx_hal.o
 .debug_macro   0x0000000000001623      0x1dc ./Drivers/STM32L5xx_HAL_Driver/stm32l5xx_hal_cortex.o
 .debug_macro   0x00000000000017ff      0x1dc ./Drivers/STM32L5xx_HAL_Driver/stm32l5xx_hal_dma.o
 .debug_macro   0x00000000000019db      0x20f ./Drivers/STM32L5xx_HAL_Driver/stm32l5xx_hal_gpio.o
 .debug_macro   0x0000000000001bea      0x206 ./Drivers/STM32L5xx_HAL_Driver/stm32l5xx_hal_rcc.o
 .debug_macro   0x0000000000001df0      0x242 ./Drivers/STM32L5xx_HAL_Driver/stm32l5xx_hal_rcc_ex.o
 .debug_macro   0x0000000000002032      0x207 ./Drivers/STM32L5xx_HAL_Driver/stm32l5xx_hal_uart.o
 .debug_macro   0x0000000000002239      0x1e8 ./Drivers/STM32L5xx_HAL_Driver/stm32l5xx_hal_uart_ex.o

.debug_line     0x0000000000000000     0xb09b
 .debug_line    0x0000000000000000      0xb1c ./Core/Src/main.o
 .debug_line    0x0000000000000b1c      0x7b3 ./Core/Src/stm32l5xx_hal_msp.o
 .debug_line    0x00000000000012cf      0x7cd ./Core/Src/stm32l5xx_it.o
 .debug_line    0x0000000000001a9c      0x73c ./Core/Src/system_stm32l5xx_ns.o
 .debug_line    0x00000000000021d8       0x88 ./Core/Startup/startup_stm32l562qeixq.o
 .debug_line    0x0000000000002260      0xb63 ./Drivers/STM32L5xx_HAL_Driver/stm32l5xx_hal.o
 .debug_line    0x0000000000002dc3      0xbef ./Drivers/STM32L5xx_HAL_Driver/stm32l5xx_hal_cortex.o
 .debug_line    0x00000000000039b2      0xff6 ./Drivers/STM32L5xx_HAL_Driver/stm32l5xx_hal_dma.o
 .debug_line    0x00000000000049a8      0xbaa ./Drivers/STM32L5xx_HAL_Driver/stm32l5xx_hal_gpio.o
 .debug_line    0x0000000000005552     0x11d1 ./Drivers/STM32L5xx_HAL_Driver/stm32l5xx_hal_rcc.o
 .debug_line    0x0000000000006723     0x1b06 ./Drivers/STM32L5xx_HAL_Driver/stm32l5xx_hal_rcc_ex.o
 .debug_line    0x0000000000008229     0x217a ./Drivers/STM32L5xx_HAL_Driver/stm32l5xx_hal_uart.o
 .debug_line    0x000000000000a3a3      0xcf8 ./Drivers/STM32L5xx_HAL_Driver/stm32l5xx_hal_uart_ex.o

.debug_str      0x0000000000000000   0x102bbd
 .debug_str     0x0000000000000000    0xff73a ./Core/Src/main.o
                                      0xffaf8 (size before relaxing)
 .debug_str     0x00000000000ff73a      0x9a5 ./Core/Src/stm32l5xx_hal_msp.o
                                      0xfc2a8 (size before relaxing)
 .debug_str     0x00000000001000df       0x8f ./Core/Src/stm32l5xx_it.o
                                      0xfb79a (size before relaxing)
 .debug_str     0x000000000010016e       0x43 ./Core/Src/system_stm32l5xx_ns.o
                                      0xfb065 (size before relaxing)
 .debug_str     0x00000000001001b1       0x37 ./Core/Startup/startup_stm32l562qeixq.o
                                         0x78 (size before relaxing)
 .debug_str     0x00000000001001e8      0x560 ./Drivers/STM32L5xx_HAL_Driver/stm32l5xx_hal.o
                                      0xfbe35 (size before relaxing)
 .debug_str     0x0000000000100748      0x394 ./Drivers/STM32L5xx_HAL_Driver/stm32l5xx_hal_cortex.o
                                      0xfbb55 (size before relaxing)
 .debug_str     0x0000000000100adc      0x365 ./Drivers/STM32L5xx_HAL_Driver/stm32l5xx_hal_dma.o
                                      0xfb6d6 (size before relaxing)
 .debug_str     0x0000000000100e41      0x2d1 ./Drivers/STM32L5xx_HAL_Driver/stm32l5xx_hal_gpio.o
                                      0xfb3d7 (size before relaxing)
 .debug_str     0x0000000000101112      0x5fe ./Drivers/STM32L5xx_HAL_Driver/stm32l5xx_hal_rcc.o
                                      0xfb8f8 (size before relaxing)
 .debug_str     0x0000000000101710      0x7fa ./Drivers/STM32L5xx_HAL_Driver/stm32l5xx_hal_rcc_ex.o
                                      0xfbe66 (size before relaxing)
 .debug_str     0x0000000000101f0a      0x9a2 ./Drivers/STM32L5xx_HAL_Driver/stm32l5xx_hal_uart.o
                                      0xfc141 (size before relaxing)
 .debug_str     0x00000000001028ac      0x311 ./Drivers/STM32L5xx_HAL_Driver/stm32l5xx_hal_uart_ex.o
                                      0xfb900 (size before relaxing)

.comment        0x0000000000000000       0x53
 .comment       0x0000000000000000       0x53 ./Core/Src/main.o
                                         0x54 (size before relaxing)
 .comment       0x0000000000000053       0x54 ./Core/Src/stm32l5xx_hal_msp.o
 .comment       0x0000000000000053       0x54 ./Core/Src/stm32l5xx_it.o
 .comment       0x0000000000000053       0x54 ./Core/Src/system_stm32l5xx_ns.o
 .comment       0x0000000000000053       0x54 ./Drivers/STM32L5xx_HAL_Driver/stm32l5xx_hal.o
 .comment       0x0000000000000053       0x54 ./Drivers/STM32L5xx_HAL_Driver/stm32l5xx_hal_cortex.o
 .comment       0x0000000000000053       0x54 ./Drivers/STM32L5xx_HAL_Driver/stm32l5xx_hal_dma.o
 .comment       0x0000000000000053       0x54 ./Drivers/STM32L5xx_HAL_Driver/stm32l5xx_hal_gpio.o
 .comment       0x0000000000000053       0x54 ./Drivers/STM32L5xx_HAL_Driver/stm32l5xx_hal_rcc.o
 .comment       0x0000000000000053       0x54 ./Drivers/STM32L5xx_HAL_Driver/stm32l5xx_hal_rcc_ex.o
 .comment       0x0000000000000053       0x54 ./Drivers/STM32L5xx_HAL_Driver/stm32l5xx_hal_uart.o
 .comment       0x0000000000000053       0x54 ./Drivers/STM32L5xx_HAL_Driver/stm32l5xx_hal_uart_ex.o

.debug_frame    0x0000000000000000     0x24d8
 .debug_frame   0x0000000000000000      0x174 ./Core/Src/main.o
 .debug_frame   0x0000000000000174       0x84 ./Core/Src/stm32l5xx_hal_msp.o
 .debug_frame   0x00000000000001f8       0xb8 ./Core/Src/stm32l5xx_it.o
 .debug_frame   0x00000000000002b0       0x4c ./Core/Src/system_stm32l5xx_ns.o
 .debug_frame   0x00000000000002fc      0x4a4 ./Drivers/STM32L5xx_HAL_Driver/stm32l5xx_hal.o
 .debug_frame   0x00000000000007a0      0x428 ./Drivers/STM32L5xx_HAL_Driver/stm32l5xx_hal_cortex.o
 .debug_frame   0x0000000000000bc8      0x29c ./Drivers/STM32L5xx_HAL_Driver/stm32l5xx_hal_dma.o
 .debug_frame   0x0000000000000e64      0x174 ./Drivers/STM32L5xx_HAL_Driver/stm32l5xx_hal_gpio.o
 .debug_frame   0x0000000000000fd8      0x26c ./Drivers/STM32L5xx_HAL_Driver/stm32l5xx_hal_rcc.o
 .debug_frame   0x0000000000001244      0x48c ./Drivers/STM32L5xx_HAL_Driver/stm32l5xx_hal_rcc_ex.o
 .debug_frame   0x00000000000016d0      0xa7c ./Drivers/STM32L5xx_HAL_Driver/stm32l5xx_hal_uart.o
 .debug_frame   0x000000000000214c      0x29c ./Drivers/STM32L5xx_HAL_Driver/stm32l5xx_hal_uart_ex.o
 .debug_frame   0x00000000000023e8       0x2c d:/programs/st/stm32cubeide_1.8.0/stm32cubeide/plugins/com.st.stm32cube.ide.mcu.externaltools.gnu-tools-for-stm32.9-2020-q2-update.win32_2.0.0.202105311346/tools/bin/../lib/gcc/arm-none-eabi/9.3.1/../../../../arm-none-eabi/lib/thumb/v8-m.main+fp/hard\libc_nano.a(lib_a-init.o)
 .debug_frame   0x0000000000002414       0x20 d:/programs/st/stm32cubeide_1.8.0/stm32cubeide/plugins/com.st.stm32cube.ide.mcu.externaltools.gnu-tools-for-stm32.9-2020-q2-update.win32_2.0.0.202105311346/tools/bin/../lib/gcc/arm-none-eabi/9.3.1/../../../../arm-none-eabi/lib/thumb/v8-m.main+fp/hard\libc_nano.a(lib_a-memset.o)
 .debug_frame   0x0000000000002434       0x20 d:/programs/st/stm32cubeide_1.8.0/stm32cubeide/plugins/com.st.stm32cube.ide.mcu.externaltools.gnu-tools-for-stm32.9-2020-q2-update.win32_2.0.0.202105311346/tools/bin/../lib/gcc/arm-none-eabi/9.3.1/../../../../arm-none-eabi/lib/thumb/v8-m.main+fp/hard\libc_nano.a(lib_a-strcmp.o)
 .debug_frame   0x0000000000002454       0x20 d:/programs/st/stm32cubeide_1.8.0/stm32cubeide/plugins/com.st.stm32cube.ide.mcu.externaltools.gnu-tools-for-stm32.9-2020-q2-update.win32_2.0.0.202105311346/tools/bin/../lib/gcc/arm-none-eabi/9.3.1/../../../../arm-none-eabi/lib/thumb/v8-m.main+fp/hard\libc_nano.a(lib_a-strcpy.o)
 .debug_frame   0x0000000000002474       0x2c d:/programs/st/stm32cubeide_1.8.0/stm32cubeide/plugins/com.st.stm32cube.ide.mcu.externaltools.gnu-tools-for-stm32.9-2020-q2-update.win32_2.0.0.202105311346/tools/bin/../lib/gcc/arm-none-eabi/9.3.1/thumb/v8-m.main+fp/hard\libgcc.a(_aeabi_uldivmod.o)
 .debug_frame   0x00000000000024a0       0x38 d:/programs/st/stm32cubeide_1.8.0/stm32cubeide/plugins/com.st.stm32cube.ide.mcu.externaltools.gnu-tools-for-stm32.9-2020-q2-update.win32_2.0.0.202105311346/tools/bin/../lib/gcc/arm-none-eabi/9.3.1/thumb/v8-m.main+fp/hard\libgcc.a(_udivmoddi4.o)
