Archive member included to satisfy reference by file (symbol)

/home/fdl/Desktop/llvm_build_source/urai-rt-lib/gcc/bins/bin/../lib/gcc/arm-none-eabi/7.3.1/../../../../arm-none-eabi/lib/thumb/v8-m.main/fpv5-sp/hard/libc_nano.a(lib_a-aeabi_memclr.o)
                              Build/Objects/syringe_NonSecure--cceinstrumented.o (__aeabi_memclr)
/home/fdl/Desktop/llvm_build_source/urai-rt-lib/gcc/bins/bin/../lib/gcc/arm-none-eabi/7.3.1/../../../../arm-none-eabi/lib/thumb/v8-m.main/fpv5-sp/hard/libc_nano.a(lib_a-aeabi_memcpy.o)
                              Build/Objects/syringe_NonSecure--cceinstrumented.o (__aeabi_memcpy)
/home/fdl/Desktop/llvm_build_source/urai-rt-lib/gcc/bins/bin/../lib/gcc/arm-none-eabi/7.3.1/../../../../arm-none-eabi/lib/thumb/v8-m.main/fpv5-sp/hard/libc_nano.a(lib_a-aeabi_memset-soft.o)
                              /home/fdl/Desktop/llvm_build_source/urai-rt-lib/gcc/bins/bin/../lib/gcc/arm-none-eabi/7.3.1/../../../../arm-none-eabi/lib/thumb/v8-m.main/fpv5-sp/hard/libc_nano.a(lib_a-aeabi_memclr.o) (__aeabi_memset)
/home/fdl/Desktop/llvm_build_source/urai-rt-lib/gcc/bins/bin/../lib/gcc/arm-none-eabi/7.3.1/../../../../arm-none-eabi/lib/thumb/v8-m.main/fpv5-sp/hard/libc_nano.a(lib_a-atoi.o)
                              Build/Objects/syringe_NonSecure--cceinstrumented.o (atoi)
/home/fdl/Desktop/llvm_build_source/urai-rt-lib/gcc/bins/bin/../lib/gcc/arm-none-eabi/7.3.1/../../../../arm-none-eabi/lib/thumb/v8-m.main/fpv5-sp/hard/libc_nano.a(lib_a-errno.o)
                              Build/Objects/syringe_NonSecure--cceinstrumented.o (__errno)
/home/fdl/Desktop/llvm_build_source/urai-rt-lib/gcc/bins/bin/../lib/gcc/arm-none-eabi/7.3.1/../../../../arm-none-eabi/lib/thumb/v8-m.main/fpv5-sp/hard/libc_nano.a(lib_a-exit.o)
                              /home/fdl/Desktop/llvm_build_source/urai-rt-lib/gcc/bins/bin/../lib/gcc/arm-none-eabi/7.3.1/../../../../arm-none-eabi/lib/thumb/v8-m.main/fpv5-sp/hard/crt0.o (exit)
/home/fdl/Desktop/llvm_build_source/urai-rt-lib/gcc/bins/bin/../lib/gcc/arm-none-eabi/7.3.1/../../../../arm-none-eabi/lib/thumb/v8-m.main/fpv5-sp/hard/libc_nano.a(lib_a-getchar.o)
                              Build/Objects/syringe_NonSecure--cceinstrumented.o (getchar)
/home/fdl/Desktop/llvm_build_source/urai-rt-lib/gcc/bins/bin/../lib/gcc/arm-none-eabi/7.3.1/../../../../arm-none-eabi/lib/thumb/v8-m.main/fpv5-sp/hard/libc_nano.a(lib_a-impure.o)
                              /home/fdl/Desktop/llvm_build_source/urai-rt-lib/gcc/bins/bin/../lib/gcc/arm-none-eabi/7.3.1/../../../../arm-none-eabi/lib/thumb/v8-m.main/fpv5-sp/hard/libc_nano.a(lib_a-exit.o) (_global_impure_ptr)
/home/fdl/Desktop/llvm_build_source/urai-rt-lib/gcc/bins/bin/../lib/gcc/arm-none-eabi/7.3.1/../../../../arm-none-eabi/lib/thumb/v8-m.main/fpv5-sp/hard/libc_nano.a(lib_a-init.o)
                              /home/fdl/Desktop/llvm_build_source/urai-rt-lib/gcc/bins/bin/../lib/gcc/arm-none-eabi/7.3.1/../../../../arm-none-eabi/lib/thumb/v8-m.main/fpv5-sp/hard/crt0.o (__libc_init_array)
/home/fdl/Desktop/llvm_build_source/urai-rt-lib/gcc/bins/bin/../lib/gcc/arm-none-eabi/7.3.1/../../../../arm-none-eabi/lib/thumb/v8-m.main/fpv5-sp/hard/libc_nano.a(lib_a-memcpy-stub.o)
                              /home/fdl/Desktop/llvm_build_source/urai-rt-lib/gcc/bins/bin/../lib/gcc/arm-none-eabi/7.3.1/../../../../arm-none-eabi/lib/thumb/v8-m.main/fpv5-sp/hard/libc_nano.a(lib_a-aeabi_memcpy.o) (memcpy)
/home/fdl/Desktop/llvm_build_source/urai-rt-lib/gcc/bins/bin/../lib/gcc/arm-none-eabi/7.3.1/../../../../arm-none-eabi/lib/thumb/v8-m.main/fpv5-sp/hard/libc_nano.a(lib_a-memset.o)
                              /home/fdl/Desktop/llvm_build_source/urai-rt-lib/gcc/bins/bin/../lib/gcc/arm-none-eabi/7.3.1/../../../../arm-none-eabi/lib/thumb/v8-m.main/fpv5-sp/hard/crt0.o (memset)
/home/fdl/Desktop/llvm_build_source/urai-rt-lib/gcc/bins/bin/../lib/gcc/arm-none-eabi/7.3.1/../../../../arm-none-eabi/lib/thumb/v8-m.main/fpv5-sp/hard/libc_nano.a(lib_a-nano-vfprintf_float.o)
                              (_printf_float)
/home/fdl/Desktop/llvm_build_source/urai-rt-lib/gcc/bins/bin/../lib/gcc/arm-none-eabi/7.3.1/../../../../arm-none-eabi/lib/thumb/v8-m.main/fpv5-sp/hard/libc_nano.a(lib_a-nano-vfprintf_i.o)
                              /home/fdl/Desktop/llvm_build_source/urai-rt-lib/gcc/bins/bin/../lib/gcc/arm-none-eabi/7.3.1/../../../../arm-none-eabi/lib/thumb/v8-m.main/fpv5-sp/hard/libc_nano.a(lib_a-nano-vfprintf_float.o) (_printf_common)
/home/fdl/Desktop/llvm_build_source/urai-rt-lib/gcc/bins/bin/../lib/gcc/arm-none-eabi/7.3.1/../../../../arm-none-eabi/lib/thumb/v8-m.main/fpv5-sp/hard/libc_nano.a(lib_a-printf.o)
                              Build/Objects/syringe_NonSecure--cceinstrumented.o (printf)
/home/fdl/Desktop/llvm_build_source/urai-rt-lib/gcc/bins/bin/../lib/gcc/arm-none-eabi/7.3.1/../../../../arm-none-eabi/lib/thumb/v8-m.main/fpv5-sp/hard/libc_nano.a(lib_a-scanf.o)
[...]
Memory Configuration

Name             Origin             Length             Attributes
RAM              0x0000000020018000 0x0000000000018000 xrw
ROM              0x0000000008040000 0x0000000000040000 xr
*default*        0x0000000000000000 0xffffffffffffffff

Linker script and memory map

LOAD /home/fdl/Desktop/llvm_build_source/urai-rt-lib/gcc/bins/bin/../lib/gcc/arm-none-eabi/7.3.1/thumb/v8-m.main/fpv5-sp/hard/crti.o
LOAD /home/fdl/Desktop/llvm_build_source/urai-rt-lib/gcc/bins/bin/../lib/gcc/arm-none-eabi/7.3.1/thumb/v8-m.main/fpv5-sp/hard/crtbegin.o
LOAD /home/fdl/Desktop/llvm_build_source/urai-rt-lib/gcc/bins/bin/../lib/gcc/arm-none-eabi/7.3.1/../../../../arm-none-eabi/lib/thumb/v8-m.main/fpv5-sp/hard/crt0.o
LOAD Build/Objects/startup_stm32l562qeixq.o
LOAD Build/Objects/syringe_NonSecure--cceinstrumented.o
LOAD ../Secure/Debug/secure_nsclib.o
START GROUP
LOAD /home/fdl/Desktop/llvm_build_source/urai-rt-lib/gcc/bins/bin/../lib/gcc/arm-none-eabi/7.3.1/../../../../arm-none-eabi/lib/thumb/v8-m.main/fpv5-sp/hard/libc_nano.a
LOAD /home/fdl/Desktop/llvm_build_source/urai-rt-lib/gcc/bins/bin/../lib/gcc/arm-none-eabi/7.3.1/../../../../arm-none-eabi/lib/thumb/v8-m.main/fpv5-sp/hard/libm.a
END GROUP
START GROUP
LOAD /home/fdl/Desktop/llvm_build_source/urai-rt-lib/gcc/bins/bin/../lib/gcc/arm-none-eabi/7.3.1/thumb/v8-m.main/fpv5-sp/hard/libgcc.a
LOAD /home/fdl/Desktop/llvm_build_source/urai-rt-lib/gcc/bins/bin/../lib/gcc/arm-none-eabi/7.3.1/../../../../arm-none-eabi/lib/thumb/v8-m.main/fpv5-sp/hard/libc_nano.a
END GROUP
START GROUP
LOAD /home/fdl/Desktop/llvm_build_source/urai-rt-lib/gcc/bins/bin/../lib/gcc/arm-none-eabi/7.3.1/thumb/v8-m.main/fpv5-sp/hard/libgcc.a
LOAD /home/fdl/Desktop/llvm_build_source/urai-rt-lib/gcc/bins/bin/../lib/gcc/arm-none-eabi/7.3.1/../../../../arm-none-eabi/lib/thumb/v8-m.main/fpv5-sp/hard/libc_nano.a
LOAD /home/fdl/Desktop/llvm_build_source/urai-rt-lib/gcc/bins/bin/../lib/gcc/arm-none-eabi/7.3.1/../../../../arm-none-eabi/lib/thumb/v8-m.main/fpv5-sp/hard/libnosys.a
END GROUP
START GROUP
LOAD /home/fdl/Desktop/llvm_build_source/urai-rt-lib/gcc/bins/bin/../lib/gcc/arm-none-eabi/7.3.1/thumb/v8-m.main/fpv5-sp/hard/libgcc.a
LOAD /home/fdl/Desktop/llvm_build_source/urai-rt-lib/gcc/bins/bin/../lib/gcc/arm-none-eabi/7.3.1/../../../../arm-none-eabi/lib/thumb/v8-m.main/fpv5-sp/hard/libc_nano.a
LOAD /home/fdl/Desktop/llvm_build_source/urai-rt-lib/gcc/bins/bin/../lib/gcc/arm-none-eabi/7.3.1/../../../../arm-none-eabi/lib/thumb/v8-m.main/fpv5-sp/hard/libnosys.a
END GROUP
LOAD /home/fdl/Desktop/llvm_build_source/urai-rt-lib/gcc/bins/bin/../lib/gcc/arm-none-eabi/7.3.1/thumb/v8-m.main/fpv5-sp/hard/crtend.o
LOAD /home/fdl/Desktop/llvm_build_source/urai-rt-lib/gcc/bins/bin/../lib/gcc/arm-none-eabi/7.3.1/thumb/v8-m.main/fpv5-sp/hard/crtn.o
                0x0000000020030000                _estack = (ORIGIN (RAM) + LENGTH (RAM))
                0x0000000000000200                _Min_Heap_Size = 0x200
                0x0000000000000400                _Min_Stack_Size = 0x400

.isr_vector     0x0000000008040000      0x1f4
                0x0000000008040000                . = ALIGN (0x4)
 *(.isr_vector)
 .isr_vector    0x0000000008040000      0x1f4 Build/Objects/startup_stm32l562qeixq.o
                0x0000000008040000                g_pfnVectors
                0x00000000080401f4                . = ALIGN (0x4)

.text           0x00000000080401f8    0x17738
                0x00000000080401f8                . = ALIGN (0x4)
 *(.text)
 .text          0x00000000080401f8       0x40 /home/fdl/Desktop/llvm_build_source/urai-rt-lib/gcc/bins/bin/../lib/gcc/arm-none-eabi/7.3.1/thumb/v8-m.main/fpv5-sp/hard/crtbegin.o
 .text          0x0000000008040238    0x1322c Build/Objects/syringe_NonSecure--cceinstrumented.o
                0x0000000008040238                HAL_Init
                0x000000000804026e                HAL_InitTick
                0x00000000080402f8                HAL_DeInit
                0x0000000008040370                HAL_MspDeInit
                0x0000000008040372                HAL_IncTick
                0x000000000804038c                HAL_GetTick
                0x0000000008040398                HAL_GetTickPrio
                0x00000000080403a4                HAL_SetTickFreq
                0x0000000008040410                HAL_GetTickFreq
                0x000000000804041c                HAL_Delay
                0x0000000008040460                HAL_SuspendTick
                0x0000000008040472                HAL_ResumeTick
                0x0000000008040484                HAL_GetHalVersion
                0x000000000804048e                HAL_GetREVID
                0x000000000804049c                HAL_GetDEVID
                0x00000000080404ac                HAL_GetUIDw0
                0x00000000080404b8                HAL_GetUIDw1
                0x00000000080404c4                HAL_GetUIDw2
                0x00000000080404d0                HAL_DBGMCU_EnableDBGStopMode
                0x00000000080404e2                HAL_DBGMCU_DisableDBGStopMode
                0x00000000080404f4                HAL_DBGMCU_EnableDBGStandbyMode
                0x0000000008040506                HAL_DBGMCU_DisableDBGStandbyMode
                0x0000000008040518                HAL_SYSCFG_SRAM2Erase
                0x0000000008040536                HAL_SYSCFG_VREFBUF_VoltageScalingConfig
                0x0000000008040586                HAL_SYSCFG_VREFBUF_TrimmingConfig
                0x00000000080405a2                HAL_SYSCFG_VREFBUF_HighImpedanceConfig
                0x00000000080405be                HAL_SYSCFG_EnableVREFBUF
                0x0000000008040616                HAL_SYSCFG_DisableVREFBUF
                0x0000000008040628                HAL_SYSCFG_EnableIOAnalogBooster
                0x000000000804063a                HAL_SYSCFG_DisableIOAnalogBooster
                0x000000000804064a                HAL_SYSCFG_EnableIOAnalogSwitchVdd
                0x000000000804065c                HAL_SYSCFG_DisableIOAnalogSwitchVdd
                0x000000000804066c                HAL_SYSCFG_Lock
                0x0000000008040680                HAL_SYSCFG_GetLock
                0x00000000080406b2                HAL_NVIC_SetPriorityGrouping
                0x0000000008040700                HAL_NVIC_SetPriority
                0x00000000080407e2                HAL_NVIC_EnableIRQ
                0x000000000804082a                HAL_NVIC_DisableIRQ
                0x000000000804087a                HAL_NVIC_SystemReset
                0x00000000080408a8                HAL_SYSTICK_Config
                0x000000000804090e                HAL_NVIC_GetPriorityGrouping
                0x0000000008040918                HAL_NVIC_GetPriority
                0x00000000080409ec                HAL_NVIC_SetPendingIRQ
                0x0000000008040a34                HAL_NVIC_GetPendingIRQ
                0x0000000008040a8a                HAL_NVIC_ClearPendingIRQ
                0x0000000008040ad2                HAL_NVIC_GetActive
                0x0000000008040b28                HAL_SYSTICK_CLKSourceConfig
                0x0000000008040b5c                HAL_SYSTICK_IRQHandler
                0x0000000008040b66                HAL_SYSTICK_Callback
                0x0000000008040b68                HAL_DMA_Init
                0x0000000008040d74                HAL_DMA_DeInit
                0x0000000008040eae                HAL_DMA_Start
                0x0000000008040fba                HAL_DMA_Start_IT
                0x00000000080410b8                HAL_DMA_Abort
                0x000000000804116a                HAL_DMA_Abort_IT
                0x000000000804121c                HAL_DMA_PollForTransfer
                0x00000000080413ee                HAL_DMA_IRQHandler
                0x00000000080415e4                HAL_DMA_RegisterCallback
                0x0000000008041694                HAL_DMA_UnRegisterCallback
                0x0000000008041760                HAL_DMA_GetState
                0x000000000804176e                HAL_DMA_GetError
                0x000000000804177a                HAL_DMA_ConfigChannelAttributes
                0x00000000080417ec                HAL_DMA_GetConfigChannelAttributes
                0x0000000008041838                HAL_DMAEx_MultiBufferStart
                0x0000000008041970                HAL_DMAEx_MultiBufferStart_IT
                0x0000000008041ad0                HAL_DMAEx_ChangeMemory
                0x0000000008041afc                HAL_DMAEx_ConfigMuxSync
                0x0000000008041b8c                HAL_DMAEx_ConfigMuxRequestGenerator
                0x0000000008041c08                HAL_DMAEx_EnableMuxRequestGenerator
                0x0000000008041c42                HAL_DMAEx_DisableMuxRequestGenerator
                0x0000000008041c7c                HAL_DMAEx_MUX_IRQHandler
                0x0000000008041d12                HAL_EXTI_SetConfigLine
                0x0000000008041ebc                HAL_EXTI_GetConfigLine
                0x000000000804201e                HAL_EXTI_ClearConfigLine
                0x0000000008042130                HAL_EXTI_RegisterCallback
                0x0000000008042182                HAL_EXTI_GetHandle
                0x00000000080421ac                HAL_EXTI_IRQHandler
                0x0000000008042242                HAL_EXTI_GetPending
                0x00000000080422a6                HAL_EXTI_ClearPending
                0x00000000080422fc                HAL_EXTI_GenerateSWI
                0x0000000008042334                HAL_EXTI_ConfigLineAttributes
                0x00000000080423a8                HAL_EXTI_GetConfigLineAttributes
                0x0000000008042418                HAL_FLASH_Program
                0x00000000080424d2                FLASH_WaitForLastOperation
                0x00000000080425ba                HAL_FLASH_Program_IT
                0x0000000008042666                HAL_FLASH_IRQHandler
                0x00000000080427be                HAL_FLASH_OperationErrorCallback
                0x00000000080427c6                HAL_FLASH_EndOfOperationCallback
                0x00000000080427ce                HAL_FLASH_Unlock
                0x0000000008042824                HAL_FLASH_Lock
                0x0000000008042854                HAL_FLASH_OB_Unlock
                0x00000000080428b0                HAL_FLASH_OB_Lock
                0x00000000080428e4                HAL_FLASH_OB_Launch
                0x00000000080428f8                HAL_FLASH_GetError
                0x0000000008042904                HAL_FLASHEx_Erase
                0x0000000008042a96                FLASH_PageErase
                0x0000000008042b0c                HAL_FLASHEx_Erase_IT
                0x0000000008042be6                HAL_FLASHEx_OBProgram
                0x0000000008043020                HAL_FLASHEx_OBGetConfig
                0x00000000080431f6                HAL_FLASHEx_ConfigPrivMode
                0x0000000008043212                HAL_FLASHEx_GetPrivMode
                0x0000000008043222                HAL_FLASHEx_ConfigLVEPin
                0x00000000080432e8                HAL_FLASHEx_GetLVEPin
                0x00000000080432f8                HAL_GPIO_Init
                0x000000000804364e                HAL_GPIO_DeInit
                0x0000000008043836                HAL_GPIO_ReadPin
                0x0000000008043864                HAL_GPIO_WritePin
                0x0000000008043890                HAL_GPIO_TogglePin
                0x00000000080438b8                HAL_GPIO_LockPin
                0x000000000804390e                HAL_GPIO_EXTI_IRQHandler
                0x0000000008043974                HAL_GPIO_EXTI_Rising_Callback
                0x000000000804397e                HAL_GPIO_EXTI_Falling_Callback
                0x0000000008043988                HAL_I2C_Init
                0x0000000008043a8e                HAL_I2C_MspInit
                0x0000000008043a96                HAL_I2C_DeInit
                0x0000000008043af8                HAL_I2C_MspDeInit
                0x0000000008043b00                HAL_I2C_Master_Transmit
                0x0000000008044034                HAL_I2C_Master_Receive
                0x000000000804433c                HAL_I2C_Slave_Transmit
                0x000000000804455a                HAL_I2C_Slave_Receive
                0x000000000804475c                HAL_I2C_Master_Transmit_IT
                0x00000000080456d2                HAL_I2C_AddrCallback
                0x0000000008045a88                HAL_I2C_AbortCpltCallback
                0x0000000008045a90                HAL_I2C_ErrorCallback
                0x0000000008045a98                HAL_I2C_SlaveTxCpltCallback
                0x0000000008045aa0                HAL_I2C_SlaveRxCpltCallback
                0x0000000008045aa8                HAL_I2C_ListenCpltCallback
                0x0000000008045ce6                HAL_I2C_MemTxCpltCallback
                0x0000000008045cee                HAL_I2C_MasterTxCpltCallback
                0x0000000008045cf6                HAL_I2C_MemRxCpltCallback
                0x0000000008045cfe                HAL_I2C_MasterRxCpltCallback
                0x0000000008045d06                HAL_I2C_Master_Receive_IT
                0x0000000008045e0c                HAL_I2C_Slave_Transmit_IT
                0x0000000008045ec4                HAL_I2C_Slave_Receive_IT
                0x0000000008045f7c                HAL_I2C_Master_Transmit_DMA
                0x000000000804623a                HAL_I2C_Master_Receive_DMA
                0x00000000080464d2                HAL_I2C_Slave_Transmit_DMA
                0x00000000080466a2                HAL_I2C_Slave_Receive_DMA
                0x0000000008046878                HAL_I2C_Mem_Write
                0x0000000008046b96                HAL_I2C_Mem_Read
                0x0000000008046ec6                HAL_I2C_Mem_Write_IT
                0x0000000008047036                HAL_I2C_Mem_Read_IT
                0x00000000080471aa                HAL_I2C_Mem_Write_DMA
                0x00000000080473de                HAL_I2C_Mem_Read_DMA
                0x0000000008047616                HAL_I2C_IsDeviceReady
                0x0000000008047858                HAL_I2C_Master_Seq_Transmit_IT
                0x00000000080479c8                HAL_I2C_Master_Seq_Transmit_DMA
                0x0000000008047c12                HAL_I2C_Master_Seq_Receive_IT
                0x0000000008047d4e                HAL_I2C_Master_Seq_Receive_DMA
                0x0000000008047f98                HAL_I2C_Slave_Seq_Transmit_IT
                0x00000000080480fa                HAL_I2C_Slave_Seq_Transmit_DMA
                0x0000000008048382                HAL_I2C_Slave_Seq_Receive_IT
                0x00000000080484e2                HAL_I2C_Slave_Seq_Receive_DMA
                0x000000000804876a                HAL_I2C_EnableListen_IT
                0x00000000080487b4                HAL_I2C_DisableListen_IT
                0x0000000008048816                HAL_I2C_Master_Abort_IT
                0x00000000080488da                HAL_I2C_EV_IRQHandler
                0x000000000804890a                HAL_I2C_ER_IRQHandler
                0x00000000080489dc                HAL_I2C_GetState
                0x00000000080489ea                HAL_I2C_GetMode
                0x00000000080489f8                HAL_I2C_GetError
                0x0000000008048a04                HAL_I2CEx_ConfigAnalogFilter
                0x0000000008048a9c                HAL_I2CEx_ConfigDigitalFilter
                0x0000000008048b3e                HAL_I2CEx_EnableWakeUp
                0x0000000008048bc8                HAL_I2CEx_DisableWakeUp
                0x0000000008048c52                HAL_I2CEx_EnableFastModePlus
                0x0000000008048c86                HAL_I2CEx_DisableFastModePlus
                0x0000000008048cbc                HAL_ICACHE_ConfigAssociativityMode
                0x0000000008048cfc                HAL_ICACHE_DeInit
                0x0000000008048d52                HAL_ICACHE_Monitor_Stop
                0x0000000008048d6e                HAL_ICACHE_Monitor_Reset
                0x0000000008048d94                HAL_ICACHE_DisableRemapRegion
                0x0000000008048dda                HAL_ICACHE_WaitForInvalidateComplete
                0x0000000008048e40                HAL_ICACHE_Enable
                0x0000000008048e54                HAL_ICACHE_Disable
                0x0000000008048eba                HAL_ICACHE_Invalidate
                0x0000000008048f0a                HAL_ICACHE_Invalidate_IT
                0x0000000008048f60                HAL_ICACHE_Monitor_Start
                0x0000000008048f7a                HAL_ICACHE_Monitor_GetHitValue
                0x0000000008048f86                HAL_ICACHE_Monitor_GetMissValue
                0x0000000008048f92                HAL_ICACHE_IRQHandler
                0x0000000008049014                HAL_ICACHE_ErrorCallback
                0x0000000008049016                HAL_ICACHE_InvalidateCompleteCallback
                0x0000000008049018                HAL_ICACHE_EnableRemapRegion
                0x00000000080490d2                HAL_PWR_DeInit
                0x00000000080490ec                HAL_PWR_EnableBkUpAccess
                0x00000000080490fe                HAL_PWR_DisableBkUpAccess
                0x0000000008049110                HAL_PWR_ConfigPVD
                0x00000000080491e4                HAL_PWR_EnablePVD
                0x00000000080491f6                HAL_PWR_DisablePVD
                0x0000000008049208                HAL_PWR_EnableWakeUpPin
                0x0000000008049240                HAL_PWR_DisableWakeUpPin
                0x0000000008049260                HAL_PWR_EnterSLEEPMode
                0x00000000080492dc                HAL_PWR_EnterSTOPMode
                0x000000000804930a                HAL_PWR_EnterSTANDBYMode
                0x0000000008049330                HAL_PWR_EnableSleepOnExit
                0x0000000008049342                HAL_PWR_DisableSleepOnExit
                0x0000000008049354                HAL_PWR_EnableSEVOnPend
                0x0000000008049366                HAL_PWR_DisableSEVOnPend
                0x0000000008049378                HAL_PWR_PVDCallback
                0x000000000804937a                HAL_PWR_ConfigAttributes
                0x00000000080493c6                HAL_PWR_GetConfigAttributes
                0x0000000008049410                HAL_PWREx_GetVoltageRange
                0x0000000008049420                HAL_PWREx_ControlVoltageScaling
                0x0000000008049516                HAL_PWREx_SMPS_GetEffectiveMode
                0x000000000804955a                HAL_PWREx_EnableBatteryCharging
                0x000000000804957e                HAL_PWREx_DisableBatteryCharging
                0x0000000008049590                HAL_PWREx_EnableVddUSB
                0x00000000080495a2                HAL_PWREx_DisableVddUSB
                0x00000000080495b4                HAL_PWREx_EnableVddIO2
                0x00000000080495c6                HAL_PWREx_DisableVddIO2
                0x00000000080495d8                HAL_PWREx_EnableGPIOPullUp
                0x0000000008049740                HAL_PWREx_DisableGPIOPullUp
                0x000000000804981c                HAL_PWREx_EnableGPIOPullDown
                0x0000000008049984                HAL_PWREx_DisableGPIOPullDown
                0x0000000008049a62                HAL_PWREx_EnablePullUpPullDownConfig
                0x0000000008049a74                HAL_PWREx_DisablePullUpPullDownConfig
                0x0000000008049a86                HAL_PWREx_ConfigSRAM2ContentRetention
                0x0000000008049aa4                HAL_PWREx_EnableSRAM2ContentRetention
                0x0000000008049ab2                HAL_PWREx_DisableSRAM2ContentRetention
                0x0000000008049abe                HAL_PWREx_EnablePVM1
                0x0000000008049ad0                HAL_PWREx_DisablePVM1
                0x0000000008049ae2                HAL_PWREx_EnablePVM2
                0x0000000008049af4                HAL_PWREx_DisablePVM2
                0x0000000008049b06                HAL_PWREx_EnablePVM3
                0x0000000008049b18                HAL_PWREx_DisablePVM3
                0x0000000008049b2a                HAL_PWREx_EnablePVM4
                0x0000000008049b3c                HAL_PWREx_DisablePVM4
                0x0000000008049b4e                HAL_PWREx_ConfigPVM
                0x0000000008049e60                HAL_PWREx_EnableLowPowerRunMode
                0x0000000008049e72                HAL_PWREx_DisableLowPowerRunMode
                0x0000000008049f10                HAL_PWREx_EnterSTOP0Mode
                0x0000000008049f60                HAL_PWREx_EnterSTOP1Mode
                0x0000000008049fb2                HAL_PWREx_EnterSTOP2Mode
                0x000000000804a004                HAL_PWREx_EnterSHUTDOWNMode
                0x000000000804a02a                HAL_PWREx_PVD_PVM_IRQHandler
                0x000000000804a138                HAL_PWREx_PVM1Callback
                0x000000000804a13a                HAL_PWREx_PVM2Callback
                0x000000000804a13c                HAL_PWREx_PVM3Callback
                0x000000000804a13e                HAL_PWREx_PVM4Callback
                0x000000000804a140                HAL_PWREx_EnableUCPDStandbyMode
                0x000000000804a152                HAL_PWREx_DisableUCPDStandbyMode
                0x000000000804a164                HAL_PWREx_EnableUCPDDeadBattery
                0x000000000804a176                HAL_PWREx_DisableUCPDDeadBattery
                0x000000000804a188                HAL_PWREx_EnableUltraLowPowerMode
                0x000000000804a19a                HAL_PWREx_DisableUltraLowPowerMode
                0x000000000804a1ac                HAL_PWREx_SMPS_SetMode
                0x000000000804a2b0                HAL_PWREx_SMPS_EnableBypassMode
                0x000000000804a2c2                HAL_PWREx_SMPS_EnableFastStart
                0x000000000804a2d4                HAL_PWREx_SMPS_DisableFastStart
                0x000000000804a2e6                HAL_PWREx_SMPS_DisableBypassMode
                0x000000000804a2f8                HAL_PWREx_SMPS_EnableExternal
                0x000000000804a30a                HAL_PWREx_SMPS_DisableExternal
                0x000000000804a31c                HAL_PWREx_SMPS_GetMainRegulatorExtSMPSReadyStatus
                0x000000000804a34a                HAL_RCC_DeInit
                0x000000000804a5cc                HAL_RCC_OscConfig
                0x000000000804b1ac                HAL_RCC_GetHCLKFreq
                0x000000000804b1d0                HAL_RCC_GetSysClockFreq
                0x000000000804b352                HAL_RCC_ClockConfig
                0x000000000804b754                HAL_RCC_MCOConfig
                0x000000000804b7b8                HAL_RCC_GetPCLK1Freq
                0x000000000804b7dc                HAL_RCC_GetPCLK2Freq
                0x000000000804b800                HAL_RCC_GetOscConfig
                0x000000000804ba0a                HAL_RCC_GetClockConfig
                0x000000000804ba5e                HAL_RCC_EnableCSS
                0x000000000804ba70                HAL_RCC_NMI_IRQHandler
                0x000000000804ba9c                HAL_RCC_CSSCallback
                0x000000000804ba9e                HAL_RCC_ConfigAttributes
                0x000000000804baea                HAL_RCC_GetConfigAttributes
                0x000000000804bb34                HAL_RCCEx_PeriphCLKConfig
                0x000000000804c68e                HAL_RCCEx_GetPeriphCLKConfig
                0x000000000804c86c                HAL_RCCEx_GetPeriphCLKFreq
                0x000000000804dae0                HAL_RCCEx_EnablePLLSAI1
                0x000000000804dd4e                HAL_RCCEx_DisablePLLSAI1
                0x000000000804ddbc                HAL_RCCEx_EnablePLLSAI2
                0x000000000804dec8                HAL_RCCEx_DisablePLLSAI2
                0x000000000804df36                HAL_RCCEx_WakeUpStopCLKConfig
                0x000000000804df52                HAL_RCCEx_StandbyMSIRangeConfig
                0x000000000804df70                HAL_RCCEx_EnableLSECSS
                0x000000000804df82                HAL_RCCEx_DisableLSECSS
                0x000000000804df94                HAL_RCCEx_LSECSS_IRQHandler
                0x000000000804dfb2                HAL_RCCEx_LSECSS_Callback
                0x000000000804dfb4                HAL_RCCEx_EnableLSCO
                0x000000000804e09e                HAL_RCCEx_DisableLSCO
                0x000000000804e144                HAL_RCCEx_EnableMSIPLLMode
                0x000000000804e156                HAL_RCCEx_DisableMSIPLLMode
                0x000000000804e168                HAL_RCCEx_CRSConfig
                0x000000000804e1d8                HAL_RCCEx_CRSSoftwareSynchronizationGenerate
                0x000000000804e1ea                HAL_RCCEx_CRSGetSynchronizationInfo
                0x000000000804e22e                HAL_RCCEx_CRSWaitSynchronization
                0x000000000804e378                HAL_RCCEx_CRS_IRQHandler
                0x000000000804e48a                HAL_RCCEx_CRS_SyncOkCallback
                0x000000000804e48c                HAL_RCCEx_CRS_SyncWarnCallback
                0x000000000804e48e                HAL_RCCEx_CRS_ExpectedSyncCallback
                0x000000000804e490                HAL_RCCEx_CRS_ErrorCallback
                0x000000000804e498                HAL_UART_Init
                0x000000000804e544                UART_SetConfig
                0x000000000804eaf8                UART_AdvFeatureConfig
                0x000000000804ec40                UART_CheckIdleState
                0x000000000804ece6                UART_WaitOnFlagUntilTimeout
                0x000000000804edf4                HAL_HalfDuplex_Init
                0x000000000804eea0                HAL_LIN_Init
                0x000000000804ef86                HAL_MultiProcessor_Init
                0x000000000804f064                HAL_UART_DeInit
                0x000000000804f0da                HAL_UART_Transmit
                0x000000000804f22e                HAL_UART_Receive
                0x000000000804f40a                HAL_UART_Transmit_IT
                0x000000000804f728                HAL_UART_Receive_IT
                0x000000000804f7a2                UART_Start_Receive_IT
                0x000000000804fee0                HAL_UARTEx_RxEventCallback
                0x000000000804feec                HAL_UART_RxCpltCallback
                0x000000000804fef4                HAL_UART_ErrorCallback
                0x000000000804fefc                HAL_UART_Transmit_DMA
                0x0000000008050184                HAL_UART_TxHalfCpltCallback
                0x000000000805018c                HAL_UART_TxCpltCallback
                0x0000000008050194                HAL_UART_Receive_DMA
                0x000000000805020e                UART_Start_Receive_DMA
                0x00000000080503b0                HAL_UART_RxHalfCpltCallback
                0x00000000080503b8                HAL_UART_DMAPause
                0x000000000805046a                HAL_UART_DMAResume
                0x0000000008050500                HAL_UART_DMAStop
                0x00000000080505e8                HAL_UART_Abort
                0x000000000805073e                HAL_UART_AbortTransmit
                0x00000000080507f2                HAL_UART_AbortReceive
                0x00000000080508c0                HAL_UART_Abort_IT
                0x0000000008050b56                HAL_UART_AbortCpltCallback
                0x0000000008050b5e                HAL_UART_AbortTransmit_IT
                0x0000000008050c62                HAL_UART_AbortTransmitCpltCallback
                0x0000000008050c6a                HAL_UART_AbortReceive_IT
                0x0000000008050d94                HAL_UART_AbortReceiveCpltCallback
                0x0000000008050d9c                HAL_UART_IRQHandler
                0x000000000805125e                HAL_UART_ReceiverTimeout_Config
                0x0000000008051290                HAL_UART_EnableReceiverTimeout
                0x000000000805131c                HAL_UART_DisableReceiverTimeout
                0x00000000080513a8                HAL_MultiProcessor_EnableMuteMode
                0x0000000008051402                HAL_MultiProcessor_DisableMuteMode
                0x000000000805145c                HAL_MultiProcessor_EnterMuteMode
                0x0000000008051470                HAL_HalfDuplex_EnableTransmitter
                0x00000000080514da                HAL_HalfDuplex_EnableReceiver
                0x0000000008051544                HAL_LIN_SendBreak
                0x00000000080515a2                HAL_UART_GetState
                0x00000000080515c0                HAL_UART_GetError
                0x00000000080515ce                HAL_RS485Ex_Init
                0x00000000080516a0                HAL_UARTEx_WakeupCallback
                0x00000000080516a8                HAL_UARTEx_RxFifoFullCallback
                0x00000000080516b0                HAL_UARTEx_TxFifoEmptyCallback
                0x00000000080516b8                HAL_MultiProcessorEx_AddressLength_Set
                0x0000000008051718                HAL_UARTEx_StopModeWakeUpSourceConfig
                0x000000000805181a                HAL_UARTEx_EnableStopMode
                0x0000000008051868                HAL_UARTEx_DisableStopMode
                0x00000000080518b6                HAL_UARTEx_EnableFifoMode
                0x00000000080519dc                HAL_UARTEx_DisableFifoMode
                0x0000000008051a58                HAL_UARTEx_SetTxFifoThreshold
                0x0000000008051ae6                HAL_UARTEx_SetRxFifoThreshold
                0x0000000008051b74                HAL_UARTEx_ReceiveToIdle
                0x0000000008051dca                HAL_UARTEx_ReceiveToIdle_IT
                0x0000000008051e7e                HAL_UARTEx_ReceiveToIdle_DMA
                0x0000000008051f32                _sbrk
                0x0000000008051fba                config_memory
                0x000000000805200c                tagFunction
                0x0000000008052020                config_dwt
                0x0000000008052084                DWT_Init
                0x00000000080520bc                DWT_GetTick
                0x00000000080520c8                print
                0x0000000008052114                Error_Handler
                0x0000000008052116                judge_legality
                0x000000000805215e                setup
                0x00000000080521e4                loop
                0x0000000008052240                processSerial
                0x0000000008052418                bolus
                0x0000000008052528                updateScreen
                0x0000000008052778                checkTriggers
                0x000000000805281a                readSerial
                0x0000000008052874                readKey
                0x0000000008052962                get_key
                0x00000000080529c8                doKeyAction
                0x0000000008052b7e                init
                0x0000000008052c5e                main
                0x0000000008052c78                main_logic
                0x0000000008052e28                pinMode
                0x0000000008052e66                digitalRead
                0x0000000008052eae                digitalWrite
                0x0000000008052eec                Serial_begin
                0x0000000008052f24                Serial_available
                0x0000000008052f64                Serial_read
                0x0000000008052f7a                Serial_write
                0x0000000008052f92                analogRead
                0x0000000008052fbc                millis
                0x0000000008052fce                delayMicroseconds
                0x0000000008052fec                toUInt
                0x0000000008053004                SystemInit
                0x0000000008053006                SystemCoreClockUpdate
                0x000000000805301a                HAL_MspInit
                0x000000000805305c                HAL_UART_MspInit
                0x0000000008053114                HAL_UART_MspDeInit
                0x0000000008053158                MemManage_Handler
                0x000000000805315c                UsageFault_Handler
                0x0000000008053160                SVC_Handler
                0x0000000008053162                PendSV_Handler
                0x0000000008053164                SysTick_Handler
                0x000000000805316e                USART1_IRQHandler
                0x0000000008053180                initialise_monitor_handles
                0x0000000008053182                _getpid
                0x0000000008053186                _kill
                0x00000000080531a0                _exit
                0x00000000080531b6                _read
                0x00000000080531ee                _write
                0x0000000008053226                _close
                0x0000000008053232                _fstat
                0x0000000008053246                _isatty
                0x0000000008053250                _lseek
                0x000000000805325e                _open
                0x000000000805326c                _wait
                0x0000000008053284                _unlink
                0x000000000805329c                _times
                0x00000000080532a8                _stat
                0x00000000080532bc                _link
                0x00000000080532d6                _fork
                0x00000000080532e8                _execve
                0x0000000008053304                led_on
                0x0000000008053338                led_off
                0x000000000805336c                lcd_begin
                0x00000000080533ae                lcd_clear
                0x00000000080533e4                lcd_print
                0x0000000008053426                lcd_setCursor
 .text          0x0000000008053464       0x9a /home/fdl/Desktop/llvm_build_source/urai-rt-lib/gcc/bins/bin/../lib/gcc/arm-none-eabi/7.3.1/../../../../arm-none-eabi/lib/thumb/v8-m.main/fpv5-sp/hard/libc_nano.a(lib_a-aeabi_memset-soft.o)
                0x0000000008053464                __aeabi_memset
                0x0000000008053464                __aeabi_memset8
                0x0000000008053464                __aeabi_memset4
 .text          0x00000000080534fe       0x10 /home/fdl/Desktop/llvm_build_source/urai-rt-lib/gcc/bins/bin/../lib/gcc/arm-none-eabi/7.3.1/../../../../arm-none-eabi/lib/thumb/v8-m.main/fpv5-sp/hard/libc_nano.a(lib_a-strlen.o)
                0x00000000080534fe                strlen
 *fill*         0x000000000805350e        0x2 
 .text          0x0000000008053510      0x378 /home/fdl/Desktop/llvm_build_source/urai-rt-lib/gcc/bins/bin/../lib/gcc/arm-none-eabi/7.3.1/thumb/v8-m.main/fpv5-sp/hard/libgcc.a(_arm_addsubdf3.o)
                0x0000000008053510                __aeabi_drsub
                0x0000000008053518                __aeabi_dsub
                0x0000000008053518                __subdf3
                0x000000000805351c                __adddf3
                0x000000000805351c                __aeabi_dadd
                0x0000000008053794                __aeabi_ui2d
                0x0000000008053794                __floatunsidf
                0x00000000080537b4                __floatsidf
                0x00000000080537b4                __aeabi_i2d
                0x00000000080537d8                __extendsfdf2
                0x00000000080537d8                __aeabi_f2d
                0x000000000805381c                __aeabi_ul2d
                0x000000000805381c                __floatundidf
                0x000000000805382c                __floatdidf
                0x000000000805382c                __aeabi_l2d
 .text          0x0000000008053888      0x424 /home/fdl/Desktop/llvm_build_source/urai-rt-lib/gcc/bins/bin/../lib/gcc/arm-none-eabi/7.3.1/thumb/v8-m.main/fpv5-sp/hard/libgcc.a(_arm_muldivdf3.o)
                0x0000000008053888                __aeabi_dmul
                0x0000000008053888                __muldf3
                0x0000000008053adc                __aeabi_ddiv
                0x0000000008053adc                __divdf3
 .text          0x0000000008053cac      0x110 /home/fdl/Desktop/llvm_build_source/urai-rt-lib/gcc/bins/bin/../lib/gcc/arm-none-eabi/7.3.1/thumb/v8-m.main/fpv5-sp/hard/libgcc.a(_arm_cmpdf2.o)
                0x0000000008053cac                __gtdf2
                0x0000000008053cac                __gedf2
                0x0000000008053cb4                __ltdf2
                0x0000000008053cb4                __ledf2
                0x0000000008053cbc                __cmpdf2
                0x0000000008053cbc                __eqdf2
                0x0000000008053cbc                __nedf2
                0x0000000008053d38                __aeabi_cdrcmple
                0x0000000008053d48                __aeabi_cdcmple
                0x0000000008053d48                __aeabi_cdcmpeq
                0x0000000008053d58                __aeabi_dcmpeq
                0x0000000008053d6c                __aeabi_dcmplt
                0x0000000008053d80                __aeabi_dcmple
                0x0000000008053d94                __aeabi_dcmpge
                0x0000000008053da8                __aeabi_dcmpgt
 .text          0x0000000008053dbc       0x2c /home/fdl/Desktop/llvm_build_source/urai-rt-lib/gcc/bins/bin/../lib/gcc/arm-none-eabi/7.3.1/thumb/v8-m.main/fpv5-sp/hard/libgcc.a(_arm_unorddf2.o)
                0x0000000008053dbc                __aeabi_dcmpun
                0x0000000008053dbc                __unorddf2
 .text          0x0000000008053de8       0x50 /home/fdl/Desktop/llvm_build_source/urai-rt-lib/gcc/bins/bin/../lib/gcc/arm-none-eabi/7.3.1/thumb/v8-m.main/fpv5-sp/hard/libgcc.a(_arm_fixdfsi.o)
                0x0000000008053de8                __fixdfsi
                0x0000000008053de8                __aeabi_d2iz
 .text          0x0000000008053e38       0xa0 /home/fdl/Desktop/llvm_build_source/urai-rt-lib/gcc/bins/bin/../lib/gcc/arm-none-eabi/7.3.1/thumb/v8-m.main/fpv5-sp/hard/libgcc.a(_arm_truncdfsf2.o)
                0x0000000008053e38                __aeabi_d2f
                0x0000000008053e38                __truncdfsf2
 .text          0x0000000008053ed8       0x30 /home/fdl/Desktop/llvm_build_source/urai-rt-lib/gcc/bins/bin/../lib/gcc/arm-none-eabi/7.3.1/thumb/v8-m.main/fpv5-sp/hard/libgcc.a(_aeabi_uldivmod.o)
                0x0000000008053ed8                __aeabi_uldivmod
 .text          0x0000000008053f08      0x2e0 /home/fdl/Desktop/llvm_build_source/urai-rt-lib/gcc/bins/bin/../lib/gcc/arm-none-eabi/7.3.1/thumb/v8-m.main/fpv5-sp/hard/libgcc.a(_udivmoddi4.o)
                0x0000000008053f08                __udivmoddi4
 .text          0x00000000080541e8        0x4 /home/fdl/Desktop/llvm_build_source/urai-rt-lib/gcc/bins/bin/../lib/gcc/arm-none-eabi/7.3.1/thumb/v8-m.main/fpv5-sp/hard/libgcc.a(_dvmd_tls.o)
                0x00000000080541e8                __aeabi_ldiv0
                0x00000000080541e8                __aeabi_idiv0
 *(.text*)
 .text.Reset_Handler
                0x00000000080541ec       0x50 Build/Objects/startup_stm32l562qeixq.o
                0x00000000080541ec                Reset_Handler
 .text.Default_Handler
                0x000000000805423c        0x2 Build/Objects/startup_stm32l562qeixq.o
                0x000000000805423c                EXTI2_IRQHandler
                0x000000000805423c                TIM8_TRG_COM_IRQHandler
                0x000000000805423c                TIM8_CC_IRQHandler
                0x000000000805423c                EXTI5_IRQHandler
                0x000000000805423c                DebugMon_Handler
                0x000000000805423c                FLASH_S_IRQHandler
                0x000000000805423c                EXTI13_IRQHandler
                0x000000000805423c                TIM1_CC_IRQHandler
                0x000000000805423c                TSC_IRQHandler
                0x000000000805423c                HardFault_Handler
                0x000000000805423c                TAMP_IRQHandler
                0x000000000805423c                TIM6_IRQHandler
                0x000000000805423c                EXTI12_IRQHandler
                0x000000000805423c                DMA2_Channel8_IRQHandler
                0x000000000805423c                NMI_Handler
                0x000000000805423c                EXTI3_IRQHandler
                0x000000000805423c                EXTI8_IRQHandler
                0x000000000805423c                LPTIM2_IRQHandler
                0x000000000805423c                DFSDM1_FLT1_IRQHandler
                0x000000000805423c                USB_FS_IRQHandler
                0x000000000805423c                I2C3_ER_IRQHandler
                0x000000000805423c                DFSDM1_FLT2_IRQHandler
                0x000000000805423c                DMAMUX1_IRQHandler
                0x000000000805423c                LPTIM3_IRQHandler
                0x000000000805423c                EXTI0_IRQHandler
                0x000000000805423c                I2C2_EV_IRQHandler
                0x000000000805423c                FPU_IRQHandler
                0x000000000805423c                FDCAN1_IT1_IRQHandler
                0x000000000805423c                ADC1_2_IRQHandler
                0x000000000805423c                SPI1_IRQHandler
                0x000000000805423c                OCTOSPI1_IRQHandler
                0x000000000805423c                TIM8_UP_IRQHandler
                0x000000000805423c                RCC_S_IRQHandler
                0x000000000805423c                DMA2_Channel2_IRQHandler
                0x000000000805423c                DMA1_Channel4_IRQHandler
                0x000000000805423c                SAI2_IRQHandler
                0x000000000805423c                DFSDM1_FLT3_IRQHandler
                0x000000000805423c                PKA_IRQHandler
                0x000000000805423c                EXTI15_IRQHandler
                0x000000000805423c                TIM17_IRQHandler
                0x000000000805423c                USART3_IRQHandler
                0x000000000805423c                RTC_IRQHandler
                0x000000000805423c                EXTI9_IRQHandler
                0x000000000805423c                DMA1_Channel7_IRQHandler
                0x000000000805423c                UART5_IRQHandler
                0x000000000805423c                TIM4_IRQHandler
                0x000000000805423c                DMA2_Channel1_IRQHandler
                0x000000000805423c                I2C1_EV_IRQHandler
                0x000000000805423c                DMA1_Channel6_IRQHandler
                0x000000000805423c                TIM16_IRQHandler
                0x000000000805423c                UART4_IRQHandler
                0x000000000805423c                DMA2_Channel4_IRQHandler
                0x000000000805423c                SecureFault_Handler
                0x000000000805423c                TIM3_IRQHandler
                0x000000000805423c                RCC_IRQHandler
                0x000000000805423c                TIM1_TRG_COM_IRQHandler
                0x000000000805423c                DMA1_Channel1_IRQHandler
                0x000000000805423c                Default_Handler
                0x000000000805423c                DMA2_Channel7_IRQHandler
                0x000000000805423c                OTFDEC1_IRQHandler
                0x000000000805423c                DMA1_Channel8_IRQHandler
                0x000000000805423c                TIM7_IRQHandler
                0x000000000805423c                SDMMC1_IRQHandler
                0x000000000805423c                TIM5_IRQHandler
                0x000000000805423c                UCPD1_IRQHandler
                0x000000000805423c                TIM15_IRQHandler
                0x000000000805423c                I2C3_EV_IRQHandler
                0x000000000805423c                PVD_PVM_IRQHandler
                0x000000000805423c                SPI2_IRQHandler
                0x000000000805423c                EXTI14_IRQHandler
                0x000000000805423c                EXTI11_IRQHandler
                0x000000000805423c                DMA2_Channel5_IRQHandler
                0x000000000805423c                CRS_IRQHandler
                0x000000000805423c                DMA1_Channel5_IRQHandler
                0x000000000805423c                EXTI4_IRQHandler
                0x000000000805423c                RTC_S_IRQHandler
                0x000000000805423c                RNG_IRQHandler
                0x000000000805423c                DMAMUX1_S_IRQHandler
                0x000000000805423c                DMA1_Channel3_IRQHandler
                0x000000000805423c                COMP_IRQHandler
                0x000000000805423c                TIM1_UP_IRQHandler
                0x000000000805423c                WWDG_IRQHandler
                0x000000000805423c                I2C4_EV_IRQHandler
                0x000000000805423c                LPUART1_IRQHandler
                0x000000000805423c                DMA2_Channel6_IRQHandler
                0x000000000805423c                FDCAN1_IT0_IRQHandler
                0x000000000805423c                TIM2_IRQHandler
                0x000000000805423c                TAMP_S_IRQHandler
                0x000000000805423c                EXTI7_IRQHandler
                0x000000000805423c                TIM1_BRK_IRQHandler
                0x000000000805423c                DAC_IRQHandler
                0x000000000805423c                EXTI1_IRQHandler
                0x000000000805423c                AES_IRQHandler
                0x000000000805423c                GTZC_IRQHandler
                0x000000000805423c                USART2_IRQHandler
                0x000000000805423c                DFSDM1_FLT0_IRQHandler
                0x000000000805423c                I2C2_ER_IRQHandler
                0x000000000805423c                DMA1_Channel2_IRQHandler
                0x000000000805423c                TIM8_BRK_IRQHandler
                0x000000000805423c                FLASH_IRQHandler
                0x000000000805423c                BusFault_Handler
                0x000000000805423c                EXTI10_IRQHandler
                0x000000000805423c                SPI3_IRQHandler
                0x000000000805423c                I2C1_ER_IRQHandler
                0x000000000805423c                FMC_IRQHandler
                0x000000000805423c                EXTI6_IRQHandler
                0x000000000805423c                LPTIM1_IRQHandler
                0x000000000805423c                I2C4_ER_IRQHandler
                0x000000000805423c                ICACHE_IRQHandler
                0x000000000805423c                SAI1_IRQHandler
                0x000000000805423c                HASH_IRQHandler
                0x000000000805423c                DMA2_Channel3_IRQHandler
 .text.__aeabi_memclr
                0x000000000805423e        0x6 /home/fdl/Desktop/llvm_build_source/urai-rt-lib/gcc/bins/bin/../lib/gcc/arm-none-eabi/7.3.1/../../../../arm-none-eabi/lib/thumb/v8-m.main/fpv5-sp/hard/libc_nano.a(lib_a-aeabi_memclr.o)
                0x000000000805423e                __aeabi_memclr8
                0x000000000805423e                __aeabi_memclr
                0x000000000805423e                __aeabi_memclr4
 .text.__aeabi_memcpy
                0x0000000008054244        0x4 /home/fdl/Desktop/llvm_build_source/urai-rt-lib/gcc/bins/bin/../lib/gcc/arm-none-eabi/7.3.1/../../../../arm-none-eabi/lib/thumb/v8-m.main/fpv5-sp/hard/libc_nano.a(lib_a-aeabi_memcpy.o)
                0x0000000008054244                __aeabi_memcpy
                0x0000000008054244                __aeabi_memcpy4
                0x0000000008054244                __aeabi_memcpy8
 .text.atoi     0x0000000008054248        0x8 /home/fdl/Desktop/llvm_build_source/urai-rt-lib/gcc/bins/bin/../lib/gcc/arm-none-eabi/7.3.1/../../../../arm-none-eabi/lib/thumb/v8-m.main/fpv5-sp/hard/libc_nano.a(lib_a-atoi.o)
                0x0000000008054248                atoi
 .text.__errno  0x0000000008054250        0xc /home/fdl/Desktop/llvm_build_source/urai-rt-lib/gcc/bins/bin/../lib/gcc/arm-none-eabi/7.3.1/../../../../arm-none-eabi/lib/thumb/v8-m.main/fpv5-sp/hard/libc_nano.a(lib_a-errno.o)
                0x0000000008054250                __errno
 .text.getchar  0x000000000805425c       0x24 /home/fdl/Desktop/llvm_build_source/urai-rt-lib/gcc/bins/bin/../lib/gcc/arm-none-eabi/7.3.1/../../../../arm-none-eabi/lib/thumb/v8-m.main/fpv5-sp/hard/libc_nano.a(lib_a-getchar.o)
                0x000000000805425c                getchar
 .text.__libc_init_array
                0x0000000008054280       0x48 /home/fdl/Desktop/llvm_build_source/urai-rt-lib/gcc/bins/bin/../lib/gcc/arm-none-eabi/7.3.1/../../../../arm-none-eabi/lib/thumb/v8-m.main/fpv5-sp/hard/libc_nano.a(lib_a-init.o)
                0x0000000008054280                __libc_init_array
 .text.memcpy   0x00000000080542c8       0x16 /home/fdl/Desktop/llvm_build_source/urai-rt-lib/gcc/bins/bin/../lib/gcc/arm-none-eabi/7.3.1/../../../../arm-none-eabi/lib/thumb/v8-m.main/fpv5-sp/hard/libc_nano.a(lib_a-memcpy-stub.o)
                0x00000000080542c8                memcpy
 .text.memset   0x00000000080542de       0x10 /home/fdl/Desktop/llvm_build_source/urai-rt-lib/gcc/bins/bin/../lib/gcc/arm-none-eabi/7.3.1/../../../../arm-none-eabi/lib/thumb/v8-m.main/fpv5-sp/hard/libc_nano.a(lib_a-memset.o)
                0x00000000080542de                memset
 .text.__cvt    0x00000000080542ee       0xc2 /home/fdl/Desktop/llvm_build_source/urai-rt-lib/gcc/bins/bin/../lib/gcc/arm-none-eabi/7.3.1/../../../../arm-none-eabi/lib/thumb/v8-m.main/fpv5-sp/hard/libc_nano.a(lib_a-nano-vfprintf_float.o)
                0x00000000080542ee                __cvt
 .text.__exponent
                0x00000000080543b0       0x66 /home/fdl/Desktop/llvm_build_source/urai-rt-lib/gcc/bins/bin/../lib/gcc/arm-none-eabi/7.3.1/../../../../arm-none-eabi/lib/thumb/v8-m.main/fpv5-sp/hard/libc_nano.a(lib_a-nano-vfprintf_float.o)
                0x00000000080543b0                __exponent
 *fill*         0x0000000008054416        0x2 
 .text._printf_float
                0x0000000008054418      0x480 /home/fdl/Desktop/llvm_build_source/urai-rt-lib/gcc/bins/bin/../lib/gcc/arm-none-eabi/7.3.1/../../../../arm-none-eabi/lib/thumb/v8-m.main/fpv5-sp/hard/libc_nano.a(lib_a-nano-vfprintf_float.o)
                0x0000000008054418                _printf_float
 .text._printf_common
                0x0000000008054898       0xf0 /home/fdl/Desktop/llvm_build_source/urai-rt-lib/gcc/bins/bin/../lib/gcc/arm-none-eabi/7.3.1/../../../../arm-none-eabi/lib/thumb/v8-m.main/fpv5-sp/hard/libc_nano.a(lib_a-nano-vfprintf_i.o)
                0x0000000008054898                _printf_common
 .text._printf_i
                0x0000000008054988      0x224 /home/fdl/Desktop/llvm_build_source/urai-rt-lib/gcc/bins/bin/../lib/gcc/arm-none-eabi/7.3.1/../../../../arm-none-eabi/lib/thumb/v8-m.main/fpv5-sp/hard/libc_nano.a(lib_a-nano-vfprintf_i.o)
                0x0000000008054988                _printf_i
 .text.printf   0x0000000008054bac       0x30 /home/fdl/Desktop/llvm_build_source/urai-rt-lib/gcc/bins/bin/../lib/gcc/arm-none-eabi/7.3.1/../../../../arm-none-eabi/lib/thumb/v8-m.main/fpv5-sp/hard/libc_nano.a(lib_a-printf.o)
                0x0000000008054bac                printf
                0x0000000008054bac                iprintf
 .text.scanf    0x0000000008054bdc       0x30 /home/fdl/Desktop/llvm_build_source/urai-rt-lib/gcc/bins/bin/../lib/gcc/arm-none-eabi/7.3.1/../../../../arm-none-eabi/lib/thumb/v8-m.main/fpv5-sp/hard/libc_nano.a(lib_a-scanf.o)
                0x0000000008054bdc                iscanf
                0x0000000008054bdc                scanf
 .text.sprintf  0x0000000008054c0c       0x40 /home/fdl/Desktop/llvm_build_source/urai-rt-lib/gcc/bins/bin/../lib/gcc/arm-none-eabi/7.3.1/../../../../arm-none-eabi/lib/thumb/v8-m.main/fpv5-sp/hard/libc_nano.a(lib_a-sprintf.o)
                0x0000000008054c0c                sprintf
                0x0000000008054c0c                siprintf
 .text._strtol_l.isra.0
                0x0000000008054c4c       0xf8 /home/fdl/Desktop/llvm_build_source/urai-rt-lib/gcc/bins/bin/../lib/gcc/arm-none-eabi/7.3.1/../../../../arm-none-eabi/lib/thumb/v8-m.main/fpv5-sp/hard/libc_nano.a(lib_a-strtol.o)
 .text._strtol_r
                0x0000000008054d44       0x24 /home/fdl/Desktop/llvm_build_source/urai-rt-lib/gcc/bins/bin/../lib/gcc/arm-none-eabi/7.3.1/../../../../arm-none-eabi/lib/thumb/v8-m.main/fpv5-sp/hard/libc_nano.a(lib_a-strtol.o)
                0x0000000008054d44                _strtol_r
 .text.strtol   0x0000000008054d68       0x2c /home/fdl/Desktop/llvm_build_source/urai-rt-lib/gcc/bins/bin/../lib/gcc/arm-none-eabi/7.3.1/../../../../arm-none-eabi/lib/thumb/v8-m.main/fpv5-sp/hard/libc_nano.a(lib_a-strtol.o)
                0x0000000008054d68                strtol
 .text.quorem   0x0000000008054d94      0x120 /home/fdl/Desktop/llvm_build_source/urai-rt-lib/gcc/bins/bin/../lib/gcc/arm-none-eabi/7.3.1/../../../../arm-none-eabi/lib/thumb/v8-m.main/fpv5-sp/hard/libc_nano.a(lib_a-dtoa.o)
 *fill*         0x0000000008054eb4        0x4 
 .text._dtoa_r  0x0000000008054eb8      0xb68 /home/fdl/Desktop/llvm_build_source/urai-rt-lib/gcc/bins/bin/../lib/gcc/arm-none-eabi/7.3.1/../../../../arm-none-eabi/lib/thumb/v8-m.main/fpv5-sp/hard/libc_nano.a(lib_a-dtoa.o)
                0x0000000008054eb8                _dtoa_r
 .text.std      0x0000000008055a20       0x48 /home/fdl/Desktop/llvm_build_source/urai-rt-lib/gcc/bins/bin/../lib/gcc/arm-none-eabi/7.3.1/../../../../arm-none-eabi/lib/thumb/v8-m.main/fpv5-sp/hard/libc_nano.a(lib_a-findfp.o)
 .text._cleanup_r
                0x0000000008055a68        0xc /home/fdl/Desktop/llvm_build_source/urai-rt-lib/gcc/bins/bin/../lib/gcc/arm-none-eabi/7.3.1/../../../../arm-none-eabi/lib/thumb/v8-m.main/fpv5-sp/hard/libc_nano.a(lib_a-findfp.o)
                0x0000000008055a68                _cleanup_r
 .text.__sfmoreglue
                0x0000000008055a74       0x2c /home/fdl/Desktop/llvm_build_source/urai-rt-lib/gcc/bins/bin/../lib/gcc/arm-none-eabi/7.3.1/../../../../arm-none-eabi/lib/thumb/v8-m.main/fpv5-sp/hard/libc_nano.a(lib_a-findfp.o)
                0x0000000008055a74                __sfmoreglue
 .text.__sinit  0x0000000008055aa0       0x60 /home/fdl/Desktop/llvm_build_source/urai-rt-lib/gcc/bins/bin/../lib/gcc/arm-none-eabi/7.3.1/../../../../arm-none-eabi/lib/thumb/v8-m.main/fpv5-sp/hard/libc_nano.a(lib_a-findfp.o)
                0x0000000008055aa0                __sinit
 .text.__sfp    0x0000000008055b00       0x78 /home/fdl/Desktop/llvm_build_source/urai-rt-lib/gcc/bins/bin/../lib/gcc/arm-none-eabi/7.3.1/../../../../arm-none-eabi/lib/thumb/v8-m.main/fpv5-sp/hard/libc_nano.a(lib_a-findfp.o)
                0x0000000008055b00                __sfp
 .text._fwalk   0x0000000008055b78       0x38 /home/fdl/Desktop/llvm_build_source/urai-rt-lib/gcc/bins/bin/../lib/gcc/arm-none-eabi/7.3.1/../../../../arm-none-eabi/lib/thumb/v8-m.main/fpv5-sp/hard/libc_nano.a(lib_a-fwalk.o)
                0x0000000008055b78                _fwalk
 .text._fwalk_reent
                0x0000000008055bb0       0x3c /home/fdl/Desktop/llvm_build_source/urai-rt-lib/gcc/bins/bin/../lib/gcc/arm-none-eabi/7.3.1/../../../../arm-none-eabi/lib/thumb/v8-m.main/fpv5-sp/hard/libc_nano.a(lib_a-fwalk.o)
                0x0000000008055bb0                _fwalk_reent
 .text._getc_r  0x0000000008055bec       0x58 /home/fdl/Desktop/llvm_build_source/urai-rt-lib/gcc/bins/bin/../lib/gcc/arm-none-eabi/7.3.1/../../../../arm-none-eabi/lib/thumb/v8-m.main/fpv5-sp/hard/libc_nano.a(lib_a-getc.o)
                0x0000000008055bec                _getc_r
 .text.__locale_ctype_ptr_l
                0x0000000008055c44        0x6 /home/fdl/Desktop/llvm_build_source/urai-rt-lib/gcc/bins/bin/../lib/gcc/arm-none-eabi/7.3.1/../../../../arm-none-eabi/lib/thumb/v8-m.main/fpv5-sp/hard/libc_nano.a(lib_a-locale.o)
                0x0000000008055c44                __locale_ctype_ptr_l
 *fill*         0x0000000008055c4a        0x2 
 .text.__locale_ctype_ptr
                0x0000000008055c4c       0x1c /home/fdl/Desktop/llvm_build_source/urai-rt-lib/gcc/bins/bin/../lib/gcc/arm-none-eabi/7.3.1/../../../../arm-none-eabi/lib/thumb/v8-m.main/fpv5-sp/hard/libc_nano.a(lib_a-locale.o)
                0x0000000008055c4c                __locale_ctype_ptr
 .text._localeconv_r
                0x0000000008055c68       0x1c /home/fdl/Desktop/llvm_build_source/urai-rt-lib/gcc/bins/bin/../lib/gcc/arm-none-eabi/7.3.1/../../../../arm-none-eabi/lib/thumb/v8-m.main/fpv5-sp/hard/libc_nano.a(lib_a-localeconv.o)
                0x0000000008055c68                _localeconv_r
 .text.malloc   0x0000000008055c84       0x10 /home/fdl/Desktop/llvm_build_source/urai-rt-lib/gcc/bins/bin/../lib/gcc/arm-none-eabi/7.3.1/../../../../arm-none-eabi/lib/thumb/v8-m.main/fpv5-sp/hard/libc_nano.a(lib_a-malloc.o)
                0x0000000008055c84                malloc
 .text.__ascii_mbtowc
                0x0000000008055c94       0x24 /home/fdl/Desktop/llvm_build_source/urai-rt-lib/gcc/bins/bin/../lib/gcc/arm-none-eabi/7.3.1/../../../../arm-none-eabi/lib/thumb/v8-m.main/fpv5-sp/hard/libc_nano.a(lib_a-mbtowc_r.o)
                0x0000000008055c94                __ascii_mbtowc
 .text.memchr   0x0000000008055cb8       0x1c /home/fdl/Desktop/llvm_build_source/urai-rt-lib/gcc/bins/bin/../lib/gcc/arm-none-eabi/7.3.1/../../../../arm-none-eabi/lib/thumb/v8-m.main/fpv5-sp/hard/libc_nano.a(lib_a-memchr-stub.o)
                0x0000000008055cb8                memchr
 .text._Balloc  0x0000000008055cd4       0x68 /home/fdl/Desktop/llvm_build_source/urai-rt-lib/gcc/bins/bin/../lib/gcc/arm-none-eabi/7.3.1/../../../../arm-none-eabi/lib/thumb/v8-m.main/fpv5-sp/hard/libc_nano.a(lib_a-mprec.o)
                0x0000000008055cd4                _Balloc
 .text._Bfree   0x0000000008055d3c       0x2e /home/fdl/Desktop/llvm_build_source/urai-rt-lib/gcc/bins/bin/../lib/gcc/arm-none-eabi/7.3.1/../../../../arm-none-eabi/lib/thumb/v8-m.main/fpv5-sp/hard/libc_nano.a(lib_a-mprec.o)
                0x0000000008055d3c                _Bfree
 .text.__multadd
                0x0000000008055d6a       0x7a /home/fdl/Desktop/llvm_build_source/urai-rt-lib/gcc/bins/bin/../lib/gcc/arm-none-eabi/7.3.1/../../../../arm-none-eabi/lib/thumb/v8-m.main/fpv5-sp/hard/libc_nano.a(lib_a-mprec.o)
                0x0000000008055d6a                __multadd
 .text.__hi0bits
                0x0000000008055de4       0x3e /home/fdl/Desktop/llvm_build_source/urai-rt-lib/gcc/bins/bin/../lib/gcc/arm-none-eabi/7.3.1/../../../../arm-none-eabi/lib/thumb/v8-m.main/fpv5-sp/hard/libc_nano.a(lib_a-mprec.o)
                0x0000000008055de4                __hi0bits
 .text.__lo0bits
                0x0000000008055e22       0x5e /home/fdl/Desktop/llvm_build_source/urai-rt-lib/gcc/bins/bin/../lib/gcc/arm-none-eabi/7.3.1/../../../../arm-none-eabi/lib/thumb/v8-m.main/fpv5-sp/hard/libc_nano.a(lib_a-mprec.o)
                0x0000000008055e22                __lo0bits
 .text.__i2b    0x0000000008055e80       0x12 /home/fdl/Desktop/llvm_build_source/urai-rt-lib/gcc/bins/bin/../lib/gcc/arm-none-eabi/7.3.1/../../../../arm-none-eabi/lib/thumb/v8-m.main/fpv5-sp/hard/libc_nano.a(lib_a-mprec.o)
                0x0000000008055e80                __i2b
 .text.__multiply
                0x0000000008055e92      0x12a /home/fdl/Desktop/llvm_build_source/urai-rt-lib/gcc/bins/bin/../lib/gcc/arm-none-eabi/7.3.1/../../../../arm-none-eabi/lib/thumb/v8-m.main/fpv5-sp/hard/libc_nano.a(lib_a-mprec.o)
                0x0000000008055e92                __multiply
 .text.__pow5mult
                0x0000000008055fbc       0x9c /home/fdl/Desktop/llvm_build_source/urai-rt-lib/gcc/bins/bin/../lib/gcc/arm-none-eabi/7.3.1/../../../../arm-none-eabi/lib/thumb/v8-m.main/fpv5-sp/hard/libc_nano.a(lib_a-mprec.o)
                0x0000000008055fbc                __pow5mult
 .text.__lshift
                0x0000000008056058       0xa8 /home/fdl/Desktop/llvm_build_source/urai-rt-lib/gcc/bins/bin/../lib/gcc/arm-none-eabi/7.3.1/../../../../arm-none-eabi/lib/thumb/v8-m.main/fpv5-sp/hard/libc_nano.a(lib_a-mprec.o)
                0x0000000008056058                __lshift
 .text.__mcmp   0x0000000008056100       0x34 /home/fdl/Desktop/llvm_build_source/urai-rt-lib/gcc/bins/bin/../lib/gcc/arm-none-eabi/7.3.1/../../../../arm-none-eabi/lib/thumb/v8-m.main/fpv5-sp/hard/libc_nano.a(lib_a-mprec.o)
                0x0000000008056100                __mcmp
 .text.__mdiff  0x0000000008056134       0xc0 /home/fdl/Desktop/llvm_build_source/urai-rt-lib/gcc/bins/bin/../lib/gcc/arm-none-eabi/7.3.1/../../../../arm-none-eabi/lib/thumb/v8-m.main/fpv5-sp/hard/libc_nano.a(lib_a-mprec.o)
                0x0000000008056134                __mdiff
 .text.__d2b    0x00000000080561f4       0x9e /home/fdl/Desktop/llvm_build_source/urai-rt-lib/gcc/bins/bin/../lib/gcc/arm-none-eabi/7.3.1/../../../../arm-none-eabi/lib/thumb/v8-m.main/fpv5-sp/hard/libc_nano.a(lib_a-mprec.o)
                0x00000000080561f4                __d2b
 .text._calloc_r
                0x0000000008056292       0x1c /home/fdl/Desktop/llvm_build_source/urai-rt-lib/gcc/bins/bin/../lib/gcc/arm-none-eabi/7.3.1/../../../../arm-none-eabi/lib/thumb/v8-m.main/fpv5-sp/hard/libc_nano.a(lib_a-nano-callocr.o)
                0x0000000008056292                _calloc_r
 *fill*         0x00000000080562ae        0x2 
 .text._free_r  0x00000000080562b0       0x9c /home/fdl/Desktop/llvm_build_source/urai-rt-lib/gcc/bins/bin/../lib/gcc/arm-none-eabi/7.3.1/../../../../arm-none-eabi/lib/thumb/v8-m.main/fpv5-sp/hard/libc_nano.a(lib_a-nano-freer.o)
                0x00000000080562b0                _free_r
 .text._malloc_r
                0x000000000805634c       0xb4 /home/fdl/Desktop/llvm_build_source/urai-rt-lib/gcc/bins/bin/../lib/gcc/arm-none-eabi/7.3.1/../../../../arm-none-eabi/lib/thumb/v8-m.main/fpv5-sp/hard/libc_nano.a(lib_a-nano-mallocr.o)
                0x000000000805634c                _malloc_r
 .text.__ssputs_r
                0x0000000008056400       0xb4 /home/fdl/Desktop/llvm_build_source/urai-rt-lib/gcc/bins/bin/../lib/gcc/arm-none-eabi/7.3.1/../../../../arm-none-eabi/lib/thumb/v8-m.main/fpv5-sp/hard/libc_nano.a(lib_a-nano-svfprintf.o)
                0x0000000008056400                __ssputs_r
 .text._svfprintf_r
                0x00000000080564b4      0x1f0 /home/fdl/Desktop/llvm_build_source/urai-rt-lib/gcc/bins/bin/../lib/gcc/arm-none-eabi/7.3.1/../../../../arm-none-eabi/lib/thumb/v8-m.main/fpv5-sp/hard/libc_nano.a(lib_a-nano-svfprintf.o)
                0x00000000080564b4                _svfprintf_r
                0x00000000080564b4                _svfiprintf_r
 .text.__sfputc_r
                0x00000000080566a4       0x2e /home/fdl/Desktop/llvm_build_source/urai-rt-lib/gcc/bins/bin/../lib/gcc/arm-none-eabi/7.3.1/../../../../arm-none-eabi/lib/thumb/v8-m.main/fpv5-sp/hard/libc_nano.a(lib_a-nano-vfprintf.o)
 .text.__sfputs_r
                0x00000000080566d2       0x24 /home/fdl/Desktop/llvm_build_source/urai-rt-lib/gcc/bins/bin/../lib/gcc/arm-none-eabi/7.3.1/../../../../arm-none-eabi/lib/thumb/v8-m.main/fpv5-sp/hard/libc_nano.a(lib_a-nano-vfprintf.o)
                0x00000000080566d2                __sfputs_r
 *fill*         0x00000000080566f6        0x2 
 .text._vfprintf_r
                0x00000000080566f8      0x22c /home/fdl/Desktop/llvm_build_source/urai-rt-lib/gcc/bins/bin/../lib/gcc/arm-none-eabi/7.3.1/../../../../arm-none-eabi/lib/thumb/v8-m.main/fpv5-sp/hard/libc_nano.a(lib_a-nano-vfprintf.o)
                0x00000000080566f8                _vfiprintf_r
                0x00000000080566f8                _vfprintf_r
 .text.__svfscanf_r
                0x0000000008056924      0x2a0 /home/fdl/Desktop/llvm_build_source/urai-rt-lib/gcc/bins/bin/../lib/gcc/arm-none-eabi/7.3.1/../../../../arm-none-eabi/lib/thumb/v8-m.main/fpv5-sp/hard/libc_nano.a(lib_a-nano-vfscanf.o)
                0x0000000008056924                __svfiscanf_r
                0x0000000008056924                __svfscanf_r
 .text._vfscanf_r
                0x0000000008056bc4       0x50 /home/fdl/Desktop/llvm_build_source/urai-rt-lib/gcc/bins/bin/../lib/gcc/arm-none-eabi/7.3.1/../../../../arm-none-eabi/lib/thumb/v8-m.main/fpv5-sp/hard/libc_nano.a(lib_a-nano-vfscanf.o)
                0x0000000008056bc4                _vfiscanf_r
                0x0000000008056bc4                _vfscanf_r
 .text._scanf_chars
                0x0000000008056c14       0xba /home/fdl/Desktop/llvm_build_source/urai-rt-lib/gcc/bins/bin/../lib/gcc/arm-none-eabi/7.3.1/../../../../arm-none-eabi/lib/thumb/v8-m.main/fpv5-sp/hard/libc_nano.a(lib_a-nano-vfscanf_i.o)
                0x0000000008056c14                _scanf_chars
 *fill*         0x0000000008056cce        0x2 
 .text._scanf_i
                0x0000000008056cd0      0x1e8 /home/fdl/Desktop/llvm_build_source/urai-rt-lib/gcc/bins/bin/../lib/gcc/arm-none-eabi/7.3.1/../../../../arm-none-eabi/lib/thumb/v8-m.main/fpv5-sp/hard/libc_nano.a(lib_a-nano-vfscanf_i.o)
                0x0000000008056cd0                _scanf_i
 .text.lflush   0x0000000008056eb8       0x12 /home/fdl/Desktop/llvm_build_source/urai-rt-lib/gcc/bins/bin/../lib/gcc/arm-none-eabi/7.3.1/../../../../arm-none-eabi/lib/thumb/v8-m.main/fpv5-sp/hard/libc_nano.a(lib_a-refill.o)
 *fill*         0x0000000008056eca        0x2 
 .text.__srefill_r
                0x0000000008056ecc      0x118 /home/fdl/Desktop/llvm_build_source/urai-rt-lib/gcc/bins/bin/../lib/gcc/arm-none-eabi/7.3.1/../../../../arm-none-eabi/lib/thumb/v8-m.main/fpv5-sp/hard/libc_nano.a(lib_a-refill.o)
                0x0000000008056ecc                __srefill_r
 .text.__srget_r
                0x0000000008056fe4       0x58 /home/fdl/Desktop/llvm_build_source/urai-rt-lib/gcc/bins/bin/../lib/gcc/arm-none-eabi/7.3.1/../../../../arm-none-eabi/lib/thumb/v8-m.main/fpv5-sp/hard/libc_nano.a(lib_a-rget.o)
                0x0000000008056fe4                __srget_r
 .text._sbrk_r  0x000000000805703c       0x20 /home/fdl/Desktop/llvm_build_source/urai-rt-lib/gcc/bins/bin/../lib/gcc/arm-none-eabi/7.3.1/../../../../arm-none-eabi/lib/thumb/v8-m.main/fpv5-sp/hard/libc_nano.a(lib_a-sbrkr.o)
                0x000000000805703c                _sbrk_r
 .text.__sccl   0x000000000805705c       0x62 /home/fdl/Desktop/llvm_build_source/urai-rt-lib/gcc/bins/bin/../lib/gcc/arm-none-eabi/7.3.1/../../../../arm-none-eabi/lib/thumb/v8-m.main/fpv5-sp/hard/libc_nano.a(lib_a-sccl.o)
                0x000000000805705c                __sccl
 .text.__sread  0x00000000080570be       0x22 /home/fdl/Desktop/llvm_build_source/urai-rt-lib/gcc/bins/bin/../lib/gcc/arm-none-eabi/7.3.1/../../../../arm-none-eabi/lib/thumb/v8-m.main/fpv5-sp/hard/libc_nano.a(lib_a-stdio.o)
                0x00000000080570be                __sread
 .text.__swrite
                0x00000000080570e0       0x38 /home/fdl/Desktop/llvm_build_source/urai-rt-lib/gcc/bins/bin/../lib/gcc/arm-none-eabi/7.3.1/../../../../arm-none-eabi/lib/thumb/v8-m.main/fpv5-sp/hard/libc_nano.a(lib_a-stdio.o)
                0x00000000080570e0                __swrite
 .text.__sseek  0x0000000008057118       0x24 /home/fdl/Desktop/llvm_build_source/urai-rt-lib/gcc/bins/bin/../lib/gcc/arm-none-eabi/7.3.1/../../../../arm-none-eabi/lib/thumb/v8-m.main/fpv5-sp/hard/libc_nano.a(lib_a-stdio.o)
                0x0000000008057118                __sseek
 .text.__sclose
                0x000000000805713c        0x8 /home/fdl/Desktop/llvm_build_source/urai-rt-lib/gcc/bins/bin/../lib/gcc/arm-none-eabi/7.3.1/../../../../arm-none-eabi/lib/thumb/v8-m.main/fpv5-sp/hard/libc_nano.a(lib_a-stdio.o)
                0x000000000805713c                __sclose
 .text._strtoul_l.isra.0
                0x0000000008057144       0xf4 /home/fdl/Desktop/llvm_build_source/urai-rt-lib/gcc/bins/bin/../lib/gcc/arm-none-eabi/7.3.1/../../../../arm-none-eabi/lib/thumb/v8-m.main/fpv5-sp/hard/libc_nano.a(lib_a-strtoul.o)
 .text._strtoul_r
                0x0000000008057238       0x24 /home/fdl/Desktop/llvm_build_source/urai-rt-lib/gcc/bins/bin/../lib/gcc/arm-none-eabi/7.3.1/../../../../arm-none-eabi/lib/thumb/v8-m.main/fpv5-sp/hard/libc_nano.a(lib_a-strtoul.o)
                0x0000000008057238                _strtoul_r
 .text.__submore
                0x000000000805725c       0x6e /home/fdl/Desktop/llvm_build_source/urai-rt-lib/gcc/bins/bin/../lib/gcc/arm-none-eabi/7.3.1/../../../../arm-none-eabi/lib/thumb/v8-m.main/fpv5-sp/hard/libc_nano.a(lib_a-ungetc.o)
                0x000000000805725c                __submore
 *fill*         0x00000000080572ca        0x2 
 .text._ungetc_r
                0x00000000080572cc       0xe4 /home/fdl/Desktop/llvm_build_source/urai-rt-lib/gcc/bins/bin/../lib/gcc/arm-none-eabi/7.3.1/../../../../arm-none-eabi/lib/thumb/v8-m.main/fpv5-sp/hard/libc_nano.a(lib_a-ungetc.o)
                0x00000000080572cc                _ungetc_r
 .text.__swbuf_r
                0x00000000080573b0       0xa4 /home/fdl/Desktop/llvm_build_source/urai-rt-lib/gcc/bins/bin/../lib/gcc/arm-none-eabi/7.3.1/../../../../arm-none-eabi/lib/thumb/v8-m.main/fpv5-sp/hard/libc_nano.a(lib_a-wbuf.o)
                0x00000000080573b0                __swbuf_r
 .text.__ascii_wctomb
                0x0000000008057454       0x1a /home/fdl/Desktop/llvm_build_source/urai-rt-lib/gcc/bins/bin/../lib/gcc/arm-none-eabi/7.3.1/../../../../arm-none-eabi/lib/thumb/v8-m.main/fpv5-sp/hard/libc_nano.a(lib_a-wctomb_r.o)
                0x0000000008057454                __ascii_wctomb
 *fill*         0x000000000805746e        0x2 
 .text._write_r
                0x0000000008057470       0x24 /home/fdl/Desktop/llvm_build_source/urai-rt-lib/gcc/bins/bin/../lib/gcc/arm-none-eabi/7.3.1/../../../../arm-none-eabi/lib/thumb/v8-m.main/fpv5-sp/hard/libc_nano.a(lib_a-writer.o)
                0x0000000008057470                _write_r
 .text.__swsetup_r
                0x0000000008057494       0xdc /home/fdl/Desktop/llvm_build_source/urai-rt-lib/gcc/bins/bin/../lib/gcc/arm-none-eabi/7.3.1/../../../../arm-none-eabi/lib/thumb/v8-m.main/fpv5-sp/hard/libc_nano.a(lib_a-wsetup.o)
                0x0000000008057494                __swsetup_r
 .text._close_r
                0x0000000008057570       0x20 /home/fdl/Desktop/llvm_build_source/urai-rt-lib/gcc/bins/bin/../lib/gcc/arm-none-eabi/7.3.1/../../../../arm-none-eabi/lib/thumb/v8-m.main/fpv5-sp/hard/libc_nano.a(lib_a-closer.o)
                0x0000000008057570                _close_r
 .text.__sflush_r
                0x0000000008057590      0x108 /home/fdl/Desktop/llvm_build_source/urai-rt-lib/gcc/bins/bin/../lib/gcc/arm-none-eabi/7.3.1/../../../../arm-none-eabi/lib/thumb/v8-m.main/fpv5-sp/hard/libc_nano.a(lib_a-fflush.o)
                0x0000000008057590                __sflush_r
 .text._fflush_r
                0x0000000008057698       0x54 /home/fdl/Desktop/llvm_build_source/urai-rt-lib/gcc/bins/bin/../lib/gcc/arm-none-eabi/7.3.1/../../../../arm-none-eabi/lib/thumb/v8-m.main/fpv5-sp/hard/libc_nano.a(lib_a-fflush.o)
                0x0000000008057698                _fflush_r
 .text.fflush   0x00000000080576ec       0x24 /home/fdl/Desktop/llvm_build_source/urai-rt-lib/gcc/bins/bin/../lib/gcc/arm-none-eabi/7.3.1/../../../../arm-none-eabi/lib/thumb/v8-m.main/fpv5-sp/hard/libc_nano.a(lib_a-fflush.o)
                0x00000000080576ec                fflush
 .text._lseek_r
                0x0000000008057710       0x24 /home/fdl/Desktop/llvm_build_source/urai-rt-lib/gcc/bins/bin/../lib/gcc/arm-none-eabi/7.3.1/../../../../arm-none-eabi/lib/thumb/v8-m.main/fpv5-sp/hard/libc_nano.a(lib_a-lseekr.o)
                0x0000000008057710                _lseek_r
 .text.__swhatbuf_r
                0x0000000008057734       0x48 /home/fdl/Desktop/llvm_build_source/urai-rt-lib/gcc/bins/bin/../lib/gcc/arm-none-eabi/7.3.1/../../../../arm-none-eabi/lib/thumb/v8-m.main/fpv5-sp/hard/libc_nano.a(lib_a-makebuf.o)
                0x0000000008057734                __swhatbuf_r
 .text.__smakebuf_r
                0x000000000805777c       0x80 /home/fdl/Desktop/llvm_build_source/urai-rt-lib/gcc/bins/bin/../lib/gcc/arm-none-eabi/7.3.1/../../../../arm-none-eabi/lib/thumb/v8-m.main/fpv5-sp/hard/libc_nano.a(lib_a-makebuf.o)
                0x000000000805777c                __smakebuf_r
 .text.memmove  0x00000000080577fc       0x32 /home/fdl/Desktop/llvm_build_source/urai-rt-lib/gcc/bins/bin/../lib/gcc/arm-none-eabi/7.3.1/../../../../arm-none-eabi/lib/thumb/v8-m.main/fpv5-sp/hard/libc_nano.a(lib_a-memmove.o)
                0x00000000080577fc                memmove
 .text.__malloc_lock
                0x000000000805782e        0x2 /home/fdl/Desktop/llvm_build_source/urai-rt-lib/gcc/bins/bin/../lib/gcc/arm-none-eabi/7.3.1/../../../../arm-none-eabi/lib/thumb/v8-m.main/fpv5-sp/hard/libc_nano.a(lib_a-mlock.o)
                0x000000000805782e                __malloc_lock
 .text.__malloc_unlock
                0x0000000008057830        0x2 /home/fdl/Desktop/llvm_build_source/urai-rt-lib/gcc/bins/bin/../lib/gcc/arm-none-eabi/7.3.1/../../../../arm-none-eabi/lib/thumb/v8-m.main/fpv5-sp/hard/libc_nano.a(lib_a-mlock.o)
                0x0000000008057830                __malloc_unlock
 .text._realloc_r
                0x0000000008057832       0x4c /home/fdl/Desktop/llvm_build_source/urai-rt-lib/gcc/bins/bin/../lib/gcc/arm-none-eabi/7.3.1/../../../../arm-none-eabi/lib/thumb/v8-m.main/fpv5-sp/hard/libc_nano.a(lib_a-nano-reallocr.o)
                0x0000000008057832                _realloc_r
 *fill*         0x000000000805787e        0x2 
 .text._read_r  0x0000000008057880       0x24 /home/fdl/Desktop/llvm_build_source/urai-rt-lib/gcc/bins/bin/../lib/gcc/arm-none-eabi/7.3.1/../../../../arm-none-eabi/lib/thumb/v8-m.main/fpv5-sp/hard/libc_nano.a(lib_a-readr.o)
                0x0000000008057880                _read_r
 .text._fstat_r
                0x00000000080578a4       0x24 /home/fdl/Desktop/llvm_build_source/urai-rt-lib/gcc/bins/bin/../lib/gcc/arm-none-eabi/7.3.1/../../../../arm-none-eabi/lib/thumb/v8-m.main/fpv5-sp/hard/libc_nano.a(lib_a-fstatr.o)
                0x00000000080578a4                _fstat_r
 .text._isatty_r
                0x00000000080578c8       0x20 /home/fdl/Desktop/llvm_build_source/urai-rt-lib/gcc/bins/bin/../lib/gcc/arm-none-eabi/7.3.1/../../../../arm-none-eabi/lib/thumb/v8-m.main/fpv5-sp/hard/libc_nano.a(lib_a-isattyr.o)
                0x00000000080578c8                _isatty_r
 .text._malloc_usable_size_r
                0x00000000080578e8       0x10 /home/fdl/Desktop/llvm_build_source/urai-rt-lib/gcc/bins/bin/../lib/gcc/arm-none-eabi/7.3.1/../../../../arm-none-eabi/lib/thumb/v8-m.main/fpv5-sp/hard/libc_nano.a(lib_a-nano-msizer.o)
                0x00000000080578e8                _malloc_usable_size_r
 *(.glue_7)
 .glue_7        0x00000000080578f8        0x0 linker stubs
 *(.glue_7t)
 .glue_7t       0x00000000080578f8        0x0 linker stubs
 *(.eh_frame)
 .eh_frame      0x00000000080578f8        0x0 /home/fdl/Desktop/llvm_build_source/urai-rt-lib/gcc/bins/bin/../lib/gcc/arm-none-eabi/7.3.1/thumb/v8-m.main/fpv5-sp/hard/crtbegin.o
 *(.init)
 .init          0x00000000080578f8        0x4 /home/fdl/Desktop/llvm_build_source/urai-rt-lib/gcc/bins/bin/../lib/gcc/arm-none-eabi/7.3.1/thumb/v8-m.main/fpv5-sp/hard/crti.o
                0x00000000080578f8                _init
 .init          0x00000000080578fc        0x8 /home/fdl/Desktop/llvm_build_source/urai-rt-lib/gcc/bins/bin/../lib/gcc/arm-none-eabi/7.3.1/thumb/v8-m.main/fpv5-sp/hard/crtn.o
 *(.fini)
 .fini          0x0000000008057904        0x4 /home/fdl/Desktop/llvm_build_source/urai-rt-lib/gcc/bins/bin/../lib/gcc/arm-none-eabi/7.3.1/thumb/v8-m.main/fpv5-sp/hard/crti.o
                0x0000000008057904                _fini
 .fini          0x0000000008057908        0x8 /home/fdl/Desktop/llvm_build_source/urai-rt-lib/gcc/bins/bin/../lib/gcc/arm-none-eabi/7.3.1/thumb/v8-m.main/fpv5-sp/hard/crtn.o
 .fini.__stub   0x0000000008057910       0x20 linker stubs
                0x0000000008057930                . = ALIGN (0x4)
                0x0000000008057930                _etext = .

.vfp11_veneer   0x0000000008057930        0x0
 .vfp11_veneer  0x0000000008057930        0x0 linker stubs

.v4_bx          0x0000000008057930        0x0
 .v4_bx         0x0000000008057930        0x0 linker stubs

.iplt           0x0000000008057930        0x0
 .iplt          0x0000000008057930        0x0 /home/fdl/Desktop/llvm_build_source/urai-rt-lib/gcc/bins/bin/../lib/gcc/arm-none-eabi/7.3.1/thumb/v8-m.main/fpv5-sp/hard/crtbegin.o

.rodata         0x0000000008057930      0x664
                0x0000000008057930                . = ALIGN (0x4)
 *(.rodata)
 .rodata        0x0000000008057930       0x90 Build/Objects/syringe_NonSecure--cceinstrumented.o
                0x000000000805794c                UARTPrescTable
                0x0000000008057964                mLBolusStepsLength
                0x0000000008057968                AHBPrescTable
                0x0000000008057978                APBPrescTable
                0x0000000008057980                MSIRangeTable
 .rodata        0x00000000080579c0        0xc /home/fdl/Desktop/llvm_build_source/urai-rt-lib/gcc/bins/bin/../lib/gcc/arm-none-eabi/7.3.1/../../../../arm-none-eabi/lib/thumb/v8-m.main/fpv5-sp/hard/libc_nano.a(lib_a-nano-vfscanf_i.o)
 *(.rodata*)
 .rodata.str1.1
                0x00000000080579cc      0x2ec Build/Objects/syringe_NonSecure--cceinstrumented.o
                                        0x32d (size before relaxing)
 .rodata._global_impure_ptr
                0x0000000008057cb8        0x4 /home/fdl/Desktop/llvm_build_source/urai-rt-lib/gcc/bins/bin/../lib/gcc/arm-none-eabi/7.3.1/../../../../arm-none-eabi/lib/thumb/v8-m.main/fpv5-sp/hard/libc_nano.a(lib_a-impure.o)
                0x0000000008057cb8                _global_impure_ptr
 .rodata._printf_float.str1.1
                0x0000000008057cbc       0x10 /home/fdl/Desktop/llvm_build_source/urai-rt-lib/gcc/bins/bin/../lib/gcc/arm-none-eabi/7.3.1/../../../../arm-none-eabi/lib/thumb/v8-m.main/fpv5-sp/hard/libc_nano.a(lib_a-nano-vfprintf_float.o)
                                         0x12 (size before relaxing)
 .rodata._printf_i.str1.1
                0x0000000008057ccc       0x22 /home/fdl/Desktop/llvm_build_source/urai-rt-lib/gcc/bins/bin/../lib/gcc/arm-none-eabi/7.3.1/../../../../arm-none-eabi/lib/thumb/v8-m.main/fpv5-sp/hard/libc_nano.a(lib_a-nano-vfprintf_i.o)
 .rodata._dtoa_r.str1.1
                0x0000000008057cee        0xd /home/fdl/Desktop/llvm_build_source/urai-rt-lib/gcc/bins/bin/../lib/gcc/arm-none-eabi/7.3.1/../../../../arm-none-eabi/lib/thumb/v8-m.main/fpv5-sp/hard/libc_nano.a(lib_a-dtoa.o)
                                          0xf (size before relaxing)
 *fill*         0x0000000008057cfb        0x1 
 .rodata.__sf_fake_stderr
                0x0000000008057cfc       0x20 /home/fdl/Desktop/llvm_build_source/urai-rt-lib/gcc/bins/bin/../lib/gcc/arm-none-eabi/7.3.1/../../../../arm-none-eabi/lib/thumb/v8-m.main/fpv5-sp/hard/libc_nano.a(lib_a-findfp.o)
                0x0000000008057cfc                __sf_fake_stderr
 .rodata.__sf_fake_stdin
                0x0000000008057d1c       0x20 /home/fdl/Desktop/llvm_build_source/urai-rt-lib/gcc/bins/bin/../lib/gcc/arm-none-eabi/7.3.1/../../../../arm-none-eabi/lib/thumb/v8-m.main/fpv5-sp/hard/libc_nano.a(lib_a-findfp.o)
                0x0000000008057d1c                __sf_fake_stdin
 .rodata.__sf_fake_stdout
                0x0000000008057d3c       0x20 /home/fdl/Desktop/llvm_build_source/urai-rt-lib/gcc/bins/bin/../lib/gcc/arm-none-eabi/7.3.1/../../../../arm-none-eabi/lib/thumb/v8-m.main/fpv5-sp/hard/libc_nano.a(lib_a-findfp.o)
                0x0000000008057d3c                __sf_fake_stdout
 .rodata._setlocale_r.str1.1
                0x0000000008057d5c        0x8 /home/fdl/Desktop/llvm_build_source/urai-rt-lib/gcc/bins/bin/../lib/gcc/arm-none-eabi/7.3.1/../../../../arm-none-eabi/lib/thumb/v8-m.main/fpv5-sp/hard/libc_nano.a(lib_a-locale.o)
                                          0x9 (size before relaxing)
 .rodata.str1.1
                0x0000000008057d64        0x2 /home/fdl/Desktop/llvm_build_source/urai-rt-lib/gcc/bins/bin/../lib/gcc/arm-none-eabi/7.3.1/../../../../arm-none-eabi/lib/thumb/v8-m.main/fpv5-sp/hard/libc_nano.a(lib_a-locale.o)
 *fill*         0x0000000008057d66        0x2 
 .rodata.__mprec_bigtens
                0x0000000008057d68       0x28 /home/fdl/Desktop/llvm_build_source/urai-rt-lib/gcc/bins/bin/../lib/gcc/arm-none-eabi/7.3.1/../../../../arm-none-eabi/lib/thumb/v8-m.main/fpv5-sp/hard/libc_nano.a(lib_a-mprec.o)
                0x0000000008057d68                __mprec_bigtens
 .rodata.__mprec_tens
                0x0000000008057d90       0xc8 /home/fdl/Desktop/llvm_build_source/urai-rt-lib/gcc/bins/bin/../lib/gcc/arm-none-eabi/7.3.1/../../../../arm-none-eabi/lib/thumb/v8-m.main/fpv5-sp/hard/libc_nano.a(lib_a-mprec.o)
                0x0000000008057d90                __mprec_tens
 .rodata.p05.7359
                0x0000000008057e58        0xc /home/fdl/Desktop/llvm_build_source/urai-rt-lib/gcc/bins/bin/../lib/gcc/arm-none-eabi/7.3.1/../../../../arm-none-eabi/lib/thumb/v8-m.main/fpv5-sp/hard/libc_nano.a(lib_a-mprec.o)
 .rodata._svfprintf_r.str1.1
                0x0000000008057e64       0x11 /home/fdl/Desktop/llvm_build_source/urai-rt-lib/gcc/bins/bin/../lib/gcc/arm-none-eabi/7.3.1/../../../../arm-none-eabi/lib/thumb/v8-m.main/fpv5-sp/hard/libc_nano.a(lib_a-nano-svfprintf.o)
 .rodata._vfprintf_r.str1.1
                0x0000000008057e75       0x11 /home/fdl/Desktop/llvm_build_source/urai-rt-lib/gcc/bins/bin/../lib/gcc/arm-none-eabi/7.3.1/../../../../arm-none-eabi/lib/thumb/v8-m.main/fpv5-sp/hard/libc_nano.a(lib_a-nano-vfprintf.o)
 .rodata.__svfscanf_r.str1.1
                0x0000000008057e75        0x4 /home/fdl/Desktop/llvm_build_source/urai-rt-lib/gcc/bins/bin/../lib/gcc/arm-none-eabi/7.3.1/../../../../arm-none-eabi/lib/thumb/v8-m.main/fpv5-sp/hard/libc_nano.a(lib_a-nano-vfscanf.o)
 .rodata._scanf_i.str1.1
                0x0000000008057e75       0x12 /home/fdl/Desktop/llvm_build_source/urai-rt-lib/gcc/bins/bin/../lib/gcc/arm-none-eabi/7.3.1/../../../../arm-none-eabi/lib/thumb/v8-m.main/fpv5-sp/hard/libc_nano.a(lib_a-nano-vfscanf_i.o)
 .rodata.str1.1
                0x0000000008057e87        0x9 /home/fdl/Desktop/llvm_build_source/urai-rt-lib/gcc/bins/bin/../lib/gcc/arm-none-eabi/7.3.1/../../../../arm-none-eabi/lib/thumb/v8-m.main/fpv5-sp/hard/libc_nano.a(lib_a-nano-vfscanf_i.o)
 .rodata._ctype_
                0x0000000008057e90      0x101 /home/fdl/Desktop/llvm_build_source/urai-rt-lib/gcc/bins/bin/../lib/gcc/arm-none-eabi/7.3.1/../../../../arm-none-eabi/lib/thumb/v8-m.main/fpv5-sp/hard/libc_nano.a(lib_a-ctype_.o)
                0x0000000008057e90                _ctype_
                0x0000000008057f94                . = ALIGN (0x4)
 *fill*         0x0000000008057f91        0x3 

.ARM.extab      0x0000000008057f94        0x0
                0x0000000008057f94                . = ALIGN (0x4)
 *(.ARM.extab* .gnu.linkonce.armextab.*)
                0x0000000008057f94                . = ALIGN (0x4)

.ARM            0x0000000008057f94        0x8
                0x0000000008057f94                . = ALIGN (0x4)
                0x0000000008057f94                __exidx_start = .
 *(.ARM.exidx*)
 .ARM.exidx     0x0000000008057f94        0x8 Build/Objects/syringe_NonSecure--cceinstrumented.o
                                       0x1020 (size before relaxing)
 .ARM.exidx     0x0000000008057f9c        0x0 /home/fdl/Desktop/llvm_build_source/urai-rt-lib/gcc/bins/bin/../lib/gcc/arm-none-eabi/7.3.1/thumb/v8-m.main/fpv5-sp/hard/libgcc.a(_udivmoddi4.o)
                                          0x8 (size before relaxing)
                0x0000000008057f9c                __exidx_end = .
                0x0000000008057f9c                . = ALIGN (0x4)

.rel.dyn        0x0000000008057f9c        0x0
 .rel.iplt      0x0000000008057f9c        0x0 /home/fdl/Desktop/llvm_build_source/urai-rt-lib/gcc/bins/bin/../lib/gcc/arm-none-eabi/7.3.1/thumb/v8-m.main/fpv5-sp/hard/crtbegin.o

.preinit_array  0x0000000008057f9c        0x0
                0x0000000008057f9c                . = ALIGN (0x4)
                0x0000000008057f9c                PROVIDE (__preinit_array_start = .)
 *(.preinit_array*)
                0x0000000008057f9c                PROVIDE (__preinit_array_end = .)
                0x0000000008057f9c                . = ALIGN (0x4)

.init_array     0x0000000008057f9c        0x4
                0x0000000008057f9c                . = ALIGN (0x4)
                0x0000000008057f9c                PROVIDE (__init_array_start = .)
 *(SORT_BY_NAME(.init_array.*))
 *(.init_array*)
 .init_array    0x0000000008057f9c        0x4 /home/fdl/Desktop/llvm_build_source/urai-rt-lib/gcc/bins/bin/../lib/gcc/arm-none-eabi/7.3.1/thumb/v8-m.main/fpv5-sp/hard/crtbegin.o
                0x0000000008057fa0                PROVIDE (__init_array_end = .)
                0x0000000008057fa0                . = ALIGN (0x4)

.fini_array     0x0000000008057fa0        0x4
                0x0000000008057fa0                . = ALIGN (0x4)
                [!provide]                        PROVIDE (__fini_array_start = .)
 *(SORT_BY_NAME(.fini_array.*))
 *(.fini_array*)
 .fini_array    0x0000000008057fa0        0x4 /home/fdl/Desktop/llvm_build_source/urai-rt-lib/gcc/bins/bin/../lib/gcc/arm-none-eabi/7.3.1/thumb/v8-m.main/fpv5-sp/hard/crtbegin.o
                [!provide]                        PROVIDE (__fini_array_end = .)
                0x0000000008057fa4                . = ALIGN (0x4)
                0x0000000008057fa4                _sidata = LOADADDR (.data)

.data           0x0000000020018000      0x268 load address 0x0000000008057fa4
                0x0000000020018000                . = ALIGN (0x4)
                0x0000000020018000                _sdata = .
 *(.data)
 .data          0x0000000020018000       0x98 Build/Objects/syringe_NonSecure--cceinstrumented.o
                0x0000000020018000                uwTickPrio
                0x0000000020018004                uwTickFreq
                0x0000000020018008                pFlash
                0x0000000020018024                ustepsPerMM
                0x0000000020018028                ustepsPerML
                0x000000002001802c                motorDirPin
                0x0000000020018030                motorStepPin
                0x0000000020018034                adc_key_val
                0x0000000020018048                NUM_KEYS
                0x000000002001804c                key
                0x0000000020018050                mLBolusSteps
                0x0000000020018074                mLBolus
                0x0000000020018078                mLBigBolus
                0x000000002001807c                mLBolusStepIdx
                0x0000000020018080                mLBolusStep
                0x0000000020018084                keyRepeatDelay
                0x0000000020018088                keyDebounce
                0x000000002001808c                prevKey
                0x0000000020018090                SystemCoreClock
                0x0000000020018094                environ
 *(.data*)
 .data._impure_ptr
                0x0000000020018098        0x4 /home/fdl/Desktop/llvm_build_source/urai-rt-lib/gcc/bins/bin/../lib/gcc/arm-none-eabi/7.3.1/../../../../arm-none-eabi/lib/thumb/v8-m.main/fpv5-sp/hard/libc_nano.a(lib_a-impure.o)
                0x0000000020018098                _impure_ptr
 .data.impure_data
                0x000000002001809c       0x60 /home/fdl/Desktop/llvm_build_source/urai-rt-lib/gcc/bins/bin/../lib/gcc/arm-none-eabi/7.3.1/../../../../arm-none-eabi/lib/thumb/v8-m.main/fpv5-sp/hard/libc_nano.a(lib_a-impure.o)
 .data.__global_locale
                0x00000000200180fc      0x16c /home/fdl/Desktop/llvm_build_source/urai-rt-lib/gcc/bins/bin/../lib/gcc/arm-none-eabi/7.3.1/../../../../arm-none-eabi/lib/thumb/v8-m.main/fpv5-sp/hard/libc_nano.a(lib_a-locale.o)
                0x00000000200180fc                __global_locale
                0x0000000020018268                . = ALIGN (0x4)
                0x0000000020018268                _edata = .

.igot.plt       0x0000000020018268        0x0 load address 0x000000000805820c
 .igot.plt      0x0000000020018268        0x0 /home/fdl/Desktop/llvm_build_source/urai-rt-lib/gcc/bins/bin/../lib/gcc/arm-none-eabi/7.3.1/thumb/v8-m.main/fpv5-sp/hard/crtbegin.o
                0x0000000020018268                . = ALIGN (0x4)

.bss            0x0000000020018268     0x30b0 load address 0x000000000805820c
                0x0000000020018268                _sbss = .
                0x0000000020018268                __bss_start__ = _sbss
 *(.bss)
 .bss           0x0000000020018268       0x1c /home/fdl/Desktop/llvm_build_source/urai-rt-lib/gcc/bins/bin/../lib/gcc/arm-none-eabi/7.3.1/thumb/v8-m.main/fpv5-sp/hard/crtbegin.o
 .bss           0x0000000020018284       0xb8 Build/Objects/syringe_NonSecure--cceinstrumented.o
                0x0000000020018288                UartReady
                0x0000000020018289                OutBuf
                0x00000000200182bc                triggerPin
                0x00000000200182c0                bigTriggerPin
                0x00000000200182c4                mLUsed
                0x00000000200182c8                stepperPos
                0x00000000200182cc                lastKeyRepeatAt
                0x00000000200182d0                uiState
                0x00000000200182d4                prevBigTrigger
                0x00000000200182d8                prevTrigger
                0x00000000200182dc                serialStr
                0x000000002001832c                serialStrReady
                0x0000000020018330                serialStrLen
                0x0000000020018334                __env
                0x0000000020018338                __unnamed_1
 *(.bss*)
 .bss.__malloc_free_list
                0x000000002001833c        0x4 /home/fdl/Desktop/llvm_build_source/urai-rt-lib/gcc/bins/bin/../lib/gcc/arm-none-eabi/7.3.1/../../../../arm-none-eabi/lib/thumb/v8-m.main/fpv5-sp/hard/libc_nano.a(lib_a-nano-mallocr.o)
                0x000000002001833c                __malloc_free_list
 .bss.__malloc_sbrk_start
                0x0000000020018340        0x4 /home/fdl/Desktop/llvm_build_source/urai-rt-lib/gcc/bins/bin/../lib/gcc/arm-none-eabi/7.3.1/../../../../arm-none-eabi/lib/thumb/v8-m.main/fpv5-sp/hard/libc_nano.a(lib_a-nano-mallocr.o)
                0x0000000020018340                __malloc_sbrk_start
 *(COMMON)
 COMMON         0x0000000020018344     0x2fd0 Build/Objects/syringe_NonSecure--cceinstrumented.o
                0x0000000020018344                lcd
                0x0000000020018348                dfi_trigger_count
                0x000000002001834c                cfi_trigger_count
                0x0000000020018350                bitmap
                0x000000002001aa60                sensitiveAddr
                0x000000002001aa64                uwTick
                0x000000002001aa68                global_esp
                0x000000002001aa6c                memory
                0x000000002001b26c                global_ebp
                0x000000002001b270                charBuf
                0x000000002001b280                huart1
                0x000000002001b310                adc_key_in
 COMMON         0x000000002001b314        0x4 /home/fdl/Desktop/llvm_build_source/urai-rt-lib/gcc/bins/bin/../lib/gcc/arm-none-eabi/7.3.1/../../../../arm-none-eabi/lib/thumb/v8-m.main/fpv5-sp/hard/libc_nano.a(lib_a-reent.o)
                0x000000002001b314                errno
                0x000000002001b318                . = ALIGN (0x4)
                0x000000002001b318                _ebss = .
                0x000000002001b318                __bss_end__ = _ebss

._user_heap_stack
                0x000000002001b318      0x600 load address 0x000000000805820c
                0x000000002001b318                . = ALIGN (0x8)
                [!provide]                        PROVIDE (end = .)
                0x000000002001b318                PROVIDE (_end = .)
                0x000000002001b518                . = (. + _Min_Heap_Size)
 *fill*         0x000000002001b318      0x200 
                0x000000002001b918                . = (. + _Min_Stack_Size)
 *fill*         0x000000002001b518      0x400 
                0x000000002001b918                . = ALIGN (0x8)

/DISCARD/
 libc.a(*)
 libm.a(*)
 libgcc.a(*)

.ARM.attributes
                0x0000000000000000       0x3a
 *(.ARM.attributes)
 .ARM.attributes
                0x0000000000000000       0x26 /home/fdl/Desktop/llvm_build_source/urai-rt-lib/gcc/bins/bin/../lib/gcc/arm-none-eabi/7.3.1/thumb/v8-m.main/fpv5-sp/hard/crti.o
 .ARM.attributes
                0x0000000000000026       0x38 /home/fdl/Desktop/llvm_build_source/urai-rt-lib/gcc/bins/bin/../lib/gcc/arm-none-eabi/7.3.1/thumb/v8-m.main/fpv5-sp/hard/crtbegin.o
 .ARM.attributes
                0x000000000000005e       0x24 Build/Objects/startup_stm32l562qeixq.o
 .ARM.attributes
                0x0000000000000082       0x38 Build/Objects/syringe_NonSecure--cceinstrumented.o
 .ARM.attributes
                0x00000000000000ba       0x38 /home/fdl/Desktop/llvm_build_source/urai-rt-lib/gcc/bins/bin/../lib/gcc/arm-none-eabi/7.3.1/../../../../arm-none-eabi/lib/thumb/v8-m.main/fpv5-sp/hard/libc_nano.a(lib_a-aeabi_memclr.o)
 .ARM.attributes
                0x00000000000000f2       0x38 /home/fdl/Desktop/llvm_build_source/urai-rt-lib/gcc/bins/bin/../lib/gcc/arm-none-eabi/7.3.1/../../../../arm-none-eabi/lib/thumb/v8-m.main/fpv5-sp/hard/libc_nano.a(lib_a-aeabi_memcpy.o)
 .ARM.attributes