Archive member included to satisfy reference by file (symbol)

d:/programs/st/stm32cubeide_1.8.0/stm32cubeide/plugins/com.st.stm32cube.ide.mcu.externaltools.gnu-tools-for-stm32.9-2020-q2-update.win32_2.0.0.202105311346/tools/bin/../lib/gcc/arm-none-eabi/9.3.1/../../../../arm-none-eabi/lib/thumb/v8-m.main+fp/hard\libc_nano.a(lib_a-errno.o)
                              ./Core/Src/syscalls.o (__errno)
d:/programs/st/stm32cubeide_1.8.0/stm32cubeide/plugins/com.st.stm32cube.ide.mcu.externaltools.gnu-tools-for-stm32.9-2020-q2-update.win32_2.0.0.202105311346/tools/bin/../lib/gcc/arm-none-eabi/9.3.1/../../../../arm-none-eabi/lib/thumb/v8-m.main+fp/hard\libc_nano.a(lib_a-exit.o)
                              d:/programs/st/stm32cubeide_1.8.0/stm32cubeide/plugins/com.st.stm32cube.ide.mcu.externaltools.gnu-tools-for-stm32.9-2020-q2-update.win32_2.0.0.202105311346/tools/bin/../lib/gcc/arm-none-eabi/9.3.1/../../../../arm-none-eabi/lib/thumb/v8-m.main+fp/hard/crt0.o (exit)
d:/programs/st/stm32cubeide_1.8.0/stm32cubeide/plugins/com.st.stm32cube.ide.mcu.externaltools.gnu-tools-for-stm32.9-2020-q2-update.win32_2.0.0.202105311346/tools/bin/../lib/gcc/arm-none-eabi/9.3.1/../../../../arm-none-eabi/lib/thumb/v8-m.main+fp/hard\libc_nano.a(lib_a-impure.o)
                              d:/programs/st/stm32cubeide_1.8.0/stm32cubeide/plugins/com.st.stm32cube.ide.mcu.externaltools.gnu-tools-for-stm32.9-2020-q2-update.win32_2.0.0.202105311346/tools/bin/../lib/gcc/arm-none-eabi/9.3.1/../../../../arm-none-eabi/lib/thumb/v8-m.main+fp/hard\libc_nano.a(lib_a-exit.o) (_global_impure_ptr)
d:/programs/st/stm32cubeide_1.8.0/stm32cubeide/plugins/com.st.stm32cube.ide.mcu.externaltools.gnu-tools-for-stm32.9-2020-q2-update.win32_2.0.0.202105311346/tools/bin/../lib/gcc/arm-none-eabi/9.3.1/../../../../arm-none-eabi/lib/thumb/v8-m.main+fp/hard\libc_nano.a(lib_a-init.o)
                              d:/programs/st/stm32cubeide_1.8.0/stm32cubeide/plugins/com.st.stm32cube.ide.mcu.externaltools.gnu-tools-for-stm32.9-2020-q2-update.win32_2.0.0.202105311346/tools/bin/../lib/gcc/arm-none-eabi/9.3.1/../../../../arm-none-eabi/lib/thumb/v8-m.main+fp/hard/crt0.o (__libc_init_array)
d:/programs/st/stm32cubeide_1.8.0/stm32cubeide/plugins/com.st.stm32cube.ide.mcu.externaltools.gnu-tools-for-stm32.9-2020-q2-update.win32_2.0.0.202105311346/tools/bin/../lib/gcc/arm-none-eabi/9.3.1/../../../../arm-none-eabi/lib/thumb/v8-m.main+fp/hard\libc_nano.a(lib_a-memset.o)
                              d:/programs/st/stm32cubeide_1.8.0/stm32cubeide/plugins/com.st.stm32cube.ide.mcu.externaltools.gnu-tools-for-stm32.9-2020-q2-update.win32_2.0.0.202105311346/tools/bin/../lib/gcc/arm-none-eabi/9.3.1/../../../../arm-none-eabi/lib/thumb/v8-m.main+fp/hard/crt0.o (memset)
d:/programs/st/stm32cubeide_1.8.0/stm32cubeide/plugins/com.st.stm32cube.ide.mcu.externaltools.gnu-tools-for-stm32.9-2020-q2-update.win32_2.0.0.202105311346/tools/bin/../lib/gcc/arm-none-eabi/9.3.1/../../../../arm-none-eabi/lib/thumb/v8-m.main+fp/hard\libc_nano.a(lib_a-strcmp.o)
                              ./Core/Src/secure_nsc.o (strcmp)
d:/programs/st/stm32cubeide_1.8.0/stm32cubeide/plugins/com.st.stm32cube.ide.mcu.externaltools.gnu-tools-for-stm32.9-2020-q2-update.win32_2.0.0.202105311346/tools/bin/../lib/gcc/arm-none-eabi/9.3.1/thumb/v8-m.main+fp/hard\libgcc.a(cmse_nonsecure_call.o)
                              ./Core/Src/main.o (__gnu_cmse_nonsecure_call)
d:/programs/st/stm32cubeide_1.8.0/stm32cubeide/plugins/com.st.stm32cube.ide.mcu.externaltools.gnu-tools-for-stm32.9-2020-q2-update.win32_2.0.0.202105311346/tools/bin/../lib/gcc/arm-none-eabi/9.3.1/thumb/v8-m.main+fp/hard\libgcc.a(_aeabi_uldivmod.o)
                              ./Drivers/STM32L5xx_HAL_Driver/stm32l5xx_hal_uart.o (__aeabi_uldivmod)
d:/programs/st/stm32cubeide_1.8.0/stm32cubeide/plugins/com.st.stm32cube.ide.mcu.externaltools.gnu-tools-for-stm32.9-2020-q2-update.win32_2.0.0.202105311346/tools/bin/../lib/gcc/arm-none-eabi/9.3.1/thumb/v8-m.main+fp/hard\libgcc.a(_udivmoddi4.o)
                              d:/programs/st/stm32cubeide_1.8.0/stm32cubeide/plugins/com.st.stm32cube.ide.mcu.externaltools.gnu-tools-for-stm32.9-2020-q2-update.win32_2.0.0.202105311346/tools/bin/../lib/gcc/arm-none-eabi/9.3.1/thumb/v8-m.main+fp/hard\libgcc.a(_aeabi_uldivmod.o) (__udivmoddi4)
d:/programs/st/stm32cubeide_1.8.0/stm32cubeide/plugins/com.st.stm32cube.ide.mcu.externaltools.gnu-tools-for-stm32.9-2020-q2-update.win32_2.0.0.202105311346/tools/bin/../lib/gcc/arm-none-eabi/9.3.1/thumb/v8-m.main+fp/hard\libgcc.a(_dvmd_tls.o)
                              d:/programs/st/stm32cubeide_1.8.0/stm32cubeide/plugins/com.st.stm32cube.ide.mcu.externaltools.gnu-tools-for-stm32.9-2020-q2-update.win32_2.0.0.202105311346/tools/bin/../lib/gcc/arm-none-eabi/9.3.1/thumb/v8-m.main+fp/hard\libgcc.a(_aeabi_uldivmod.o) (__aeabi_ldiv0)

Allocating common symbols
Common symbol       size              file

huart3              0x90              ./Core/Src/main.o
[...]
Memory Configuration

Name             Origin             Length             Attributes
RAM              0x0000000030000000 0x0000000000018000 xrw
ROM              0x000000000c000000 0x000000000003e000 xr
ROM_NSC          0x000000000c03e000 0x0000000000002000 xr
*default*        0x0000000000000000 0xffffffffffffffff

Linker script and memory map

LOAD d:/programs/st/stm32cubeide_1.8.0/stm32cubeide/plugins/com.st.stm32cube.ide.mcu.externaltools.gnu-tools-for-stm32.9-2020-q2-update.win32_2.0.0.202105311346/tools/bin/../lib/gcc/arm-none-eabi/9.3.1/thumb/v8-m.main+fp/hard/crti.o
LOAD d:/programs/st/stm32cubeide_1.8.0/stm32cubeide/plugins/com.st.stm32cube.ide.mcu.externaltools.gnu-tools-for-stm32.9-2020-q2-update.win32_2.0.0.202105311346/tools/bin/../lib/gcc/arm-none-eabi/9.3.1/thumb/v8-m.main+fp/hard/crtbegin.o
LOAD d:/programs/st/stm32cubeide_1.8.0/stm32cubeide/plugins/com.st.stm32cube.ide.mcu.externaltools.gnu-tools-for-stm32.9-2020-q2-update.win32_2.0.0.202105311346/tools/bin/../lib/gcc/arm-none-eabi/9.3.1/../../../../arm-none-eabi/lib/thumb/v8-m.main+fp/hard/crt0.o
LOAD ./Core/Src/main.o
LOAD ./Core/Src/secure_nsc.o
LOAD ./Core/Src/stm32l5xx_hal_msp.o
LOAD ./Core/Src/stm32l5xx_it.o
LOAD ./Core/Src/syscalls.o
LOAD ./Core/Src/sysmem.o
LOAD ./Core/Src/system_stm32l5xx_s.o
LOAD ./Core/Startup/startup_stm32l562qeixq.o
LOAD ./Drivers/STM32L5xx_HAL_Driver/stm32l5xx_hal.o
LOAD ./Drivers/STM32L5xx_HAL_Driver/stm32l5xx_hal_cortex.o
LOAD ./Drivers/STM32L5xx_HAL_Driver/stm32l5xx_hal_dma.o
LOAD ./Drivers/STM32L5xx_HAL_Driver/stm32l5xx_hal_dma_ex.o
LOAD ./Drivers/STM32L5xx_HAL_Driver/stm32l5xx_hal_exti.o
LOAD ./Drivers/STM32L5xx_HAL_Driver/stm32l5xx_hal_flash.o
LOAD ./Drivers/STM32L5xx_HAL_Driver/stm32l5xx_hal_flash_ex.o
LOAD ./Drivers/STM32L5xx_HAL_Driver/stm32l5xx_hal_flash_ramfunc.o
LOAD ./Drivers/STM32L5xx_HAL_Driver/stm32l5xx_hal_gpio.o
LOAD ./Drivers/STM32L5xx_HAL_Driver/stm32l5xx_hal_gtzc.o
LOAD ./Drivers/STM32L5xx_HAL_Driver/stm32l5xx_hal_i2c.o
LOAD ./Drivers/STM32L5xx_HAL_Driver/stm32l5xx_hal_i2c_ex.o
LOAD ./Drivers/STM32L5xx_HAL_Driver/stm32l5xx_hal_icache.o
LOAD ./Drivers/STM32L5xx_HAL_Driver/stm32l5xx_hal_pwr.o
LOAD ./Drivers/STM32L5xx_HAL_Driver/stm32l5xx_hal_pwr_ex.o
LOAD ./Drivers/STM32L5xx_HAL_Driver/stm32l5xx_hal_rcc.o
LOAD ./Drivers/STM32L5xx_HAL_Driver/stm32l5xx_hal_rcc_ex.o
LOAD ./Drivers/STM32L5xx_HAL_Driver/stm32l5xx_hal_tim.o
LOAD ./Drivers/STM32L5xx_HAL_Driver/stm32l5xx_hal_tim_ex.o
LOAD ./Drivers/STM32L5xx_HAL_Driver/stm32l5xx_hal_uart.o
LOAD ./Drivers/STM32L5xx_HAL_Driver/stm32l5xx_hal_uart_ex.o
START GROUP
LOAD d:/programs/st/stm32cubeide_1.8.0/stm32cubeide/plugins/com.st.stm32cube.ide.mcu.externaltools.gnu-tools-for-stm32.9-2020-q2-update.win32_2.0.0.202105311346/tools/bin/../lib/gcc/arm-none-eabi/9.3.1/../../../../arm-none-eabi/lib/thumb/v8-m.main+fp/hard\libc_nano.a
LOAD d:/programs/st/stm32cubeide_1.8.0/stm32cubeide/plugins/com.st.stm32cube.ide.mcu.externaltools.gnu-tools-for-stm32.9-2020-q2-update.win32_2.0.0.202105311346/tools/bin/../lib/gcc/arm-none-eabi/9.3.1/../../../../arm-none-eabi/lib/thumb/v8-m.main+fp/hard\libm.a
END GROUP
START GROUP
LOAD d:/programs/st/stm32cubeide_1.8.0/stm32cubeide/plugins/com.st.stm32cube.ide.mcu.externaltools.gnu-tools-for-stm32.9-2020-q2-update.win32_2.0.0.202105311346/tools/bin/../lib/gcc/arm-none-eabi/9.3.1/thumb/v8-m.main+fp/hard\libgcc.a
LOAD d:/programs/st/stm32cubeide_1.8.0/stm32cubeide/plugins/com.st.stm32cube.ide.mcu.externaltools.gnu-tools-for-stm32.9-2020-q2-update.win32_2.0.0.202105311346/tools/bin/../lib/gcc/arm-none-eabi/9.3.1/../../../../arm-none-eabi/lib/thumb/v8-m.main+fp/hard\libc_nano.a
END GROUP
START GROUP
LOAD d:/programs/st/stm32cubeide_1.8.0/stm32cubeide/plugins/com.st.stm32cube.ide.mcu.externaltools.gnu-tools-for-stm32.9-2020-q2-update.win32_2.0.0.202105311346/tools/bin/../lib/gcc/arm-none-eabi/9.3.1/thumb/v8-m.main+fp/hard\libgcc.a
LOAD d:/programs/st/stm32cubeide_1.8.0/stm32cubeide/plugins/com.st.stm32cube.ide.mcu.externaltools.gnu-tools-for-stm32.9-2020-q2-update.win32_2.0.0.202105311346/tools/bin/../lib/gcc/arm-none-eabi/9.3.1/../../../../arm-none-eabi/lib/thumb/v8-m.main+fp/hard\libc_nano.a
LOAD d:/programs/st/stm32cubeide_1.8.0/stm32cubeide/plugins/com.st.stm32cube.ide.mcu.externaltools.gnu-tools-for-stm32.9-2020-q2-update.win32_2.0.0.202105311346/tools/bin/../lib/gcc/arm-none-eabi/9.3.1/../../../../arm-none-eabi/lib/thumb/v8-m.main+fp/hard\libnosys.a
END GROUP
START GROUP
LOAD d:/programs/st/stm32cubeide_1.8.0/stm32cubeide/plugins/com.st.stm32cube.ide.mcu.externaltools.gnu-tools-for-stm32.9-2020-q2-update.win32_2.0.0.202105311346/tools/bin/../lib/gcc/arm-none-eabi/9.3.1/thumb/v8-m.main+fp/hard\libgcc.a
LOAD d:/programs/st/stm32cubeide_1.8.0/stm32cubeide/plugins/com.st.stm32cube.ide.mcu.externaltools.gnu-tools-for-stm32.9-2020-q2-update.win32_2.0.0.202105311346/tools/bin/../lib/gcc/arm-none-eabi/9.3.1/../../../../arm-none-eabi/lib/thumb/v8-m.main+fp/hard\libc_nano.a
LOAD d:/programs/st/stm32cubeide_1.8.0/stm32cubeide/plugins/com.st.stm32cube.ide.mcu.externaltools.gnu-tools-for-stm32.9-2020-q2-update.win32_2.0.0.202105311346/tools/bin/../lib/gcc/arm-none-eabi/9.3.1/../../../../arm-none-eabi/lib/thumb/v8-m.main+fp/hard\libnosys.a
END GROUP
LOAD d:/programs/st/stm32cubeide_1.8.0/stm32cubeide/plugins/com.st.stm32cube.ide.mcu.externaltools.gnu-tools-for-stm32.9-2020-q2-update.win32_2.0.0.202105311346/tools/bin/../lib/gcc/arm-none-eabi/9.3.1/thumb/v8-m.main+fp/hard/crtend.o
LOAD d:/programs/st/stm32cubeide_1.8.0/stm32cubeide/plugins/com.st.stm32cube.ide.mcu.externaltools.gnu-tools-for-stm32.9-2020-q2-update.win32_2.0.0.202105311346/tools/bin/../lib/gcc/arm-none-eabi/9.3.1/thumb/v8-m.main+fp/hard/crtn.o
                0x0000000030018000                _estack = (ORIGIN (RAM) + LENGTH (RAM))
                0x0000000000000200                _Min_Heap_Size = 0x200
                0x0000000000000400                _Min_Stack_Size = 0x400

.isr_vector     0x000000000c000000      0x1f4
                0x000000000c000000                . = ALIGN (0x4)
 *(.isr_vector)
 .isr_vector    0x000000000c000000      0x1f4 ./Core/Startup/startup_stm32l562qeixq.o
                0x000000000c000000                g_pfnVectors
                0x000000000c0001f4                . = ALIGN (0x4)

.text           0x000000000c0001f4     0x43b8
                0x000000000c0001f4                . = ALIGN (0x4)
 *(.text)
 .text          0x000000000c0001f4       0x40 d:/programs/st/stm32cubeide_1.8.0/stm32cubeide/plugins/com.st.stm32cube.ide.mcu.externaltools.gnu-tools-for-stm32.9-2020-q2-update.win32_2.0.0.202105311346/tools/bin/../lib/gcc/arm-none-eabi/9.3.1/thumb/v8-m.main+fp/hard/crtbegin.o
 .text          0x000000000c000234       0x14 d:/programs/st/stm32cubeide_1.8.0/stm32cubeide/plugins/com.st.stm32cube.ide.mcu.externaltools.gnu-tools-for-stm32.9-2020-q2-update.win32_2.0.0.202105311346/tools/bin/../lib/gcc/arm-none-eabi/9.3.1/../../../../arm-none-eabi/lib/thumb/v8-m.main+fp/hard\libc_nano.a(lib_a-strcmp.o)
                0x000000000c000234                strcmp
 .text          0x000000000c000248       0x5c d:/programs/st/stm32cubeide_1.8.0/stm32cubeide/plugins/com.st.stm32cube.ide.mcu.externaltools.gnu-tools-for-stm32.9-2020-q2-update.win32_2.0.0.202105311346/tools/bin/../lib/gcc/arm-none-eabi/9.3.1/thumb/v8-m.main+fp/hard\libgcc.a(cmse_nonsecure_call.o)
                0x000000000c000248                __gnu_cmse_nonsecure_call
 .text          0x000000000c0002a4       0x30 d:/programs/st/stm32cubeide_1.8.0/stm32cubeide/plugins/com.st.stm32cube.ide.mcu.externaltools.gnu-tools-for-stm32.9-2020-q2-update.win32_2.0.0.202105311346/tools/bin/../lib/gcc/arm-none-eabi/9.3.1/thumb/v8-m.main+fp/hard\libgcc.a(_aeabi_uldivmod.o)
                0x000000000c0002a4                __aeabi_uldivmod
 .text          0x000000000c0002d4      0x2e8 d:/programs/st/stm32cubeide_1.8.0/stm32cubeide/plugins/com.st.stm32cube.ide.mcu.externaltools.gnu-tools-for-stm32.9-2020-q2-update.win32_2.0.0.202105311346/tools/bin/../lib/gcc/arm-none-eabi/9.3.1/thumb/v8-m.main+fp/hard\libgcc.a(_udivmoddi4.o)
                0x000000000c0002d4                __udivmoddi4
 .text          0x000000000c0005bc        0x4 d:/programs/st/stm32cubeide_1.8.0/stm32cubeide/plugins/com.st.stm32cube.ide.mcu.externaltools.gnu-tools-for-stm32.9-2020-q2-update.win32_2.0.0.202105311346/tools/bin/../lib/gcc/arm-none-eabi/9.3.1/thumb/v8-m.main+fp/hard\libgcc.a(_dvmd_tls.o)
                0x000000000c0005bc                __aeabi_idiv0
                0x000000000c0005bc                __aeabi_ldiv0
 *(.text*)
 .text.main     0x000000000c0005c0       0x1e ./Core/Src/main.o
                0x000000000c0005c0                main
 *fill*         0x000000000c0005de        0x2 
 .text.NonSecure_Init
                0x000000000c0005e0       0x88 ./Core/Src/main.o
 .text.SystemClock_Config
                0x000000000c000668       0xa2 ./Core/Src/main.o
                0x000000000c000668                SystemClock_Config
 *fill*         0x000000000c00070a        0x2 
 .text.MX_GTZC_Init
                0x000000000c00070c      0x148 ./Core/Src/main.o
 .text.MX_USART3_UART_Init
                0x000000000c000854       0x98 ./Core/Src/main.o
 .text.MX_GPIO_Init
                0x000000000c0008ec       0x7c ./Core/Src/main.o
 .text.Error_Handler
                0x000000000c000968        0xe ./Core/Src/main.o
                0x000000000c000968                Error_Handler
 *fill*         0x000000000c000976        0x2 
 .text.SECURE_RegisterCallback
                0x000000000c000978       0xac ./Core/Src/secure_nsc.o
                0x000000000c000978                __acle_se_SECURE_RegisterCallback
 .text.trust_interface
                0x000000000c000a24       0xec ./Core/Src/secure_nsc.o
                0x000000000c000a24                __acle_se_trust_interface
 .text.HAL_MspInit
                0x000000000c000b10       0x60 ./Core/Src/stm32l5xx_hal_msp.o
                0x000000000c000b10                HAL_MspInit
 .text.HAL_UART_MspInit
                0x000000000c000b70       0xcc ./Core/Src/stm32l5xx_hal_msp.o
                0x000000000c000b70                HAL_UART_MspInit
 .text.NMI_Handler
                0x000000000c000c3c        0xe ./Core/Src/stm32l5xx_it.o
                0x000000000c000c3c                NMI_Handler
 .text.HardFault_Handler
                0x000000000c000c4a        0x6 ./Core/Src/stm32l5xx_it.o
                0x000000000c000c4a                HardFault_Handler
 .text.MemManage_Handler
                0x000000000c000c50        0x6 ./Core/Src/stm32l5xx_it.o
                0x000000000c000c50                MemManage_Handler
 .text.BusFault_Handler
                0x000000000c000c56        0x6 ./Core/Src/stm32l5xx_it.o
                0x000000000c000c56                BusFault_Handler
 .text.UsageFault_Handler
                0x000000000c000c5c        0x6 ./Core/Src/stm32l5xx_it.o
                0x000000000c000c5c                UsageFault_Handler
 .text.SecureFault_Handler
                0x000000000c000c62        0x6 ./Core/Src/stm32l5xx_it.o
                0x000000000c000c62                SecureFault_Handler
 .text.SVC_Handler
                0x000000000c000c68        0xe ./Core/Src/stm32l5xx_it.o
                0x000000000c000c68                SVC_Handler
 .text.DebugMon_Handler
                0x000000000c000c76        0xe ./Core/Src/stm32l5xx_it.o
                0x000000000c000c76                DebugMon_Handler
 .text.PendSV_Handler
                0x000000000c000c84        0xe ./Core/Src/stm32l5xx_it.o
                0x000000000c000c84                PendSV_Handler
 .text.SysTick_Handler
                0x000000000c000c92        0xc ./Core/Src/stm32l5xx_it.o
                0x000000000c000c92                SysTick_Handler
 *fill*         0x000000000c000c9e        0x2 
 .text.USART3_IRQHandler
                0x000000000c000ca0       0x14 ./Core/Src/stm32l5xx_it.o
                0x000000000c000ca0                USART3_IRQHandler
 .text.TZ_SAU_Setup
                0x000000000c000cb4      0x100 ./Core/Src/system_stm32l5xx_s.o
 .text.SystemInit
                0x000000000c000db4       0x34 ./Core/Src/system_stm32l5xx_s.o
                0x000000000c000db4                SystemInit
 .text.SystemCoreClockUpdate
                0x000000000c000de8      0x15c ./Core/Src/system_stm32l5xx_s.o
                0x000000000c000de8                SystemCoreClockUpdate
 .text.SECURE_SystemCoreClockUpdate
                0x000000000c000f44       0x80 ./Core/Src/system_stm32l5xx_s.o
                0x000000000c000f44                __acle_se_SECURE_SystemCoreClockUpdate
 .text.Reset_Handler
                0x000000000c000fc4       0x50 ./Core/Startup/startup_stm32l562qeixq.o
                0x000000000c000fc4                Reset_Handler
 .text.Default_Handler
                0x000000000c001014        0x2 ./Core/Startup/startup_stm32l562qeixq.o
                0x000000000c001014                EXTI2_IRQHandler
                0x000000000c001014                TIM8_TRG_COM_IRQHandler
                0x000000000c001014                TIM8_CC_IRQHandler
                0x000000000c001014                EXTI5_IRQHandler
                0x000000000c001014                FLASH_S_IRQHandler
                0x000000000c001014                EXTI13_IRQHandler
                0x000000000c001014                TIM1_CC_IRQHandler
                0x000000000c001014                TSC_IRQHandler
                0x000000000c001014                TAMP_IRQHandler
                0x000000000c001014                TIM6_IRQHandler
                0x000000000c001014                EXTI12_IRQHandler
                0x000000000c001014                DMA2_Channel8_IRQHandler
                0x000000000c001014                EXTI3_IRQHandler
                0x000000000c001014                EXTI8_IRQHandler
                0x000000000c001014                LPTIM2_IRQHandler
                0x000000000c001014                DFSDM1_FLT1_IRQHandler
                0x000000000c001014                USB_FS_IRQHandler
                0x000000000c001014                I2C3_ER_IRQHandler
                0x000000000c001014                DFSDM1_FLT2_IRQHandler
                0x000000000c001014                DMAMUX1_IRQHandler
                0x000000000c001014                LPTIM3_IRQHandler
                0x000000000c001014                EXTI0_IRQHandler
                0x000000000c001014                I2C2_EV_IRQHandler
                0x000000000c001014                FPU_IRQHandler
                0x000000000c001014                FDCAN1_IT1_IRQHandler
                0x000000000c001014                ADC1_2_IRQHandler
                0x000000000c001014                SPI1_IRQHandler
                0x000000000c001014                OCTOSPI1_IRQHandler
                0x000000000c001014                TIM8_UP_IRQHandler
                0x000000000c001014                RCC_S_IRQHandler
                0x000000000c001014                DMA2_Channel2_IRQHandler
                0x000000000c001014                DMA1_Channel4_IRQHandler
                0x000000000c001014                SAI2_IRQHandler
                0x000000000c001014                DFSDM1_FLT3_IRQHandler
                0x000000000c001014                PKA_IRQHandler
                0x000000000c001014                EXTI15_IRQHandler
                0x000000000c001014                TIM17_IRQHandler
                0x000000000c001014                RTC_IRQHandler
                0x000000000c001014                EXTI9_IRQHandler
                0x000000000c001014                DMA1_Channel7_IRQHandler
                0x000000000c001014                UART5_IRQHandler
                0x000000000c001014                TIM4_IRQHandler
                0x000000000c001014                DMA2_Channel1_IRQHandler
                0x000000000c001014                I2C1_EV_IRQHandler
                0x000000000c001014                DMA1_Channel6_IRQHandler
                0x000000000c001014                TIM16_IRQHandler
                0x000000000c001014                UART4_IRQHandler
                0x000000000c001014                DMA2_Channel4_IRQHandler
                0x000000000c001014                TIM3_IRQHandler
                0x000000000c001014                RCC_IRQHandler
                0x000000000c001014                TIM1_TRG_COM_IRQHandler
                0x000000000c001014                DMA1_Channel1_IRQHandler
                0x000000000c001014                Default_Handler
                0x000000000c001014                DMA2_Channel7_IRQHandler
                0x000000000c001014                OTFDEC1_IRQHandler
                0x000000000c001014                DMA1_Channel8_IRQHandler
                0x000000000c001014                TIM7_IRQHandler
                0x000000000c001014                SDMMC1_IRQHandler
                0x000000000c001014                TIM5_IRQHandler
                0x000000000c001014                UCPD1_IRQHandler
                0x000000000c001014                TIM15_IRQHandler
                0x000000000c001014                I2C3_EV_IRQHandler
                0x000000000c001014                PVD_PVM_IRQHandler
                0x000000000c001014                SPI2_IRQHandler
                0x000000000c001014                EXTI14_IRQHandler
                0x000000000c001014                EXTI11_IRQHandler
                0x000000000c001014                DMA2_Channel5_IRQHandler
                0x000000000c001014                CRS_IRQHandler
                0x000000000c001014                DMA1_Channel5_IRQHandler
                0x000000000c001014                EXTI4_IRQHandler
                0x000000000c001014                RTC_S_IRQHandler
                0x000000000c001014                RNG_IRQHandler
                0x000000000c001014                DMAMUX1_S_IRQHandler
                0x000000000c001014                DMA1_Channel3_IRQHandler
                0x000000000c001014                COMP_IRQHandler
                0x000000000c001014                TIM1_UP_IRQHandler
                0x000000000c001014                WWDG_IRQHandler
                0x000000000c001014                I2C4_EV_IRQHandler
                0x000000000c001014                LPUART1_IRQHandler
                0x000000000c001014                DMA2_Channel6_IRQHandler
                0x000000000c001014                FDCAN1_IT0_IRQHandler
                0x000000000c001014                TIM2_IRQHandler
                0x000000000c001014                TAMP_S_IRQHandler
                0x000000000c001014                EXTI7_IRQHandler
                0x000000000c001014                TIM1_BRK_IRQHandler
                0x000000000c001014                DAC_IRQHandler
                0x000000000c001014                EXTI1_IRQHandler
                0x000000000c001014                AES_IRQHandler
                0x000000000c001014                GTZC_IRQHandler
                0x000000000c001014                USART2_IRQHandler
                0x000000000c001014                DFSDM1_FLT0_IRQHandler
                0x000000000c001014                I2C2_ER_IRQHandler
                0x000000000c001014                DMA1_Channel2_IRQHandler
                0x000000000c001014                TIM8_BRK_IRQHandler
                0x000000000c001014                FLASH_IRQHandler
                0x000000000c001014                USART1_IRQHandler
                0x000000000c001014                EXTI10_IRQHandler
                0x000000000c001014                SPI3_IRQHandler
                0x000000000c001014                I2C1_ER_IRQHandler
                0x000000000c001014                FMC_IRQHandler
                0x000000000c001014                EXTI6_IRQHandler
                0x000000000c001014                LPTIM1_IRQHandler
                0x000000000c001014                I2C4_ER_IRQHandler
                0x000000000c001014                ICACHE_IRQHandler
                0x000000000c001014                SAI1_IRQHandler
                0x000000000c001014                HASH_IRQHandler
                0x000000000c001014                DMA2_Channel3_IRQHandler
 .text.HAL_Init
                0x000000000c001016       0x34 ./Drivers/STM32L5xx_HAL_Driver/stm32l5xx_hal.o
                0x000000000c001016                HAL_Init
 *fill*         0x000000000c00104a        0x2 
 .text.HAL_InitTick
                0x000000000c00104c       0x78 ./Drivers/STM32L5xx_HAL_Driver/stm32l5xx_hal.o
                0x000000000c00104c                HAL_InitTick
 .text.HAL_IncTick
                0x000000000c0010c4       0x28 ./Drivers/STM32L5xx_HAL_Driver/stm32l5xx_hal.o
                0x000000000c0010c4                HAL_IncTick
 .text.HAL_GetTick
                0x000000000c0010ec       0x18 ./Drivers/STM32L5xx_HAL_Driver/stm32l5xx_hal.o
                0x000000000c0010ec                HAL_GetTick
 .text.__NVIC_SetPriorityGrouping
                0x000000000c001104       0x48 ./Drivers/STM32L5xx_HAL_Driver/stm32l5xx_hal_cortex.o
 .text.__NVIC_GetPriorityGrouping
                0x000000000c00114c       0x1c ./Drivers/STM32L5xx_HAL_Driver/stm32l5xx_hal_cortex.o
 .text.__NVIC_EnableIRQ
                0x000000000c001168       0x3c ./Drivers/STM32L5xx_HAL_Driver/stm32l5xx_hal_cortex.o
 .text.__NVIC_SetPriority
                0x000000000c0011a4       0x54 ./Drivers/STM32L5xx_HAL_Driver/stm32l5xx_hal_cortex.o
 .text.NVIC_EncodePriority
                0x000000000c0011f8       0x66 ./Drivers/STM32L5xx_HAL_Driver/stm32l5xx_hal_cortex.o
 *fill*         0x000000000c00125e        0x2 
 .text.SysTick_Config
                0x000000000c001260       0x44 ./Drivers/STM32L5xx_HAL_Driver/stm32l5xx_hal_cortex.o
 .text.HAL_NVIC_SetPriorityGrouping
                0x000000000c0012a4       0x16 ./Drivers/STM32L5xx_HAL_Driver/stm32l5xx_hal_cortex.o
                0x000000000c0012a4                HAL_NVIC_SetPriorityGrouping
 .text.HAL_NVIC_SetPriority
                0x000000000c0012ba       0x34 ./Drivers/STM32L5xx_HAL_Driver/stm32l5xx_hal_cortex.o
                0x000000000c0012ba                HAL_NVIC_SetPriority
 .text.HAL_NVIC_EnableIRQ
                0x000000000c0012ee       0x1c ./Drivers/STM32L5xx_HAL_Driver/stm32l5xx_hal_cortex.o
                0x000000000c0012ee                HAL_NVIC_EnableIRQ
 .text.HAL_SYSTICK_Config
                0x000000000c00130a       0x18 ./Drivers/STM32L5xx_HAL_Driver/stm32l5xx_hal_cortex.o
                0x000000000c00130a                HAL_SYSTICK_Config
 .text.HAL_DMA_Abort
                0x000000000c001322       0xb8 ./Drivers/STM32L5xx_HAL_Driver/stm32l5xx_hal_dma.o
                0x000000000c001322                HAL_DMA_Abort
 .text.HAL_DMA_Abort_IT
                0x000000000c0013da       0xbe ./Drivers/STM32L5xx_HAL_Driver/stm32l5xx_hal_dma.o
                0x000000000c0013da                HAL_DMA_Abort_IT
 .text.HAL_GPIO_Init
                0x000000000c001498      0x300 ./Drivers/STM32L5xx_HAL_Driver/stm32l5xx_hal_gpio.o
                0x000000000c001498                HAL_GPIO_Init
 .text.HAL_GPIO_ConfigPinAttributes
                0x000000000c001798       0x70 ./Drivers/STM32L5xx_HAL_Driver/stm32l5xx_hal_gpio.o
                0x000000000c001798                HAL_GPIO_ConfigPinAttributes
 .text.HAL_GTZC_TZSC_ConfigPeriphAttributes
                0x000000000c001808      0x1b0 ./Drivers/STM32L5xx_HAL_Driver/stm32l5xx_hal_gtzc.o
                0x000000000c001808                HAL_GTZC_TZSC_ConfigPeriphAttributes
 .text.HAL_GTZC_MPCBB_ConfigMem
                0x000000000c0019b8      0x108 ./Drivers/STM32L5xx_HAL_Driver/stm32l5xx_hal_gtzc.o
                0x000000000c0019b8                HAL_GTZC_MPCBB_ConfigMem
 .text.HAL_PWREx_GetVoltageRange
                0x000000000c001ac0       0x1c ./Drivers/STM32L5xx_HAL_Driver/stm32l5xx_hal_pwr_ex.o
                0x000000000c001ac0                HAL_PWREx_GetVoltageRange
 .text.HAL_PWREx_ControlVoltageScaling
                0x000000000c001adc       0xb8 ./Drivers/STM32L5xx_HAL_Driver/stm32l5xx_hal_pwr_ex.o
                0x000000000c001adc                HAL_PWREx_ControlVoltageScaling
 .text.HAL_PWREx_DisableUCPDDeadBattery
                0x000000000c001b94       0x20 ./Drivers/STM32L5xx_HAL_Driver/stm32l5xx_hal_pwr_ex.o
                0x000000000c001b94                HAL_PWREx_DisableUCPDDeadBattery
 .text.HAL_PWREx_SMPS_GetEffectiveMode
                0x000000000c001bb4       0x48 ./Drivers/STM32L5xx_HAL_Driver/stm32l5xx_hal_pwr_ex.o
                0x000000000c001bb4                HAL_PWREx_SMPS_GetEffectiveMode
 .text.HAL_RCC_OscConfig
                0x000000000c001bfc      0x8c4 ./Drivers/STM32L5xx_HAL_Driver/stm32l5xx_hal_rcc.o
                0x000000000c001bfc                HAL_RCC_OscConfig
 .text.HAL_RCC_ClockConfig
                0x000000000c0024c0      0x240 ./Drivers/STM32L5xx_HAL_Driver/stm32l5xx_hal_rcc.o
                0x000000000c0024c0                HAL_RCC_ClockConfig
 .text.HAL_RCC_GetSysClockFreq
                0x000000000c002700      0x13c ./Drivers/STM32L5xx_HAL_Driver/stm32l5xx_hal_rcc.o
                0x000000000c002700                HAL_RCC_GetSysClockFreq
 .text.HAL_RCC_GetHCLKFreq
                0x000000000c00283c       0x28 ./Drivers/STM32L5xx_HAL_Driver/stm32l5xx_hal_rcc.o
                0x000000000c00283c                HAL_RCC_GetHCLKFreq
 .text.HAL_RCC_GetPCLK1Freq
                0x000000000c002864       0x28 ./Drivers/STM32L5xx_HAL_Driver/stm32l5xx_hal_rcc.o
                0x000000000c002864                HAL_RCC_GetPCLK1Freq
 .text.HAL_RCC_GetPCLK2Freq
                0x000000000c00288c       0x28 ./Drivers/STM32L5xx_HAL_Driver/stm32l5xx_hal_rcc.o
                0x000000000c00288c                HAL_RCC_GetPCLK2Freq
 .text.RCC_SetFlashLatencyFromMSIRange
                0x000000000c0028b4       0xc8 ./Drivers/STM32L5xx_HAL_Driver/stm32l5xx_hal_rcc.o
 .text.RCC_GetSysClockFreqFromPLLSource
                0x000000000c00297c       0xf4 ./Drivers/STM32L5xx_HAL_Driver/stm32l5xx_hal_rcc.o
 .text.HAL_RCCEx_PeriphCLKConfig
                0x000000000c002a70      0x6e8 ./Drivers/STM32L5xx_HAL_Driver/stm32l5xx_hal_rcc_ex.o
                0x000000000c002a70                HAL_RCCEx_PeriphCLKConfig
 .text.RCCEx_PLLSAI1_Config
                0x000000000c003158      0x1ac ./Drivers/STM32L5xx_HAL_Driver/stm32l5xx_hal_rcc_ex.o
 .text.RCCEx_PLLSAI2_Config
                0x000000000c003304      0x138 ./Drivers/STM32L5xx_HAL_Driver/stm32l5xx_hal_rcc_ex.o
 .text.HAL_UART_Init
                0x000000000c00343c       0xa0 ./Drivers/STM32L5xx_HAL_Driver/stm32l5xx_hal_uart.o
                0x000000000c00343c                HAL_UART_Init
 .text.HAL_UART_IRQHandler
                0x000000000c0034dc      0x468 ./Drivers/STM32L5xx_HAL_Driver/stm32l5xx_hal_uart.o
                0x000000000c0034dc                HAL_UART_IRQHandler
 .text.HAL_UART_TxCpltCallback
                0x000000000c003944       0x14 ./Drivers/STM32L5xx_HAL_Driver/stm32l5xx_hal_uart.o
                0x000000000c003944                HAL_UART_TxCpltCallback
 .text.HAL_UART_ErrorCallback
                0x000000000c003958       0x14 ./Drivers/STM32L5xx_HAL_Driver/stm32l5xx_hal_uart.o
                0x000000000c003958                HAL_UART_ErrorCallback
 .text.HAL_UARTEx_RxEventCallback
                0x000000000c00396c       0x18 ./Drivers/STM32L5xx_HAL_Driver/stm32l5xx_hal_uart.o
                0x000000000c00396c                HAL_UARTEx_RxEventCallback
 .text.UART_SetConfig
                0x000000000c003984      0x5a4 ./Drivers/STM32L5xx_HAL_Driver/stm32l5xx_hal_uart.o
                0x000000000c003984                UART_SetConfig
 .text.UART_AdvFeatureConfig
                0x000000000c003f28      0x144 ./Drivers/STM32L5xx_HAL_Driver/stm32l5xx_hal_uart.o
                0x000000000c003f28                UART_AdvFeatureConfig
 .text.UART_CheckIdleState
                0x000000000c00406c       0x96 ./Drivers/STM32L5xx_HAL_Driver/stm32l5xx_hal_uart.o
                0x000000000c00406c                UART_CheckIdleState
 .text.UART_WaitOnFlagUntilTimeout
                0x000000000c004102      0x100 ./Drivers/STM32L5xx_HAL_Driver/stm32l5xx_hal_uart.o
                0x000000000c004102                UART_WaitOnFlagUntilTimeout
 .text.UART_EndRxTransfer
                0x000000000c004202       0x64 ./Drivers/STM32L5xx_HAL_Driver/stm32l5xx_hal_uart.o
 .text.UART_DMAAbortOnError
                0x000000000c004266       0x2c ./Drivers/STM32L5xx_HAL_Driver/stm32l5xx_hal_uart.o
 .text.UART_EndTransmit_IT
                0x000000000c004292       0x34 ./Drivers/STM32L5xx_HAL_Driver/stm32l5xx_hal_uart.o
 .text.HAL_UARTEx_WakeupCallback
                0x000000000c0042c6       0x14 ./Drivers/STM32L5xx_HAL_Driver/stm32l5xx_hal_uart_ex.o
                0x000000000c0042c6                HAL_UARTEx_WakeupCallback
 .text.HAL_UARTEx_RxFifoFullCallback
                0x000000000c0042da       0x14 ./Drivers/STM32L5xx_HAL_Driver/stm32l5xx_hal_uart_ex.o
                0x000000000c0042da                HAL_UARTEx_RxFifoFullCallback
 .text.HAL_UARTEx_TxFifoEmptyCallback
                0x000000000c0042ee       0x14 ./Drivers/STM32L5xx_HAL_Driver/stm32l5xx_hal_uart_ex.o
                0x000000000c0042ee                HAL_UARTEx_TxFifoEmptyCallback
 .text.HAL_UARTEx_DisableFifoMode
                0x000000000c004302       0x72 ./Drivers/STM32L5xx_HAL_Driver/stm32l5xx_hal_uart_ex.o
                0x000000000c004302                HAL_UARTEx_DisableFifoMode
 .text.HAL_UARTEx_SetTxFifoThreshold
                0x000000000c004374       0x7c ./Drivers/STM32L5xx_HAL_Driver/stm32l5xx_hal_uart_ex.o
                0x000000000c004374                HAL_UARTEx_SetTxFifoThreshold
 .text.HAL_UARTEx_SetRxFifoThreshold
                0x000000000c0043f0       0x7c ./Drivers/STM32L5xx_HAL_Driver/stm32l5xx_hal_uart_ex.o
                0x000000000c0043f0                HAL_UARTEx_SetRxFifoThreshold
 .text.UARTEx_SetNbDataToProcess
                0x000000000c00446c       0xd0 ./Drivers/STM32L5xx_HAL_Driver/stm32l5xx_hal_uart_ex.o
 .text.__libc_init_array
                0x000000000c00453c       0x48 d:/programs/st/stm32cubeide_1.8.0/stm32cubeide/plugins/com.st.stm32cube.ide.mcu.externaltools.gnu-tools-for-stm32.9-2020-q2-update.win32_2.0.0.202105311346/tools/bin/../lib/gcc/arm-none-eabi/9.3.1/../../../../arm-none-eabi/lib/thumb/v8-m.main+fp/hard\libc_nano.a(lib_a-init.o)
                0x000000000c00453c                __libc_init_array
 .text.memset   0x000000000c004584       0x10 d:/programs/st/stm32cubeide_1.8.0/stm32cubeide/plugins/com.st.stm32cube.ide.mcu.externaltools.gnu-tools-for-stm32.9-2020-q2-update.win32_2.0.0.202105311346/tools/bin/../lib/gcc/arm-none-eabi/9.3.1/../../../../arm-none-eabi/lib/thumb/v8-m.main+fp/hard\libc_nano.a(lib_a-memset.o)
                0x000000000c004584                memset
 *(.glue_7)
 .glue_7        0x000000000c004594        0x0 linker stubs
 *(.glue_7t)
 .glue_7t       0x000000000c004594        0x0 linker stubs
 *(.eh_frame)
 .eh_frame      0x000000000c004594        0x0 d:/programs/st/stm32cubeide_1.8.0/stm32cubeide/plugins/com.st.stm32cube.ide.mcu.externaltools.gnu-tools-for-stm32.9-2020-q2-update.win32_2.0.0.202105311346/tools/bin/../lib/gcc/arm-none-eabi/9.3.1/thumb/v8-m.main+fp/hard/crtbegin.o
 *(.init)
 .init          0x000000000c004594        0x4 d:/programs/st/stm32cubeide_1.8.0/stm32cubeide/plugins/com.st.stm32cube.ide.mcu.externaltools.gnu-tools-for-stm32.9-2020-q2-update.win32_2.0.0.202105311346/tools/bin/../lib/gcc/arm-none-eabi/9.3.1/thumb/v8-m.main+fp/hard/crti.o
                0x000000000c004594                _init
 .init          0x000000000c004598        0x8 d:/programs/st/stm32cubeide_1.8.0/stm32cubeide/plugins/com.st.stm32cube.ide.mcu.externaltools.gnu-tools-for-stm32.9-2020-q2-update.win32_2.0.0.202105311346/tools/bin/../lib/gcc/arm-none-eabi/9.3.1/thumb/v8-m.main+fp/hard/crtn.o
 *(.fini)
 .fini          0x000000000c0045a0        0x4 d:/programs/st/stm32cubeide_1.8.0/stm32cubeide/plugins/com.st.stm32cube.ide.mcu.externaltools.gnu-tools-for-stm32.9-2020-q2-update.win32_2.0.0.202105311346/tools/bin/../lib/gcc/arm-none-eabi/9.3.1/thumb/v8-m.main+fp/hard/crti.o
                0x000000000c0045a0                _fini
 .fini          0x000000000c0045a4        0x8 d:/programs/st/stm32cubeide_1.8.0/stm32cubeide/plugins/com.st.stm32cube.ide.mcu.externaltools.gnu-tools-for-stm32.9-2020-q2-update.win32_2.0.0.202105311346/tools/bin/../lib/gcc/arm-none-eabi/9.3.1/thumb/v8-m.main+fp/hard/crtn.o
                0x000000000c0045ac                . = ALIGN (0x4)
                0x000000000c0045ac                _etext = .

.vfp11_veneer   0x000000000c0045ac        0x0
 .vfp11_veneer  0x000000000c0045ac        0x0 linker stubs

.v4_bx          0x000000000c0045ac        0x0
 .v4_bx         0x000000000c0045ac        0x0 linker stubs

.iplt           0x000000000c0045ac        0x0
 .iplt          0x000000000c0045ac        0x0 d:/programs/st/stm32cubeide_1.8.0/stm32cubeide/plugins/com.st.stm32cube.ide.mcu.externaltools.gnu-tools-for-stm32.9-2020-q2-update.win32_2.0.0.202105311346/tools/bin/../lib/gcc/arm-none-eabi/9.3.1/thumb/v8-m.main+fp/hard/crtbegin.o

.rodata         0x000000000c0045ac       0x80
                0x000000000c0045ac                . = ALIGN (0x4)
 *(.rodata)
 .rodata        0x000000000c0045ac       0x10 ./Drivers/STM32L5xx_HAL_Driver/stm32l5xx_hal_uart_ex.o
 *(.rodata*)
 .rodata.AHBPrescTable
                0x000000000c0045bc       0x10 ./Core/Src/system_stm32l5xx_s.o
                0x000000000c0045bc                AHBPrescTable
 .rodata.APBPrescTable
                0x000000000c0045cc        0x8 ./Core/Src/system_stm32l5xx_s.o
                0x000000000c0045cc                APBPrescTable
 .rodata.MSIRangeTable
                0x000000000c0045d4       0x40 ./Core/Src/system_stm32l5xx_s.o
                0x000000000c0045d4                MSIRangeTable
 .rodata.UARTPrescTable
                0x000000000c004614       0x18 ./Drivers/STM32L5xx_HAL_Driver/stm32l5xx_hal_uart.o
                0x000000000c004614                UARTPrescTable
                0x000000000c00462c                . = ALIGN (0x4)

.ARM.extab      0x000000000c00462c        0x0
                0x000000000c00462c                . = ALIGN (0x4)
 *(.ARM.extab* .gnu.linkonce.armextab.*)
                0x000000000c00462c                . = ALIGN (0x4)

.ARM            0x000000000c00462c        0x8
                0x000000000c00462c                . = ALIGN (0x4)
                0x000000000c00462c                __exidx_start = .
 *(.ARM.exidx*)
 .ARM.exidx     0x000000000c00462c        0x8 d:/programs/st/stm32cubeide_1.8.0/stm32cubeide/plugins/com.st.stm32cube.ide.mcu.externaltools.gnu-tools-for-stm32.9-2020-q2-update.win32_2.0.0.202105311346/tools/bin/../lib/gcc/arm-none-eabi/9.3.1/thumb/v8-m.main+fp/hard\libgcc.a(_udivmoddi4.o)
                0x000000000c004634                __exidx_end = .
                0x000000000c004634                . = ALIGN (0x4)

.rel.dyn        0x000000000c004634        0x0
 .rel.iplt      0x000000000c004634        0x0 d:/programs/st/stm32cubeide_1.8.0/stm32cubeide/plugins/com.st.stm32cube.ide.mcu.externaltools.gnu-tools-for-stm32.9-2020-q2-update.win32_2.0.0.202105311346/tools/bin/../lib/gcc/arm-none-eabi/9.3.1/thumb/v8-m.main+fp/hard/crtbegin.o

.preinit_array  0x000000000c004634        0x0
                0x000000000c004634                . = ALIGN (0x4)
                0x000000000c004634                PROVIDE (__preinit_array_start = .)
 *(.preinit_array*)
                0x000000000c004634                PROVIDE (__preinit_array_end = .)
                0x000000000c004634                . = ALIGN (0x4)

.init_array     0x000000000c004634        0x4
                0x000000000c004634                . = ALIGN (0x4)
                0x000000000c004634                PROVIDE (__init_array_start = .)
 *(SORT_BY_NAME(.init_array.*))
 *(.init_array*)
 .init_array    0x000000000c004634        0x4 d:/programs/st/stm32cubeide_1.8.0/stm32cubeide/plugins/com.st.stm32cube.ide.mcu.externaltools.gnu-tools-for-stm32.9-2020-q2-update.win32_2.0.0.202105311346/tools/bin/../lib/gcc/arm-none-eabi/9.3.1/thumb/v8-m.main+fp/hard/crtbegin.o
                0x000000000c004638                PROVIDE (__init_array_end = .)
                0x000000000c004638                . = ALIGN (0x4)

.fini_array     0x000000000c004638        0x4
                0x000000000c004638                . = ALIGN (0x4)
                [!provide]                        PROVIDE (__fini_array_start = .)
 *(SORT_BY_NAME(.fini_array.*))
 *(.fini_array*)
 .fini_array    0x000000000c004638        0x4 d:/programs/st/stm32cubeide_1.8.0/stm32cubeide/plugins/com.st.stm32cube.ide.mcu.externaltools.gnu-tools-for-stm32.9-2020-q2-update.win32_2.0.0.202105311346/tools/bin/../lib/gcc/arm-none-eabi/9.3.1/thumb/v8-m.main+fp/hard/crtbegin.o
                [!provide]                        PROVIDE (__fini_array_end = .)
                0x000000000c00463c                . = ALIGN (0x4)
                0x000000000c00463c                _sidata = LOADADDR (.data)

.data           0x0000000030000000       0x74 load address 0x000000000c00463c
                0x0000000030000000                . = ALIGN (0x4)
                0x0000000030000000                _sdata = .
 *(.data)
 *(.data*)
 .data.idnum    0x0000000030000000        0x4 ./Core/Src/secure_nsc.o
 .data.WLnum    0x0000000030000004        0x4 ./Core/Src/secure_nsc.o
 .data.WL       0x0000000030000008       0x60 ./Core/Src/secure_nsc.o
                0x0000000030000008                WL
 .data.SystemCoreClock
                0x0000000030000068        0x4 ./Core/Src/system_stm32l5xx_s.o
                0x0000000030000068                SystemCoreClock
 .data.uwTickPrio
                0x000000003000006c        0x4 ./Drivers/STM32L5xx_HAL_Driver/stm32l5xx_hal.o
                0x000000003000006c                uwTickPrio
 .data.uwTickFreq
                0x0000000030000070        0x1 ./Drivers/STM32L5xx_HAL_Driver/stm32l5xx_hal.o
                0x0000000030000070                uwTickFreq
                0x0000000030000074                . = ALIGN (0x4)
 *fill*         0x0000000030000071        0x3 
                0x0000000030000074                _edata = .

.igot.plt       0x0000000030000074        0x0 load address 0x000000000c0046b0
 .igot.plt      0x0000000030000074        0x0 d:/programs/st/stm32cubeide_1.8.0/stm32cubeide/plugins/com.st.stm32cube.ide.mcu.externaltools.gnu-tools-for-stm32.9-2020-q2-update.win32_2.0.0.202105311346/tools/bin/../lib/gcc/arm-none-eabi/9.3.1/thumb/v8-m.main+fp/hard/crtbegin.o

.gnu.sgstubs    0x000000000c03e000       0x20
                0x000000000c03e000                . = ALIGN (0x4)
 *(.gnu.sgstubs*)
                0x000000000c03e000                . = ALIGN (0x4)
 .gnu.sgstubs.__stub
                0x000000000c03e000       0x18 linker stubs
                0x000000000c03e000                SECURE_SystemCoreClockUpdate
                0x000000000c03e008                trust_interface
                0x000000000c03e010                SECURE_RegisterCallback
                0x000000000c03e018                . = ALIGN (0x4)

.bss            0x0000000030000074       0xb8
                0x0000000030000074                _sbss = .
                0x0000000030000074                __bss_start__ = _sbss
 *(.bss)
 .bss           0x0000000030000074       0x1c d:/programs/st/stm32cubeide_1.8.0/stm32cubeide/plugins/com.st.stm32cube.ide.mcu.externaltools.gnu-tools-for-stm32.9-2020-q2-update.win32_2.0.0.202105311346/tools/bin/../lib/gcc/arm-none-eabi/9.3.1/thumb/v8-m.main+fp/hard/crtbegin.o
 *(.bss*)
 .bss.pSecureFaultCallback
                0x0000000030000090        0x4 ./Core/Src/secure_nsc.o
                0x0000000030000090                pSecureFaultCallback
 .bss.pSecureErrorCallback
                0x0000000030000094        0x4 ./Core/Src/secure_nsc.o
                0x0000000030000094                pSecureErrorCallback
 *(COMMON)
 COMMON         0x0000000030000098       0x90 ./Core/Src/main.o
                0x0000000030000098                huart3
 COMMON         0x0000000030000128        0x4 ./Drivers/STM32L5xx_HAL_Driver/stm32l5xx_hal.o
                0x0000000030000128                uwTick
                0x000000003000012c                . = ALIGN (0x4)
                0x000000003000012c                _ebss = .
                0x000000003000012c                __bss_end__ = _ebss

._user_heap_stack
                0x000000003000012c      0x604
                0x0000000030000130                . = ALIGN (0x8)
 *fill*         0x000000003000012c        0x4 
                [!provide]                        PROVIDE (end = .)
                0x0000000030000130                PROVIDE (_end = .)
                0x0000000030000330                . = (. + _Min_Heap_Size)
 *fill*         0x0000000030000130      0x200 
                0x0000000030000730                . = (. + _Min_Stack_Size)
 *fill*         0x0000000030000330      0x400 
                0x0000000030000730                . = ALIGN (0x8)

/DISCARD/
 libc.a(*)
 libm.a(*)
 libgcc.a(*)

.ARM.attributes
                0x0000000000000000       0x36
 *(.ARM.attributes)
 .ARM.attributes
                0x0000000000000000       0x22 d:/programs/st/stm32cubeide_1.8.0/stm32cubeide/plugins/com.st.stm32cube.ide.mcu.externaltools.gnu-tools-for-stm32.9-2020-q2-update.win32_2.0.0.202105311346/tools/bin/../lib/gcc/arm-none-eabi/9.3.1/thumb/v8-m.main+fp/hard/crti.o
 .ARM.attributes
                0x0000000000000022       0x38 d:/programs/st/stm32cubeide_1.8.0/stm32cubeide/plugins/com.st.stm32cube.ide.mcu.externaltools.gnu-tools-for-stm32.9-2020-q2-update.win32_2.0.0.202105311346/tools/bin/../lib/gcc/arm-none-eabi/9.3.1/thumb/v8-m.main+fp/hard/crtbegin.o
 .ARM.attributes
                0x000000000000005a       0x3a ./Core/Src/main.o
 .ARM.attributes
                0x0000000000000094       0x3a ./Core/Src/stm32l5xx_hal_msp.o
 .ARM.attributes
                0x00000000000000ce       0x3a ./Core/Src/stm32l5xx_it.o
 .ARM.attributes
                0x0000000000000108       0x3a ./Core/Src/system_stm32l5xx_s.o
 .ARM.attributes
                0x0000000000000142       0x24 ./Core/Startup/startup_stm32l562qeixq.o
 .ARM.attributes
                0x0000000000000166       0x3a ./Drivers/STM32L5xx_HAL_Driver/stm32l5xx_hal.o
 .ARM.attributes
                0x00000000000001a0       0x3a ./Drivers/STM32L5xx_HAL_Driver/stm32l5xx_hal_cortex.o
 .ARM.attributes
                0x00000000000001da       0x3a ./Drivers/STM32L5xx_HAL_Driver/stm32l5xx_hal_dma.o
 .ARM.attributes
                0x0000000000000214       0x3a ./Drivers/STM32L5xx_HAL_Driver/stm32l5xx_hal_gpio.o
 .ARM.attributes
                0x000000000000024e       0x3a ./Drivers/STM32L5xx_HAL_Driver/stm32l5xx_hal_gtzc.o
 .ARM.attributes
                0x0000000000000288       0x3a ./Drivers/STM32L5xx_HAL_Driver/stm32l5xx_hal_pwr_ex.o
 .ARM.attributes
                0x00000000000002c2       0x3a ./Drivers/STM32L5xx_HAL_Driver/stm32l5xx_hal_rcc.o
 .ARM.attributes
                0x00000000000002fc       0x3a ./Drivers/STM32L5xx_HAL_Driver/stm32l5xx_hal_rcc_ex.o
 .ARM.attributes
                0x0000000000000336       0x3a ./Drivers/STM32L5xx_HAL_Driver/stm32l5xx_hal_uart.o
 .ARM.attributes
                0x0000000000000370       0x3a ./Drivers/STM32L5xx_HAL_Driver/stm32l5xx_hal_uart_ex.o
 .ARM.attributes
                0x00000000000003aa       0x38 d:/programs/st/stm32cubeide_1.8.0/stm32cubeide/plugins/com.st.stm32cube.ide.mcu.externaltools.gnu-tools-for-stm32.9-2020-q2-update.win32_2.0.0.202105311346/tools/bin/../lib/gcc/arm-none-eabi/9.3.1/../../../../arm-none-eabi/lib/thumb/v8-m.main+fp/hard\libc_nano.a(lib_a-init.o)
 .ARM.attributes
                0x00000000000003e2       0x38 d:/programs/st/stm32cubeide_1.8.0/stm32cubeide/plugins/com.st.stm32cube.ide.mcu.externaltools.gnu-tools-for-stm32.9-2020-q2-update.win32_2.0.0.202105311346/tools/bin/../lib/gcc/arm-none-eabi/9.3.1/../../../../arm-none-eabi/lib/thumb/v8-m.main+fp/hard\libc_nano.a(lib_a-memset.o)
 .ARM.attributes
                0x000000000000041a       0x24 d:/programs/st/stm32cubeide_1.8.0/stm32cubeide/plugins/com.st.stm32cube.ide.mcu.externaltools.gnu-tools-for-stm32.9-2020-q2-update.win32_2.0.0.202105311346/tools/bin/../lib/gcc/arm-none-eabi/9.3.1/thumb/v8-m.main+fp/hard\libgcc.a(cmse_nonsecure_call.o)
 .ARM.attributes
                0x000000000000043e       0x22 d:/programs/st/stm32cubeide_1.8.0/stm32cubeide/plugins/com.st.stm32cube.ide.mcu.externaltools.gnu-tools-for-stm32.9-2020-q2-update.win32_2.0.0.202105311346/tools/bin/../lib/gcc/arm-none-eabi/9.3.1/thumb/v8-m.main+fp/hard\libgcc.a(_aeabi_uldivmod.o)
 .ARM.attributes
                0x0000000000000460       0x38 d:/programs/st/stm32cubeide_1.8.0/stm32cubeide/plugins/com.st.stm32cube.ide.mcu.externaltools.gnu-tools-for-stm32.9-2020-q2-update.win32_2.0.0.202105311346/tools/bin/../lib/gcc/arm-none-eabi/9.3.1/thumb/v8-m.main+fp/hard\libgcc.a(_udivmoddi4.o)
 .ARM.attributes
                0x0000000000000498       0x22 d:/programs/st/stm32cubeide_1.8.0/stm32cubeide/plugins/com.st.stm32cube.ide.mcu.externaltools.gnu-tools-for-stm32.9-2020-q2-update.win32_2.0.0.202105311346/tools/bin/../lib/gcc/arm-none-eabi/9.3.1/thumb/v8-m.main+fp/hard\libgcc.a(_dvmd_tls.o)
 .ARM.attributes
                0x00000000000004ba       0x22 d:/programs/st/stm32cubeide_1.8.0/stm32cubeide/plugins/com.st.stm32cube.ide.mcu.externaltools.gnu-tools-for-stm32.9-2020-q2-update.win32_2.0.0.202105311346/tools/bin/../lib/gcc/arm-none-eabi/9.3.1/thumb/v8-m.main+fp/hard/crtn.o
OUTPUT(pinlock_Secure.elf elf32-littlearm)
LOAD linker stubs
LOAD d:/programs/st/stm32cubeide_1.8.0/stm32cubeide/plugins/com.st.stm32cube.ide.mcu.externaltools.gnu-tools-for-stm32.9-2020-q2-update.win32_2.0.0.202105311346/tools/bin/../lib/gcc/arm-none-eabi/9.3.1/../../../../arm-none-eabi/lib/thumb/v8-m.main+fp/hard\libc.a
LOAD d:/programs/st/stm32cubeide_1.8.0/stm32cubeide/plugins/com.st.stm32cube.ide.mcu.externaltools.gnu-tools-for-stm32.9-2020-q2-update.win32_2.0.0.202105311346/tools/bin/../lib/gcc/arm-none-eabi/9.3.1/../../../../arm-none-eabi/lib/thumb/v8-m.main+fp/hard\libm.a
LOAD d:/programs/st/stm32cubeide_1.8.0/stm32cubeide/plugins/com.st.stm32cube.ide.mcu.externaltools.gnu-tools-for-stm32.9-2020-q2-update.win32_2.0.0.202105311346/tools/bin/../lib/gcc/arm-none-eabi/9.3.1/thumb/v8-m.main+fp/hard\libgcc.a

.debug_info     0x0000000000000000     0xe543
 .debug_info    0x0000000000000000     0x13f8 ./Core/Src/main.o
 .debug_info    0x00000000000013f8      0x425 ./Core/Src/secure_nsc.o
 .debug_info    0x000000000000181d     0x13c6 ./Core/Src/stm32l5xx_hal_msp.o
 .debug_info    0x0000000000002be3      0xa22 ./Core/Src/stm32l5xx_it.o
 .debug_info    0x0000000000003605      0xbb6 ./Core/Src/system_stm32l5xx_s.o
 .debug_info    0x00000000000041bb       0x22 ./Core/Startup/startup_stm32l562qeixq.o
 .debug_info    0x00000000000041dd      0xefb ./Drivers/STM32L5xx_HAL_Driver/stm32l5xx_hal.o
 .debug_info    0x00000000000050d8      0xfdc ./Drivers/STM32L5xx_HAL_Driver/stm32l5xx_hal_cortex.o
 .debug_info    0x00000000000060b4      0xb95 ./Drivers/STM32L5xx_HAL_Driver/stm32l5xx_hal_dma.o
 .debug_info    0x0000000000006c49      0x920 ./Drivers/STM32L5xx_HAL_Driver/stm32l5xx_hal_gpio.o
 .debug_info    0x0000000000007569      0xe18 ./Drivers/STM32L5xx_HAL_Driver/stm32l5xx_hal_gtzc.o
 .debug_info    0x0000000000008381      0xfc5 ./Drivers/STM32L5xx_HAL_Driver/stm32l5xx_hal_pwr_ex.o
 .debug_info    0x0000000000009346     0x1145 ./Drivers/STM32L5xx_HAL_Driver/stm32l5xx_hal_rcc.o
 .debug_info    0x000000000000a48b     0x135c ./Drivers/STM32L5xx_HAL_Driver/stm32l5xx_hal_rcc_ex.o
 .debug_info    0x000000000000b7e7     0x1e67 ./Drivers/STM32L5xx_HAL_Driver/stm32l5xx_hal_uart.o
 .debug_info    0x000000000000d64e      0xef5 ./Drivers/STM32L5xx_HAL_Driver/stm32l5xx_hal_uart_ex.o

.debug_abbrev   0x0000000000000000     0x2141
 .debug_abbrev  0x0000000000000000      0x288 ./Core/Src/main.o
 .debug_abbrev  0x0000000000000288      0x1b3 ./Core/Src/secure_nsc.o
 .debug_abbrev  0x000000000000043b      0x1d5 ./Core/Src/stm32l5xx_hal_msp.o
 .debug_abbrev  0x0000000000000610      0x163 ./Core/Src/stm32l5xx_it.o
 .debug_abbrev  0x0000000000000773      0x1d3 ./Core/Src/system_stm32l5xx_s.o
 .debug_abbrev  0x0000000000000946       0x12 ./Core/Startup/startup_stm32l562qeixq.o
 .debug_abbrev  0x0000000000000958      0x2ae ./Drivers/STM32L5xx_HAL_Driver/stm32l5xx_hal.o
 .debug_abbrev  0x0000000000000c06      0x333 ./Drivers/STM32L5xx_HAL_Driver/stm32l5xx_hal_cortex.o
 .debug_abbrev  0x0000000000000f39      0x212 ./Drivers/STM32L5xx_HAL_Driver/stm32l5xx_hal_dma.o
 .debug_abbrev  0x000000000000114b      0x1df ./Drivers/STM32L5xx_HAL_Driver/stm32l5xx_hal_gpio.o
 .debug_abbrev  0x000000000000132a      0x1ee ./Drivers/STM32L5xx_HAL_Driver/stm32l5xx_hal_gtzc.o
 .debug_abbrev  0x0000000000001518      0x283 ./Drivers/STM32L5xx_HAL_Driver/stm32l5xx_hal_pwr_ex.o
 .debug_abbrev  0x000000000000179b      0x2a6 ./Drivers/STM32L5xx_HAL_Driver/stm32l5xx_hal_rcc.o
 .debug_abbrev  0x0000000000001a41      0x288 ./Drivers/STM32L5xx_HAL_Driver/stm32l5xx_hal_rcc_ex.o
 .debug_abbrev  0x0000000000001cc9      0x26e ./Drivers/STM32L5xx_HAL_Driver/stm32l5xx_hal_uart.o
 .debug_abbrev  0x0000000000001f37      0x20a ./Drivers/STM32L5xx_HAL_Driver/stm32l5xx_hal_uart_ex.o

.debug_aranges  0x0000000000000000      0xbd8
 .debug_aranges
                0x0000000000000000       0x50 ./Core/Src/main.o
 .debug_aranges
                0x0000000000000050       0x28 ./Core/Src/secure_nsc.o
 .debug_aranges
                0x0000000000000078       0x30 ./Core/Src/stm32l5xx_hal_msp.o
 .debug_aranges
                0x00000000000000a8       0x70 ./Core/Src/stm32l5xx_it.o
 .debug_aranges
                0x0000000000000118       0x38 ./Core/Src/system_stm32l5xx_s.o
 .debug_aranges
                0x0000000000000150       0x28 ./Core/Startup/startup_stm32l562qeixq.o
 .debug_aranges
                0x0000000000000178      0x140 ./Drivers/STM32L5xx_HAL_Driver/stm32l5xx_hal.o
 .debug_aranges
                0x00000000000002b8      0x100 ./Drivers/STM32L5xx_HAL_Driver/stm32l5xx_hal_cortex.o
 .debug_aranges
                0x00000000000003b8       0xa0 ./Drivers/STM32L5xx_HAL_Driver/stm32l5xx_hal_dma.o
 .debug_aranges
                0x0000000000000458       0x70 ./Drivers/STM32L5xx_HAL_Driver/stm32l5xx_hal_gpio.o
 .debug_aranges
                0x00000000000004c8       0xb8 ./Drivers/STM32L5xx_HAL_Driver/stm32l5xx_hal_gtzc.o
 .debug_aranges
                0x0000000000000580      0x1b8 ./Drivers/STM32L5xx_HAL_Driver/stm32l5xx_hal_pwr_ex.o
 .debug_aranges
                0x0000000000000738       0xa0 ./Drivers/STM32L5xx_HAL_Driver/stm32l5xx_hal_rcc.o
 .debug_aranges
                0x00000000000007d8      0x118 ./Drivers/STM32L5xx_HAL_Driver/stm32l5xx_hal_rcc_ex.o
 .debug_aranges
                0x00000000000008f0      0x248 ./Drivers/STM32L5xx_HAL_Driver/stm32l5xx_hal_uart.o
 .debug_aranges
                0x0000000000000b38       0xa0 ./Drivers/STM32L5xx_HAL_Driver/stm32l5xx_hal_uart_ex.o

.debug_ranges   0x0000000000000000      0xb10
 .debug_ranges  0x0000000000000000       0x40 ./Core/Src/main.o
 .debug_ranges  0x0000000000000040       0x18 ./Core/Src/secure_nsc.o
 .debug_ranges  0x0000000000000058       0x20 ./Core/Src/stm32l5xx_hal_msp.o
 .debug_ranges  0x0000000000000078       0x60 ./Core/Src/stm32l5xx_it.o
 .debug_ranges  0x00000000000000d8       0x28 ./Core/Src/system_stm32l5xx_s.o
 .debug_ranges  0x0000000000000100       0x20 ./Core/Startup/startup_stm32l562qeixq.o
 .debug_ranges  0x0000000000000120      0x130 ./Drivers/STM32L5xx_HAL_Driver/stm32l5xx_hal.o
 .debug_ranges  0x0000000000000250       0xf0 ./Drivers/STM32L5xx_HAL_Driver/stm32l5xx_hal_cortex.o
 .debug_ranges  0x0000000000000340       0x90 ./Drivers/STM32L5xx_HAL_Driver/stm32l5xx_hal_dma.o
 .debug_ranges  0x00000000000003d0       0x60 ./Drivers/STM32L5xx_HAL_Driver/stm32l5xx_hal_gpio.o
 .debug_ranges  0x0000000000000430       0xa8 ./Drivers/STM32L5xx_HAL_Driver/stm32l5xx_hal_gtzc.o
 .debug_ranges  0x00000000000004d8      0x1a8 ./Drivers/STM32L5xx_HAL_Driver/stm32l5xx_hal_pwr_ex.o
 .debug_ranges  0x0000000000000680       0x90 ./Drivers/STM32L5xx_HAL_Driver/stm32l5xx_hal_rcc.o
 .debug_ranges  0x0000000000000710      0x108 ./Drivers/STM32L5xx_HAL_Driver/stm32l5xx_hal_rcc_ex.o
 .debug_ranges  0x0000000000000818      0x268 ./Drivers/STM32L5xx_HAL_Driver/stm32l5xx_hal_uart.o
 .debug_ranges  0x0000000000000a80       0x90 ./Drivers/STM32L5xx_HAL_Driver/stm32l5xx_hal_uart_ex.o

.debug_macro    0x0000000000000000    0x28b85
 .debug_macro   0x0000000000000000      0x20d ./Core/Src/main.o
 .debug_macro   0x000000000000020d      0xaae ./Core/Src/main.o
 .debug_macro   0x0000000000000cbb       0x16 ./Core/Src/main.o
 .debug_macro   0x0000000000000cd1      0x196 ./Core/Src/main.o
 .debug_macro   0x0000000000000e67      0x174 ./Core/Src/main.o
 .debug_macro   0x0000000000000fdb       0x63 ./Core/Src/main.o
 .debug_macro   0x000000000000103e       0x2e ./Core/Src/main.o
 .debug_macro   0x000000000000106c       0x42 ./Core/Src/main.o
 .debug_macro   0x00000000000010ae       0x22 ./Core/Src/main.o
 .debug_macro   0x00000000000010d0       0x8e ./Core/Src/main.o
 .debug_macro   0x000000000000115e       0x51 ./Core/Src/main.o
 .debug_macro   0x00000000000011af      0x103 ./Core/Src/main.o
 .debug_macro   0x00000000000012b2       0x6a ./Core/Src/main.o
 .debug_macro   0x000000000000131c      0x1df ./Core/Src/main.o
 .debug_macro   0x00000000000014fb       0x1c ./Core/Src/main.o
 .debug_macro   0x0000000000001517       0x29 ./Core/Src/main.o
 .debug_macro   0x0000000000001540      0x101 ./Core/Src/main.o
 .debug_macro   0x0000000000001641     0x1486 ./Core/Src/main.o
 .debug_macro   0x0000000000002ac7       0x5e ./Core/Src/main.o
 .debug_macro   0x0000000000002b25    0x1bc4a ./Core/Src/main.o
 .debug_macro   0x000000000001e76f       0x42 ./Core/Src/main.o
 .debug_macro   0x000000000001e7b1     0x34d8 ./Core/Src/main.o
 .debug_macro   0x0000000000021c89       0x5c ./Core/Src/main.o
 .debug_macro   0x0000000000021ce5     0x199c ./Core/Src/main.o
 .debug_macro   0x0000000000023681      0xa4b ./Core/Src/main.o
 .debug_macro   0x00000000000240cc      0x168 ./Core/Src/main.o
 .debug_macro   0x0000000000024234      0x1d9 ./Core/Src/main.o
 .debug_macro   0x000000000002440d      0x50b ./Core/Src/main.o
 .debug_macro   0x0000000000024918      0x1ac ./Core/Src/main.o
 .debug_macro   0x0000000000024ac4       0x4a ./Core/Src/main.o
 .debug_macro   0x0000000000024b0e       0x51 ./Core/Src/main.o
 .debug_macro   0x0000000000024b5f      0x23f ./Core/Src/main.o
 .debug_macro   0x0000000000024d9e      0x432 ./Core/Src/main.o
 .debug_macro   0x00000000000251d0       0x4f ./Core/Src/main.o
 .debug_macro   0x000000000002521f      0x131 ./Core/Src/main.o
 .debug_macro   0x0000000000025350      0x325 ./Core/Src/main.o
 .debug_macro   0x0000000000025675      0x22c ./Core/Src/main.o
 .debug_macro   0x00000000000258a1       0x5b ./Core/Src/main.o
 .debug_macro   0x00000000000258fc       0xa5 ./Core/Src/main.o
 .debug_macro   0x00000000000259a1       0xf3 ./Core/Src/main.o
 .debug_macro   0x0000000000025a94      0x1a7 ./Core/Src/main.o
 .debug_macro   0x0000000000025c3b      0x487 ./Core/Src/main.o
 .debug_macro   0x00000000000260c2      0x67e ./Core/Src/main.o
 .debug_macro   0x0000000000026740       0xa6 ./Core/Src/main.o
 .debug_macro   0x00000000000267e6      0x445 ./Core/Src/main.o
 .debug_macro   0x0000000000026c2b       0x1c ./Core/Src/main.o
 .debug_macro   0x0000000000026c47      0x211 ./Core/Src/secure_nsc.o
 .debug_macro   0x0000000000026e58      0x207 ./Core/Src/stm32l5xx_hal_msp.o
 .debug_macro   0x000000000002705f      0x211 ./Core/Src/stm32l5xx_it.o
 .debug_macro   0x0000000000027270      0x212 ./Core/Src/system_stm32l5xx_s.o
 .debug_macro   0x0000000000027482      0x17d ./Core/Src/system_stm32l5xx_s.o
 .debug_macro   0x00000000000275ff      0x229 ./Drivers/STM32L5xx_HAL_Driver/stm32l5xx_hal.o
 .debug_macro   0x0000000000027828      0x1f9 ./Drivers/STM32L5xx_HAL_Driver/stm32l5xx_hal_cortex.o
 .debug_macro   0x0000000000027a21      0x1f9 ./Drivers/STM32L5xx_HAL_Driver/stm32l5xx_hal_dma.o
 .debug_macro   0x0000000000027c1a      0x22c ./Drivers/STM32L5xx_HAL_Driver/stm32l5xx_hal_gpio.o
 .debug_macro   0x0000000000027e46      0x26b ./Drivers/STM32L5xx_HAL_Driver/stm32l5xx_hal_gtzc.o
 .debug_macro   0x00000000000280b1      0x229 ./Drivers/STM32L5xx_HAL_Driver/stm32l5xx_hal_pwr_ex.o
 .debug_macro   0x00000000000282da      0x223 ./Drivers/STM32L5xx_HAL_Driver/stm32l5xx_hal_rcc.o
 .debug_macro   0x00000000000284fd      0x25f ./Drivers/STM32L5xx_HAL_Driver/stm32l5xx_hal_rcc_ex.o
 .debug_macro   0x000000000002875c      0x224 ./Drivers/STM32L5xx_HAL_Driver/stm32l5xx_hal_uart.o
 .debug_macro   0x0000000000028980      0x205 ./Drivers/STM32L5xx_HAL_Driver/stm32l5xx_hal_uart_ex.o

.debug_line     0x0000000000000000     0xdd27
 .debug_line    0x0000000000000000      0x8d4 ./Core/Src/main.o
 .debug_line    0x00000000000008d4      0x7fa ./Core/Src/secure_nsc.o
 .debug_line    0x00000000000010ce      0x7b7 ./Core/Src/stm32l5xx_hal_msp.o
 .debug_line    0x0000000000001885      0x840 ./Core/Src/stm32l5xx_it.o
 .debug_line    0x00000000000020c5      0x8a1 ./Core/Src/system_stm32l5xx_s.o
 .debug_line    0x0000000000002966       0x88 ./Core/Startup/startup_stm32l562qeixq.o
 .debug_line    0x00000000000029ee      0xbf6 ./Drivers/STM32L5xx_HAL_Driver/stm32l5xx_hal.o
 .debug_line    0x00000000000035e4      0xc15 ./Drivers/STM32L5xx_HAL_Driver/stm32l5xx_hal_cortex.o
 .debug_line    0x00000000000041f9     0x10d2 ./Drivers/STM32L5xx_HAL_Driver/stm32l5xx_hal_dma.o
 .debug_line    0x00000000000052cb      0xc6c ./Drivers/STM32L5xx_HAL_Driver/stm32l5xx_hal_gpio.o
 .debug_line    0x0000000000005f37     0x12c1 ./Drivers/STM32L5xx_HAL_Driver/stm32l5xx_hal_gtzc.o
 .debug_line    0x00000000000071f8      0xf31 ./Drivers/STM32L5xx_HAL_Driver/stm32l5xx_hal_pwr_ex.o
 .debug_line    0x0000000000008129     0x1214 ./Drivers/STM32L5xx_HAL_Driver/stm32l5xx_hal_rcc.o
 .debug_line    0x000000000000933d     0x1b2c ./Drivers/STM32L5xx_HAL_Driver/stm32l5xx_hal_rcc_ex.o
 .debug_line    0x000000000000ae69     0x21a0 ./Drivers/STM32L5xx_HAL_Driver/stm32l5xx_hal_uart.o
 .debug_line    0x000000000000d009      0xd1e ./Drivers/STM32L5xx_HAL_Driver/stm32l5xx_hal_uart_ex.o

.debug_str      0x0000000000000000   0x1035e1
 .debug_str     0x0000000000000000    0xfeb5e ./Core/Src/main.o
                                      0xfeeaf (size before relaxing)
 .debug_str     0x00000000000feb5e      0x12b ./Core/Src/secure_nsc.o
                                      0xfe472 (size before relaxing)
 .debug_str     0x00000000000fec89      0x937 ./Core/Src/stm32l5xx_hal_msp.o
                                      0xff43b (size before relaxing)
 .debug_str     0x00000000000ff5c0       0xe3 ./Core/Src/stm32l5xx_it.o
                                      0xfe981 (size before relaxing)
 .debug_str     0x00000000000ff6a3      0x6b9 ./Core/Src/system_stm32l5xx_s.o
                                      0xfec59 (size before relaxing)
 .debug_str     0x00000000000ffd5c       0x37 ./Core/Startup/startup_stm32l562qeixq.o
                                         0x75 (size before relaxing)
 .debug_str     0x00000000000ffd93      0x593 ./Drivers/STM32L5xx_HAL_Driver/stm32l5xx_hal.o
                                      0xff112 (size before relaxing)
 .debug_str     0x0000000000100326      0x27f ./Drivers/STM32L5xx_HAL_Driver/stm32l5xx_hal_cortex.o
                                      0xfede0 (size before relaxing)
 .debug_str     0x00000000001005a5      0x36e ./Drivers/STM32L5xx_HAL_Driver/stm32l5xx_hal_dma.o
                                      0xfe96a (size before relaxing)
 .debug_str     0x0000000000100913      0x31d ./Drivers/STM32L5xx_HAL_Driver/stm32l5xx_hal_gpio.o
                                      0xfe6bc (size before relaxing)
 .debug_str     0x0000000000100c30      0x990 ./Drivers/STM32L5xx_HAL_Driver/stm32l5xx_hal_gtzc.o
                                      0xfed97 (size before relaxing)
 .debug_str     0x00000000001015c0      0x76b ./Drivers/STM32L5xx_HAL_Driver/stm32l5xx_hal_pwr_ex.o
                                      0xfed61 (size before relaxing)
 .debug_str     0x0000000000101d2b      0x418 ./Drivers/STM32L5xx_HAL_Driver/stm32l5xx_hal_rcc.o
                                      0xfeb83 (size before relaxing)
 .debug_str     0x0000000000102143      0x7f0 ./Drivers/STM32L5xx_HAL_Driver/stm32l5xx_hal_rcc_ex.o
                                      0xff0f1 (size before relaxing)
 .debug_str     0x0000000000102933      0x99d ./Drivers/STM32L5xx_HAL_Driver/stm32l5xx_hal_uart.o
                                      0xff3cc (size before relaxing)
 .debug_str     0x00000000001032d0      0x311 ./Drivers/STM32L5xx_HAL_Driver/stm32l5xx_hal_uart_ex.o
                                      0xfeb8b (size before relaxing)

.comment        0x0000000000000000       0x53
 .comment       0x0000000000000000       0x53 ./Core/Src/main.o
                                         0x54 (size before relaxing)
 .comment       0x0000000000000053       0x54 ./Core/Src/stm32l5xx_hal_msp.o
 .comment       0x0000000000000053       0x54 ./Core/Src/stm32l5xx_it.o
 .comment       0x0000000000000053       0x54 ./Core/Src/system_stm32l5xx_s.o
 .comment       0x0000000000000053       0x54 ./Drivers/STM32L5xx_HAL_Driver/stm32l5xx_hal.o
 .comment       0x0000000000000053       0x54 ./Drivers/STM32L5xx_HAL_Driver/stm32l5xx_hal_cortex.o
 .comment       0x0000000000000053       0x54 ./Drivers/STM32L5xx_HAL_Driver/stm32l5xx_hal_dma.o
 .comment       0x0000000000000053       0x54 ./Drivers/STM32L5xx_HAL_Driver/stm32l5xx_hal_gpio.o
 .comment       0x0000000000000053       0x54 ./Drivers/STM32L5xx_HAL_Driver/stm32l5xx_hal_gtzc.o
 .comment       0x0000000000000053       0x54 ./Drivers/STM32L5xx_HAL_Driver/stm32l5xx_hal_pwr_ex.o
 .comment       0x0000000000000053       0x54 ./Drivers/STM32L5xx_HAL_Driver/stm32l5xx_hal_rcc.o
 .comment       0x0000000000000053       0x54 ./Drivers/STM32L5xx_HAL_Driver/stm32l5xx_hal_rcc_ex.o
 .comment       0x0000000000000053       0x54 ./Drivers/STM32L5xx_HAL_Driver/stm32l5xx_hal_uart.o
 .comment       0x0000000000000053       0x54 ./Drivers/STM32L5xx_HAL_Driver/stm32l5xx_hal_uart_ex.o

.debug_frame    0x0000000000000000     0x301c
 .debug_frame   0x0000000000000000      0x100 ./Core/Src/main.o
 .debug_frame   0x0000000000000100       0x60 ./Core/Src/secure_nsc.o
 .debug_frame   0x0000000000000160       0x80 ./Core/Src/stm32l5xx_hal_msp.o
 .debug_frame   0x00000000000001e0      0x140 ./Core/Src/stm32l5xx_it.o
 .debug_frame   0x0000000000000320       0x98 ./Core/Src/system_stm32l5xx_s.o
 .debug_frame   0x00000000000003b8      0x4f4 ./Drivers/STM32L5xx_HAL_Driver/stm32l5xx_hal.o
 .debug_frame   0x00000000000008ac      0x428 ./Drivers/STM32L5xx_HAL_Driver/stm32l5xx_hal_cortex.o
 .debug_frame   0x0000000000000cd4      0x29c ./Drivers/STM32L5xx_HAL_Driver/stm32l5xx_hal_dma.o
 .debug_frame   0x0000000000000f70      0x1c4 ./Drivers/STM32L5xx_HAL_Driver/stm32l5xx_hal_gpio.o
 .debug_frame   0x0000000000001134      0x32c ./Drivers/STM32L5xx_HAL_Driver/stm32l5xx_hal_gtzc.o
 .debug_frame   0x0000000000001460      0x6fc ./Drivers/STM32L5xx_HAL_Driver/stm32l5xx_hal_pwr_ex.o
 .debug_frame   0x0000000000001b5c      0x26c ./Drivers/STM32L5xx_HAL_Driver/stm32l5xx_hal_rcc.o
 .debug_frame   0x0000000000001dc8      0x48c ./Drivers/STM32L5xx_HAL_Driver/stm32l5xx_hal_rcc_ex.o
 .debug_frame   0x0000000000002254      0xa7c ./Drivers/STM32L5xx_HAL_Driver/stm32l5xx_hal_uart.o
 .debug_frame   0x0000000000002cd0      0x29c ./Drivers/STM32L5xx_HAL_Driver/stm32l5xx_hal_uart_ex.o
 .debug_frame   0x0000000000002f6c       0x2c d:/programs/st/stm32cubeide_1.8.0/stm32cubeide/plugins/com.st.stm32cube.ide.mcu.externaltools.gnu-tools-for-stm32.9-2020-q2-update.win32_2.0.0.202105311346/tools/bin/../lib/gcc/arm-none-eabi/9.3.1/../../../../arm-none-eabi/lib/thumb/v8-m.main+fp/hard\libc_nano.a(lib_a-init.o)
 .debug_frame   0x0000000000002f98       0x20 d:/programs/st/stm32cubeide_1.8.0/stm32cubeide/plugins/com.st.stm32cube.ide.mcu.externaltools.gnu-tools-for-stm32.9-2020-q2-update.win32_2.0.0.202105311346/tools/bin/../lib/gcc/arm-none-eabi/9.3.1/../../../../arm-none-eabi/lib/thumb/v8-m.main+fp/hard\libc_nano.a(lib_a-memset.o)
 .debug_frame   0x0000000000002fb8       0x2c d:/programs/st/stm32cubeide_1.8.0/stm32cubeide/plugins/com.st.stm32cube.ide.mcu.externaltools.gnu-tools-for-stm32.9-2020-q2-update.win32_2.0.0.202105311346/tools/bin/../lib/gcc/arm-none-eabi/9.3.1/thumb/v8-m.main+fp/hard\libgcc.a(_aeabi_uldivmod.o)
 .debug_frame   0x0000000000002fe4       0x38 d:/programs/st/stm32cubeide_1.8.0/stm32cubeide/plugins/com.st.stm32cube.ide.mcu.externaltools.gnu-tools-for-stm32.9-2020-q2-update.win32_2.0.0.202105311346/tools/bin/../lib/gcc/arm-none-eabi/9.3.1/thumb/v8-m.main+fp/hard\libgcc.a(_udivmoddi4.o)
